Archive member included to satisfy reference by file (symbol)

/home/lasan-perera/st/stm32cubeide_2.1.1_3/plugins/com.st.stm32cube.ide.mcu.externaltools.gnu-tools-for-stm32.14.3.rel1.linux64_1.0.100.202602081740/tools/bin/../lib/gcc/arm-none-eabi/14.3.1/../../../../arm-none-eabi/lib/thumb/v7e-m+dp/hard/libc_nano.a(libc_a-exit.o)
                              /home/lasan-perera/st/stm32cubeide_2.1.1_3/plugins/com.st.stm32cube.ide.mcu.externaltools.gnu-tools-for-stm32.14.3.rel1.linux64_1.0.100.202602081740/tools/bin/../lib/gcc/arm-none-eabi/14.3.1/../../../../arm-none-eabi/lib/thumb/v7e-m+dp/hard/crt0.o (exit)
/home/lasan-perera/st/stm32cubeide_2.1.1_3/plugins/com.st.stm32cube.ide.mcu.externaltools.gnu-tools-for-stm32.14.3.rel1.linux64_1.0.100.202602081740/tools/bin/../lib/gcc/arm-none-eabi/14.3.1/../../../../arm-none-eabi/lib/thumb/v7e-m+dp/hard/libc_nano.a(libc_a-findfp.o)
                              /home/lasan-perera/st/stm32cubeide_2.1.1_3/plugins/com.st.stm32cube.ide.mcu.externaltools.gnu-tools-for-stm32.14.3.rel1.linux64_1.0.100.202602081740/tools/bin/../lib/gcc/arm-none-eabi/14.3.1/../../../../arm-none-eabi/lib/thumb/v7e-m+dp/hard/libc_nano.a(libc_a-exit.o) (__stdio_exit_handler)
/home/lasan-perera/st/stm32cubeide_2.1.1_3/plugins/com.st.stm32cube.ide.mcu.externaltools.gnu-tools-for-stm32.14.3.rel1.linux64_1.0.100.202602081740/tools/bin/../lib/gcc/arm-none-eabi/14.3.1/../../../../arm-none-eabi/lib/thumb/v7e-m+dp/hard/libc_nano.a(libc_a-fwalk.o)
                              /home/lasan-perera/st/stm32cubeide_2.1.1_3/plugins/com.st.stm32cube.ide.mcu.externaltools.gnu-tools-for-stm32.14.3.rel1.linux64_1.0.100.202602081740/tools/bin/../lib/gcc/arm-none-eabi/14.3.1/../../../../arm-none-eabi/lib/thumb/v7e-m+dp/hard/libc_nano.a(libc_a-findfp.o) (_fwalk_sglue)
/home/lasan-perera/st/stm32cubeide_2.1.1_3/plugins/com.st.stm32cube.ide.mcu.externaltools.gnu-tools-for-stm32.14.3.rel1.linux64_1.0.100.202602081740/tools/bin/../lib/gcc/arm-none-eabi/14.3.1/../../../../arm-none-eabi/lib/thumb/v7e-m+dp/hard/libc_nano.a(libc_a-stdio.o)
                              /home/lasan-perera/st/stm32cubeide_2.1.1_3/plugins/com.st.stm32cube.ide.mcu.externaltools.gnu-tools-for-stm32.14.3.rel1.linux64_1.0.100.202602081740/tools/bin/../lib/gcc/arm-none-eabi/14.3.1/../../../../arm-none-eabi/lib/thumb/v7e-m+dp/hard/libc_nano.a(libc_a-findfp.o) (__sread)
/home/lasan-perera/st/stm32cubeide_2.1.1_3/plugins/com.st.stm32cube.ide.mcu.externaltools.gnu-tools-for-stm32.14.3.rel1.linux64_1.0.100.202602081740/tools/bin/../lib/gcc/arm-none-eabi/14.3.1/../../../../arm-none-eabi/lib/thumb/v7e-m+dp/hard/libc_nano.a(libc_a-memset.o)
                              /home/lasan-perera/st/stm32cubeide_2.1.1_3/plugins/com.st.stm32cube.ide.mcu.externaltools.gnu-tools-for-stm32.14.3.rel1.linux64_1.0.100.202602081740/tools/bin/../lib/gcc/arm-none-eabi/14.3.1/../../../../arm-none-eabi/lib/thumb/v7e-m+dp/hard/crt0.o (memset)
/home/lasan-perera/st/stm32cubeide_2.1.1_3/plugins/com.st.stm32cube.ide.mcu.externaltools.gnu-tools-for-stm32.14.3.rel1.linux64_1.0.100.202602081740/tools/bin/../lib/gcc/arm-none-eabi/14.3.1/../../../../arm-none-eabi/lib/thumb/v7e-m+dp/hard/libc_nano.a(libc_a-closer.o)
                              /home/lasan-perera/st/stm32cubeide_2.1.1_3/plugins/com.st.stm32cube.ide.mcu.externaltools.gnu-tools-for-stm32.14.3.rel1.linux64_1.0.100.202602081740/tools/bin/../lib/gcc/arm-none-eabi/14.3.1/../../../../arm-none-eabi/lib/thumb/v7e-m+dp/hard/libc_nano.a(libc_a-stdio.o) (_close_r)
/home/lasan-perera/st/stm32cubeide_2.1.1_3/plugins/com.st.stm32cube.ide.mcu.externaltools.gnu-tools-for-stm32.14.3.rel1.linux64_1.0.100.202602081740/tools/bin/../lib/gcc/arm-none-eabi/14.3.1/../../../../arm-none-eabi/lib/thumb/v7e-m+dp/hard/libc_nano.a(libc_a-reent.o)
                              /home/lasan-perera/st/stm32cubeide_2.1.1_3/plugins/com.st.stm32cube.ide.mcu.externaltools.gnu-tools-for-stm32.14.3.rel1.linux64_1.0.100.202602081740/tools/bin/../lib/gcc/arm-none-eabi/14.3.1/../../../../arm-none-eabi/lib/thumb/v7e-m+dp/hard/libc_nano.a(libc_a-closer.o) (errno)
/home/lasan-perera/st/stm32cubeide_2.1.1_3/plugins/com.st.stm32cube.ide.mcu.externaltools.gnu-tools-for-stm32.14.3.rel1.linux64_1.0.100.202602081740/tools/bin/../lib/gcc/arm-none-eabi/14.3.1/../../../../arm-none-eabi/lib/thumb/v7e-m+dp/hard/libc_nano.a(libc_a-impure.o)
                              /home/lasan-perera/st/stm32cubeide_2.1.1_3/plugins/com.st.stm32cube.ide.mcu.externaltools.gnu-tools-for-stm32.14.3.rel1.linux64_1.0.100.202602081740/tools/bin/../lib/gcc/arm-none-eabi/14.3.1/../../../../arm-none-eabi/lib/thumb/v7e-m+dp/hard/libc_nano.a(libc_a-reent.o) (_impure_ptr)
/home/lasan-perera/st/stm32cubeide_2.1.1_3/plugins/com.st.stm32cube.ide.mcu.externaltools.gnu-tools-for-stm32.14.3.rel1.linux64_1.0.100.202602081740/tools/bin/../lib/gcc/arm-none-eabi/14.3.1/../../../../arm-none-eabi/lib/thumb/v7e-m+dp/hard/libc_nano.a(libc_a-lseekr.o)
[...]
Memory Configuration

Name             Origin             Length             Attributes
FLASH            0x08000000         0x00200000         xr
DTCMRAM          0x20000000         0x00020000         xrw
RAM_D1           0x24000000         0x00080000         xrw
RAM_D2           0x30000000         0x00048000         xrw
RAM_D3           0x38000000         0x00010000         xrw
ITCMRAM          0x00000000         0x00010000         xrw
*default*        0x00000000         0xffffffff

Linker script and memory map

LOAD /home/lasan-perera/st/stm32cubeide_2.1.1_3/plugins/com.st.stm32cube.ide.mcu.externaltools.gnu-tools-for-stm32.14.3.rel1.linux64_1.0.100.202602081740/tools/bin/../lib/gcc/arm-none-eabi/14.3.1/thumb/v7e-m+dp/hard/crti.o
LOAD /home/lasan-perera/st/stm32cubeide_2.1.1_3/plugins/com.st.stm32cube.ide.mcu.externaltools.gnu-tools-for-stm32.14.3.rel1.linux64_1.0.100.202602081740/tools/bin/../lib/gcc/arm-none-eabi/14.3.1/thumb/v7e-m+dp/hard/crtbegin.o
LOAD /home/lasan-perera/st/stm32cubeide_2.1.1_3/plugins/com.st.stm32cube.ide.mcu.externaltools.gnu-tools-for-stm32.14.3.rel1.linux64_1.0.100.202602081740/tools/bin/../lib/gcc/arm-none-eabi/14.3.1/../../../../arm-none-eabi/lib/thumb/v7e-m+dp/hard/crt0.o
LOAD ./Core/Src/main.o
LOAD ./Core/Src/stm32h7xx_hal_msp.o
LOAD ./Core/Src/stm32h7xx_it.o
LOAD ./Core/Src/syscalls.o
LOAD ./Core/Src/sysmem.o
LOAD ./Core/Src/system_stm32h7xx.o
LOAD ./Core/Startup/startup_stm32h743vitx.o
LOAD ./Drivers/STM32H7xx_HAL_Driver/Src/stm32h7xx_hal.o
LOAD ./Drivers/STM32H7xx_HAL_Driver/Src/stm32h7xx_hal_cortex.o
LOAD ./Drivers/STM32H7xx_HAL_Driver/Src/stm32h7xx_hal_dma.o
LOAD ./Drivers/STM32H7xx_HAL_Driver/Src/stm32h7xx_hal_dma_ex.o
LOAD ./Drivers/STM32H7xx_HAL_Driver/Src/stm32h7xx_hal_exti.o
LOAD ./Drivers/STM32H7xx_HAL_Driver/Src/stm32h7xx_hal_flash.o
LOAD ./Drivers/STM32H7xx_HAL_Driver/Src/stm32h7xx_hal_flash_ex.o
LOAD ./Drivers/STM32H7xx_HAL_Driver/Src/stm32h7xx_hal_gpio.o
LOAD ./Drivers/STM32H7xx_HAL_Driver/Src/stm32h7xx_hal_hsem.o
LOAD ./Drivers/STM32H7xx_HAL_Driver/Src/stm32h7xx_hal_i2c.o
LOAD ./Drivers/STM32H7xx_HAL_Driver/Src/stm32h7xx_hal_i2c_ex.o
LOAD ./Drivers/STM32H7xx_HAL_Driver/Src/stm32h7xx_hal_mdma.o
LOAD ./Drivers/STM32H7xx_HAL_Driver/Src/stm32h7xx_hal_pwr.o
LOAD ./Drivers/STM32H7xx_HAL_Driver/Src/stm32h7xx_hal_pwr_ex.o
LOAD ./Drivers/STM32H7xx_HAL_Driver/Src/stm32h7xx_hal_rcc.o
LOAD ./Drivers/STM32H7xx_HAL_Driver/Src/stm32h7xx_hal_rcc_ex.o
LOAD ./Drivers/STM32H7xx_HAL_Driver/Src/stm32h7xx_hal_tim.o
LOAD ./Drivers/STM32H7xx_HAL_Driver/Src/stm32h7xx_hal_tim_ex.o
START GROUP
LOAD /home/lasan-perera/st/stm32cubeide_2.1.1_3/plugins/com.st.stm32cube.ide.mcu.externaltools.gnu-tools-for-stm32.14.3.rel1.linux64_1.0.100.202602081740/tools/bin/../lib/gcc/arm-none-eabi/14.3.1/../../../../arm-none-eabi/lib/thumb/v7e-m+dp/hard/libc_nano.a
LOAD /home/lasan-perera/st/stm32cubeide_2.1.1_3/plugins/com.st.stm32cube.ide.mcu.externaltools.gnu-tools-for-stm32.14.3.rel1.linux64_1.0.100.202602081740/tools/bin/../lib/gcc/arm-none-eabi/14.3.1/../../../../arm-none-eabi/lib/thumb/v7e-m+dp/hard/libm.a
END GROUP
START GROUP
LOAD /home/lasan-perera/st/stm32cubeide_2.1.1_3/plugins/com.st.stm32cube.ide.mcu.externaltools.gnu-tools-for-stm32.14.3.rel1.linux64_1.0.100.202602081740/tools/bin/../lib/gcc/arm-none-eabi/14.3.1/thumb/v7e-m+dp/hard/libgcc.a
LOAD /home/lasan-perera/st/stm32cubeide_2.1.1_3/plugins/com.st.stm32cube.ide.mcu.externaltools.gnu-tools-for-stm32.14.3.rel1.linux64_1.0.100.202602081740/tools/bin/../lib/gcc/arm-none-eabi/14.3.1/../../../../arm-none-eabi/lib/thumb/v7e-m+dp/hard/libc_nano.a
END GROUP
START GROUP
LOAD /home/lasan-perera/st/stm32cubeide_2.1.1_3/plugins/com.st.stm32cube.ide.mcu.externaltools.gnu-tools-for-stm32.14.3.rel1.linux64_1.0.100.202602081740/tools/bin/../lib/gcc/arm-none-eabi/14.3.1/thumb/v7e-m+dp/hard/libgcc.a
LOAD /home/lasan-perera/st/stm32cubeide_2.1.1_3/plugins/com.st.stm32cube.ide.mcu.externaltools.gnu-tools-for-stm32.14.3.rel1.linux64_1.0.100.202602081740/tools/bin/../lib/gcc/arm-none-eabi/14.3.1/../../../../arm-none-eabi/lib/thumb/v7e-m+dp/hard/libc_nano.a
LOAD /home/lasan-perera/st/stm32cubeide_2.1.1_3/plugins/com.st.stm32cube.ide.mcu.externaltools.gnu-tools-for-stm32.14.3.rel1.linux64_1.0.100.202602081740/tools/bin/../lib/gcc/arm-none-eabi/14.3.1/../../../../arm-none-eabi/lib/thumb/v7e-m+dp/hard/libnosys.a
END GROUP
START GROUP
LOAD /home/lasan-perera/st/stm32cubeide_2.1.1_3/plugins/com.st.stm32cube.ide.mcu.externaltools.gnu-tools-for-stm32.14.3.rel1.linux64_1.0.100.202602081740/tools/bin/../lib/gcc/arm-none-eabi/14.3.1/thumb/v7e-m+dp/hard/libgcc.a
LOAD /home/lasan-perera/st/stm32cubeide_2.1.1_3/plugins/com.st.stm32cube.ide.mcu.externaltools.gnu-tools-for-stm32.14.3.rel1.linux64_1.0.100.202602081740/tools/bin/../lib/gcc/arm-none-eabi/14.3.1/../../../../arm-none-eabi/lib/thumb/v7e-m+dp/hard/libc_nano.a
LOAD /home/lasan-perera/st/stm32cubeide_2.1.1_3/plugins/com.st.stm32cube.ide.mcu.externaltools.gnu-tools-for-stm32.14.3.rel1.linux64_1.0.100.202602081740/tools/bin/../lib/gcc/arm-none-eabi/14.3.1/../../../../arm-none-eabi/lib/thumb/v7e-m+dp/hard/libnosys.a
END GROUP
LOAD /home/lasan-perera/st/stm32cubeide_2.1.1_3/plugins/com.st.stm32cube.ide.mcu.externaltools.gnu-tools-for-stm32.14.3.rel1.linux64_1.0.100.202602081740/tools/bin/../lib/gcc/arm-none-eabi/14.3.1/thumb/v7e-m+dp/hard/crtend.o
LOAD /home/lasan-perera/st/stm32cubeide_2.1.1_3/plugins/com.st.stm32cube.ide.mcu.externaltools.gnu-tools-for-stm32.14.3.rel1.linux64_1.0.100.202602081740/tools/bin/../lib/gcc/arm-none-eabi/14.3.1/thumb/v7e-m+dp/hard/crtn.o
                0x24080000                        _estack = (ORIGIN (RAM_D1) + LENGTH (RAM_D1))
                0x00000200                        _Min_Heap_Size = 0x200
                0x00000400                        _Min_Stack_Size = 0x400

.isr_vector     0x08000000      0x298
                0x08000000                        . = ALIGN (0x4)
 *(.isr_vector)
 .isr_vector    0x08000000      0x298 ./Core/Startup/startup_stm32h743vitx.o
                0x08000000                g_pfnVectors
                0x08000298                        . = ALIGN (0x4)

.text           0x08000298     0x2748
                0x08000298                        . = ALIGN (0x4)
 *(.text)
 .text          0x08000298       0x40 /home/lasan-perera/st/stm32cubeide_2.1.1_3/plugins/com.st.stm32cube.ide.mcu.externaltools.gnu-tools-for-stm32.14.3.rel1.linux64_1.0.100.202602081740/tools/bin/../lib/gcc/arm-none-eabi/14.3.1/thumb/v7e-m+dp/hard/crtbegin.o
 *(.text*)
 .text.main     0x080002d8       0x44 ./Core/Src/main.o
                0x080002d8                main
 .text.SystemClock_Config
                0x0800031c       0xfc ./Core/Src/main.o
                0x0800031c                SystemClock_Config
 .text.MX_TIM6_Init
                0x08000418       0x6c ./Core/Src/main.o
 .text.MX_GPIO_Init
                0x08000484      0x128 ./Core/Src/main.o
 .text.Stepper_Init
                0x080005ac       0x50 ./Core/Src/main.o
                0x080005ac                Stepper_Init
 .text.Stepper_Update
                0x080005fc      0x1b0 ./Core/Src/main.o
                0x080005fc                Stepper_Update
 .text.HAL_TIM_PeriodElapsedCallback
                0x080007ac       0x28 ./Core/Src/main.o
                0x080007ac                HAL_TIM_PeriodElapsedCallback
 .text.MPU_Config
                0x080007d4       0x58 ./Core/Src/main.o
 .text.Error_Handler
                0x0800082c        0xc ./Core/Src/main.o
                0x0800082c                Error_Handler
 .text.HAL_MspInit
                0x08000838       0x34 ./Core/Src/stm32h7xx_hal_msp.o
                0x08000838                HAL_MspInit
 .text.HAL_TIM_Base_MspInit
                0x0800086c       0x50 ./Core/Src/stm32h7xx_hal_msp.o
                0x0800086c                HAL_TIM_Base_MspInit
 .text.NMI_Handler
                0x080008bc        0x8 ./Core/Src/stm32h7xx_it.o
                0x080008bc                NMI_Handler
 .text.HardFault_Handler
                0x080008c4        0x8 ./Core/Src/stm32h7xx_it.o
                0x080008c4                HardFault_Handler
 .text.MemManage_Handler
                0x080008cc        0x8 ./Core/Src/stm32h7xx_it.o
                0x080008cc                MemManage_Handler
 .text.BusFault_Handler
                0x080008d4        0x8 ./Core/Src/stm32h7xx_it.o
                0x080008d4                BusFault_Handler
 .text.UsageFault_Handler
                0x080008dc        0x8 ./Core/Src/stm32h7xx_it.o
                0x080008dc                UsageFault_Handler
 .text.SVC_Handler
                0x080008e4        0xe ./Core/Src/stm32h7xx_it.o
                0x080008e4                SVC_Handler
 .text.DebugMon_Handler
                0x080008f2        0xe ./Core/Src/stm32h7xx_it.o
                0x080008f2                DebugMon_Handler
 .text.PendSV_Handler
                0x08000900        0xe ./Core/Src/stm32h7xx_it.o
                0x08000900                PendSV_Handler
 .text.SysTick_Handler
                0x0800090e        0xc ./Core/Src/stm32h7xx_it.o
                0x0800090e                SysTick_Handler
 *fill*         0x0800091a        0x2 
 .text.TIM6_DAC_IRQHandler
                0x0800091c       0x14 ./Core/Src/stm32h7xx_it.o
                0x0800091c                TIM6_DAC_IRQHandler
 .text.SystemInit
                0x08000930      0x140 ./Core/Src/system_stm32h7xx.o
                0x08000930                SystemInit
 .text.ExitRun0Mode
                0x08000a70       0x18 ./Core/Src/system_stm32h7xx.o
                0x08000a70                ExitRun0Mode
 .text.Reset_Handler
                0x08000a88       0x54 ./Core/Startup/startup_stm32h743vitx.o
                0x08000a88                Reset_Handler
 .text.Default_Handler
                0x08000adc        0x2 ./Core/Startup/startup_stm32h743vitx.o
                0x08000adc                RTC_Alarm_IRQHandler
                0x08000adc                EXTI2_IRQHandler
                0x08000adc                TIM8_CC_IRQHandler
                0x08000adc                HRTIM1_Master_IRQHandler
                0x08000adc                UART8_IRQHandler
                0x08000adc                SPI4_IRQHandler
                0x08000adc                TIM1_CC_IRQHandler
                0x08000adc                BDMA_Channel6_IRQHandler
                0x08000adc                DMA2_Stream5_IRQHandler
                0x08000adc                HRTIM1_FLT_IRQHandler
                0x08000adc                JPEG_IRQHandler
                0x08000adc                DMA1_Stream5_IRQHandler
                0x08000adc                BDMA_Channel1_IRQHandler
                0x08000adc                HRTIM1_TIMD_IRQHandler
                0x08000adc                TAMP_STAMP_IRQHandler
                0x08000adc                EXTI3_IRQHandler
                0x08000adc                LPTIM4_IRQHandler
                0x08000adc                TIM8_TRG_COM_TIM14_IRQHandler
                0x08000adc                LPTIM2_IRQHandler
                0x08000adc                DFSDM1_FLT1_IRQHandler
                0x08000adc                DMAMUX2_OVR_IRQHandler
                0x08000adc                TIM8_UP_TIM13_IRQHandler
                0x08000adc                I2C3_ER_IRQHandler
                0x08000adc                DFSDM1_FLT2_IRQHandler
                0x08000adc                MDMA_IRQHandler
                0x08000adc                LPTIM3_IRQHandler
                0x08000adc                HSEM1_IRQHandler
                0x08000adc                EXTI0_IRQHandler
                0x08000adc                I2C2_EV_IRQHandler
                0x08000adc                DMA1_Stream2_IRQHandler
                0x08000adc                FPU_IRQHandler
                0x08000adc                OTG_HS_WKUP_IRQHandler
                0x08000adc                FDCAN1_IT1_IRQHandler
                0x08000adc                LTDC_ER_IRQHandler
                0x08000adc                DMA2_Stream2_IRQHandler
                0x08000adc                HRTIM1_TIME_IRQHandler
                0x08000adc                SPI1_IRQHandler
                0x08000adc                DCMI_IRQHandler
                0x08000adc                HRTIM1_TIMC_IRQHandler
                0x08000adc                DMA2_Stream3_IRQHandler
                0x08000adc                SAI2_IRQHandler
                0x08000adc                DFSDM1_FLT3_IRQHandler
                0x08000adc                USART6_IRQHandler
                0x08000adc                TIM17_IRQHandler
                0x08000adc                USART3_IRQHandler
                0x08000adc                BDMA_Channel7_IRQHandler
                0x08000adc                LPTIM5_IRQHandler
                0x08000adc                UART5_IRQHandler
                0x08000adc                ADC3_IRQHandler
                0x08000adc                DMA2_Stream0_IRQHandler
                0x08000adc                TIM4_IRQHandler
                0x08000adc                BDMA_Channel2_IRQHandler
                0x08000adc                QUADSPI_IRQHandler
                0x08000adc                I2C1_EV_IRQHandler
                0x08000adc                DMA1_Stream6_IRQHandler
                0x08000adc                DMAMUX1_OVR_IRQHandler
                0x08000adc                DMA1_Stream1_IRQHandler
                0x08000adc                TIM16_IRQHandler
                0x08000adc                UART4_IRQHandler
                0x08000adc                BDMA_Channel5_IRQHandler
                0x08000adc                TIM3_IRQHandler
                0x08000adc                RCC_IRQHandler
                0x08000adc                TIM8_BRK_TIM12_IRQHandler
                0x08000adc                TIM1_TRG_COM_IRQHandler
                0x08000adc                Default_Handler
                0x08000adc                ECC_IRQHandler
                0x08000adc                CEC_IRQHandler
                0x08000adc                EXTI15_10_IRQHandler
                0x08000adc                BDMA_Channel0_IRQHandler
                0x08000adc                ADC_IRQHandler
                0x08000adc                DMA1_Stream7_IRQHandler
                0x08000adc                HRTIM1_TIMA_IRQHandler
                0x08000adc                SPI5_IRQHandler
                0x08000adc                TIM7_IRQHandler
                0x08000adc                SDMMC1_IRQHandler
                0x08000adc                TIM5_IRQHandler
                0x08000adc                DMA2_Stream7_IRQHandler
                0x08000adc                TIM15_IRQHandler
                0x08000adc                PVD_AVD_IRQHandler
                0x08000adc                I2C3_EV_IRQHandler
                0x08000adc                EXTI9_5_IRQHandler
                0x08000adc                RTC_WKUP_IRQHandler
                0x08000adc                LTDC_IRQHandler
                0x08000adc                SAI3_IRQHandler
                0x08000adc                ETH_WKUP_IRQHandler
                0x08000adc                SPDIF_RX_IRQHandler
                0x08000adc                SPI2_IRQHandler
                0x08000adc                OTG_HS_EP1_IN_IRQHandler
                0x08000adc                DMA1_Stream0_IRQHandler
                0x08000adc                CRS_IRQHandler
                0x08000adc                EXTI4_IRQHandler
                0x08000adc                RNG_IRQHandler
                0x08000adc                HRTIM1_TIMB_IRQHandler
                0x08000adc                FDCAN2_IT1_IRQHandler
                0x08000adc                ETH_IRQHandler
                0x08000adc                TIM1_UP_IRQHandler
                0x08000adc                BDMA_Channel4_IRQHandler
                0x08000adc                OTG_HS_EP1_OUT_IRQHandler
                0x08000adc                WWDG_IRQHandler
                0x08000adc                SPI6_IRQHandler
                0x08000adc                MDIOS_IRQHandler
                0x08000adc                I2C4_EV_IRQHandler
                0x08000adc                FDCAN2_IT0_IRQHandler
                0x08000adc                LPUART1_IRQHandler
                0x08000adc                FDCAN1_IT0_IRQHandler
                0x08000adc                TIM2_IRQHandler
                0x08000adc                OTG_FS_WKUP_IRQHandler
                0x08000adc                OTG_HS_IRQHandler
                0x08000adc                DMA2D_IRQHandler
                0x08000adc                TIM1_BRK_IRQHandler
                0x08000adc                EXTI1_IRQHandler
                0x08000adc                SDMMC2_IRQHandler
                0x08000adc                OTG_FS_EP1_OUT_IRQHandler
                0x08000adc                BDMA_Channel3_IRQHandler
                0x08000adc                UART7_IRQHandler
                0x08000adc                MDIOS_WKUP_IRQHandler
                0x08000adc                USART2_IRQHandler
                0x08000adc                DFSDM1_FLT0_IRQHandler
                0x08000adc                SAI4_IRQHandler
                0x08000adc                I2C2_ER_IRQHandler
                0x08000adc                DMA2_Stream1_IRQHandler
                0x08000adc                FLASH_IRQHandler
                0x08000adc                DMA2_Stream4_IRQHandler
                0x08000adc                USART1_IRQHandler
                0x08000adc                OTG_FS_IRQHandler
                0x08000adc                SPI3_IRQHandler
                0x08000adc                WAKEUP_PIN_IRQHandler
                0x08000adc                DMA1_Stream4_IRQHandler
                0x08000adc                OTG_FS_EP1_IN_IRQHandler
                0x08000adc                I2C1_ER_IRQHandler
                0x08000adc                FMC_IRQHandler
                0x08000adc                FDCAN_CAL_IRQHandler
                0x08000adc                SWPMI1_IRQHandler
                0x08000adc                COMP1_IRQHandler
                0x08000adc                LPTIM1_IRQHandler
                0x08000adc                I2C4_ER_IRQHandler
                0x08000adc                DMA2_Stream6_IRQHandler
                0x08000adc                SAI1_IRQHandler
                0x08000adc                DMA1_Stream3_IRQHandler
 *fill*         0x08000ade        0x2 
 .text.HAL_Init
                0x08000ae0       0x78 ./Drivers/STM32H7xx_HAL_Driver/Src/stm32h7xx_hal.o
                0x08000ae0                HAL_Init
 .text.HAL_InitTick
                0x08000b58       0x6c ./Drivers/STM32H7xx_HAL_Driver/Src/stm32h7xx_hal.o
                0x08000b58                HAL_InitTick
 .text.HAL_IncTick
                0x08000bc4       0x28 ./Drivers/STM32H7xx_HAL_Driver/Src/stm32h7xx_hal.o
                0x08000bc4                HAL_IncTick
 .text.HAL_GetTick
                0x08000bec       0x18 ./Drivers/STM32H7xx_HAL_Driver/Src/stm32h7xx_hal.o
                0x08000bec                HAL_GetTick
 .text.HAL_Delay
                0x08000c04       0x48 ./Drivers/STM32H7xx_HAL_Driver/Src/stm32h7xx_hal.o
                0x08000c04                HAL_Delay
 .text.HAL_GetREVID
                0x08000c4c       0x18 ./Drivers/STM32H7xx_HAL_Driver/Src/stm32h7xx_hal.o
                0x08000c4c                HAL_GetREVID
 .text.__NVIC_SetPriorityGrouping
                0x08000c64       0x48 ./Drivers/STM32H7xx_HAL_Driver/Src/stm32h7xx_hal_cortex.o
 .text.__NVIC_GetPriorityGrouping
                0x08000cac       0x1c ./Drivers/STM32H7xx_HAL_Driver/Src/stm32h7xx_hal_cortex.o
 .text.__NVIC_EnableIRQ
                0x08000cc8       0x3c ./Drivers/STM32H7xx_HAL_Driver/Src/stm32h7xx_hal_cortex.o
 .text.__NVIC_SetPriority
                0x08000d04       0x54 ./Drivers/STM32H7xx_HAL_Driver/Src/stm32h7xx_hal_cortex.o
 .text.NVIC_EncodePriority
                0x08000d58       0x66 ./Drivers/STM32H7xx_HAL_Driver/Src/stm32h7xx_hal_cortex.o
 *fill*         0x08000dbe        0x2 
 .text.SysTick_Config
                0x08000dc0       0x44 ./Drivers/STM32H7xx_HAL_Driver/Src/stm32h7xx_hal_cortex.o
 .text.HAL_NVIC_SetPriorityGrouping
                0x08000e04       0x16 ./Drivers/STM32H7xx_HAL_Driver/Src/stm32h7xx_hal_cortex.o
                0x08000e04                HAL_NVIC_SetPriorityGrouping
 .text.HAL_NVIC_SetPriority
                0x08000e1a       0x34 ./Drivers/STM32H7xx_HAL_Driver/Src/stm32h7xx_hal_cortex.o
                0x08000e1a                HAL_NVIC_SetPriority
 .text.HAL_NVIC_EnableIRQ
                0x08000e4e       0x1c ./Drivers/STM32H7xx_HAL_Driver/Src/stm32h7xx_hal_cortex.o
                0x08000e4e                HAL_NVIC_EnableIRQ
 .text.HAL_SYSTICK_Config
                0x08000e6a       0x18 ./Drivers/STM32H7xx_HAL_Driver/Src/stm32h7xx_hal_cortex.o
                0x08000e6a                HAL_SYSTICK_Config
 *fill*         0x08000e82        0x2 
 .text.HAL_MPU_Disable
                0x08000e84       0x30 ./Drivers/STM32H7xx_HAL_Driver/Src/stm32h7xx_hal_cortex.o
                0x08000e84                HAL_MPU_Disable
 .text.HAL_MPU_Enable
                0x08000eb4       0x40 ./Drivers/STM32H7xx_HAL_Driver/Src/stm32h7xx_hal_cortex.o
                0x08000eb4                HAL_MPU_Enable
 .text.HAL_MPU_ConfigRegion
                0x08000ef4       0x80 ./Drivers/STM32H7xx_HAL_Driver/Src/stm32h7xx_hal_cortex.o
                0x08000ef4                HAL_MPU_ConfigRegion
 .text.HAL_GPIO_Init
                0x08000f74      0x374 ./Drivers/STM32H7xx_HAL_Driver/Src/stm32h7xx_hal_gpio.o
                0x08000f74                HAL_GPIO_Init
 .text.HAL_GPIO_WritePin
                0x080012e8       0x32 ./Drivers/STM32H7xx_HAL_Driver/Src/stm32h7xx_hal_gpio.o
                0x080012e8                HAL_GPIO_WritePin
 .text.HAL_GPIO_TogglePin
                0x0800131a       0x34 ./Drivers/STM32H7xx_HAL_Driver/Src/stm32h7xx_hal_gpio.o
                0x0800131a                HAL_GPIO_TogglePin
 *fill*         0x0800134e        0x2 
 .text.HAL_PWREx_ConfigSupply
                0x08001350       0x74 ./Drivers/STM32H7xx_HAL_Driver/Src/stm32h7xx_hal_pwr_ex.o
                0x08001350                HAL_PWREx_ConfigSupply
 .text.HAL_RCC_OscConfig
                0x080013c4      0x8b4 ./Drivers/STM32H7xx_HAL_Driver/Src/stm32h7xx_hal_rcc.o
                0x080013c4                HAL_RCC_OscConfig
 .text.HAL_RCC_ClockConfig
                0x08001c78      0x36c ./Drivers/STM32H7xx_HAL_Driver/Src/stm32h7xx_hal_rcc.o
                0x08001c78                HAL_RCC_ClockConfig
 .text.HAL_RCC_GetSysClockFreq
                0x08001fe4      0x2f4 ./Drivers/STM32H7xx_HAL_Driver/Src/stm32h7xx_hal_rcc.o
                0x08001fe4                HAL_RCC_GetSysClockFreq
 .text.HAL_TIM_Base_Init
                0x080022d8       0xae ./Drivers/STM32H7xx_HAL_Driver/Src/stm32h7xx_hal_tim.o
                0x080022d8                HAL_TIM_Base_Init
 *fill*         0x08002386        0x2 
 .text.HAL_TIM_Base_Start_IT
                0x08002388       0xf0 ./Drivers/STM32H7xx_HAL_Driver/Src/stm32h7xx_hal_tim.o
                0x08002388                HAL_TIM_Base_Start_IT
 .text.HAL_TIM_IRQHandler
                0x08002478      0x20e ./Drivers/STM32H7xx_HAL_Driver/Src/stm32h7xx_hal_tim.o
                0x08002478                HAL_TIM_IRQHandler
 .text.HAL_TIM_OC_DelayElapsedCallback
                0x08002686       0x14 ./Drivers/STM32H7xx_HAL_Driver/Src/stm32h7xx_hal_tim.o
                0x08002686                HAL_TIM_OC_DelayElapsedCallback
 .text.HAL_TIM_IC_CaptureCallback
                0x0800269a       0x14 ./Drivers/STM32H7xx_HAL_Driver/Src/stm32h7xx_hal_tim.o
                0x0800269a                HAL_TIM_IC_CaptureCallback
 .text.HAL_TIM_PWM_PulseFinishedCallback
                0x080026ae       0x14 ./Drivers/STM32H7xx_HAL_Driver/Src/stm32h7xx_hal_tim.o
                0x080026ae                HAL_TIM_PWM_PulseFinishedCallback
 .text.HAL_TIM_TriggerCallback
                0x080026c2       0x14 ./Drivers/STM32H7xx_HAL_Driver/Src/stm32h7xx_hal_tim.o
                0x080026c2                HAL_TIM_TriggerCallback
 *fill*         0x080026d6        0x2 
 .text.TIM_Base_SetConfig
                0x080026d8      0x140 ./Drivers/STM32H7xx_HAL_Driver/Src/stm32h7xx_hal_tim.o
                0x080026d8                TIM_Base_SetConfig
 .text.HAL_TIMEx_MasterConfigSynchronization
                0x08002818      0x11c ./Drivers/STM32H7xx_HAL_Driver/Src/stm32h7xx_hal_tim_ex.o
                0x08002818                HAL_TIMEx_MasterConfigSynchronization
 .text.HAL_TIMEx_CommutCallback
                0x08002934       0x14 ./Drivers/STM32H7xx_HAL_Driver/Src/stm32h7xx_hal_tim_ex.o
                0x08002934                HAL_TIMEx_CommutCallback
 .text.HAL_TIMEx_BreakCallback
                0x08002948       0x14 ./Drivers/STM32H7xx_HAL_Driver/Src/stm32h7xx_hal_tim_ex.o
                0x08002948                HAL_TIMEx_BreakCallback
 .text.HAL_TIMEx_Break2Callback
                0x0800295c       0x14 ./Drivers/STM32H7xx_HAL_Driver/Src/stm32h7xx_hal_tim_ex.o
                0x0800295c                HAL_TIMEx_Break2Callback
 .text.memset   0x08002970       0x10 /home/lasan-perera/st/stm32cubeide_2.1.1_3/plugins/com.st.stm32cube.ide.mcu.externaltools.gnu-tools-for-stm32.14.3.rel1.linux64_1.0.100.202602081740/tools/bin/../lib/gcc/arm-none-eabi/14.3.1/../../../../arm-none-eabi/lib/thumb/v7e-m+dp/hard/libc_nano.a(libc_a-memset.o)
                0x08002970                memset
 .text.__libc_init_array
                0x08002980       0x48 /home/lasan-perera/st/stm32cubeide_2.1.1_3/plugins/com.st.stm32cube.ide.mcu.externaltools.gnu-tools-for-stm32.14.3.rel1.linux64_1.0.100.202602081740/tools/bin/../lib/gcc/arm-none-eabi/14.3.1/../../../../arm-none-eabi/lib/thumb/v7e-m+dp/hard/libc_nano.a(libc_a-init.o)
                0x08002980                __libc_init_array
 *(.glue_7)
 .glue_7        0x080029c8        0x0 linker stubs
 *(.glue_7t)
 .glue_7t       0x080029c8        0x0 linker stubs
 *(.eh_frame)
 .eh_frame      0x080029c8        0x0 /home/lasan-perera/st/stm32cubeide_2.1.1_3/plugins/com.st.stm32cube.ide.mcu.externaltools.gnu-tools-for-stm32.14.3.rel1.linux64_1.0.100.202602081740/tools/bin/../lib/gcc/arm-none-eabi/14.3.1/thumb/v7e-m+dp/hard/crtbegin.o
 *(.init)
 .init          0x080029c8        0x4 /home/lasan-perera/st/stm32cubeide_2.1.1_3/plugins/com.st.stm32cube.ide.mcu.externaltools.gnu-tools-for-stm32.14.3.rel1.linux64_1.0.100.202602081740/tools/bin/../lib/gcc/arm-none-eabi/14.3.1/thumb/v7e-m+dp/hard/crti.o
                0x080029c8                _init
 .init          0x080029cc        0x8 /home/lasan-perera/st/stm32cubeide_2.1.1_3/plugins/com.st.stm32cube.ide.mcu.externaltools.gnu-tools-for-stm32.14.3.rel1.linux64_1.0.100.202602081740/tools/bin/../lib/gcc/arm-none-eabi/14.3.1/thumb/v7e-m+dp/hard/crtn.o
 *(.fini)
 .fini          0x080029d4        0x4 /home/lasan-perera/st/stm32cubeide_2.1.1_3/plugins/com.st.stm32cube.ide.mcu.externaltools.gnu-tools-for-stm32.14.3.rel1.linux64_1.0.100.202602081740/tools/bin/../lib/gcc/arm-none-eabi/14.3.1/thumb/v7e-m+dp/hard/crti.o
                0x080029d4                _fini
 .fini          0x080029d8        0x8 /home/lasan-perera/st/stm32cubeide_2.1.1_3/plugins/com.st.stm32cube.ide.mcu.externaltools.gnu-tools-for-stm32.14.3.rel1.linux64_1.0.100.202602081740/tools/bin/../lib/gcc/arm-none-eabi/14.3.1/thumb/v7e-m+dp/hard/crtn.o
                0x080029e0                        . = ALIGN (0x4)
                0x080029e0                        _etext = .

.vfp11_veneer   0x080029e0        0x0
 .vfp11_veneer  0x080029e0        0x0 linker stubs

.v4_bx          0x080029e0        0x0
 .v4_bx         0x080029e0        0x0 linker stubs

.iplt           0x080029e0        0x0
 .iplt          0x080029e0        0x0 /home/lasan-perera/st/stm32cubeide_2.1.1_3/plugins/com.st.stm32cube.ide.mcu.externaltools.gnu-tools-for-stm32.14.3.rel1.linux64_1.0.100.202602081740/tools/bin/../lib/gcc/arm-none-eabi/14.3.1/thumb/v7e-m+dp/hard/crtbegin.o

.rodata         0x080029e0       0x10
                0x080029e0                        . = ALIGN (0x4)
 *(.rodata)
 *(.rodata*)
 .rodata.D1CorePrescTable
                0x080029e0       0x10 ./Core/Src/system_stm32h7xx.o
                0x080029e0                D1CorePrescTable
                0x080029f0                        . = ALIGN (0x4)

.ARM.extab
 *(.ARM.extab* .gnu.linkonce.armextab.*)

.ARM            0x080029f0        0x0
                0x080029f0                        __exidx_start = .
 *(.ARM.exidx*)
                0x080029f0                        __exidx_end = .

.preinit_array  0x080029f0        0x0
                0x080029f0                        PROVIDE (__preinit_array_start = .)
 *(.preinit_array*)
                0x080029f0                        PROVIDE (__preinit_array_end = .)

.init_array     0x080029f0        0x4
                0x080029f0                        PROVIDE (__init_array_start = .)
 *(SORT_BY_NAME(.init_array.*))
 *(.init_array*)
 .init_array    0x080029f0        0x4 /home/lasan-perera/st/stm32cubeide_2.1.1_3/plugins/com.st.stm32cube.ide.mcu.externaltools.gnu-tools-for-stm32.14.3.rel1.linux64_1.0.100.202602081740/tools/bin/../lib/gcc/arm-none-eabi/14.3.1/thumb/v7e-m+dp/hard/crtbegin.o
                0x080029f4                        PROVIDE (__init_array_end = .)

.fini_array     0x080029f4        0x4
                [!provide]                        PROVIDE (__fini_array_start = .)
 *(SORT_BY_NAME(.fini_array.*))
 *(.fini_array*)
 .fini_array    0x080029f4        0x4 /home/lasan-perera/st/stm32cubeide_2.1.1_3/plugins/com.st.stm32cube.ide.mcu.externaltools.gnu-tools-for-stm32.14.3.rel1.linux64_1.0.100.202602081740/tools/bin/../lib/gcc/arm-none-eabi/14.3.1/thumb/v7e-m+dp/hard/crtbegin.o
                [!provide]                        PROVIDE (__fini_array_end = .)
                0x080029f8                        _sidata = LOADADDR (.data)

.rel.dyn        0x080029f8        0x0
 .rel.iplt      0x080029f8        0x0 /home/lasan-perera/st/stm32cubeide_2.1.1_3/plugins/com.st.stm32cube.ide.mcu.externaltools.gnu-tools-for-stm32.14.3.rel1.linux64_1.0.100.202602081740/tools/bin/../lib/gcc/arm-none-eabi/14.3.1/thumb/v7e-m+dp/hard/crtbegin.o

.data           0x24000000       0x10 load address 0x080029f8
                0x24000000                        . = ALIGN (0x4)
                0x24000000                        _sdata = .
 *(.data)
 *(.data*)
 .data.SystemCoreClock
                0x24000000        0x4 ./Core/Src/system_stm32h7xx.o
                0x24000000                SystemCoreClock
 .data.SystemD2Clock
                0x24000004        0x4 ./Core/Src/system_stm32h7xx.o
                0x24000004                SystemD2Clock
 .data.uwTickPrio
                0x24000008        0x4 ./Drivers/STM32H7xx_HAL_Driver/Src/stm32h7xx_hal.o
                0x24000008                uwTickPrio
 .data.uwTickFreq
                0x2400000c        0x1 ./Drivers/STM32H7xx_HAL_Driver/Src/stm32h7xx_hal.o
                0x2400000c                uwTickFreq
 *(.RamFunc)
 *(.RamFunc*)
                0x24000010                        . = ALIGN (0x4)
 *fill*         0x2400000d        0x3 
                0x24000010                        _edata = .

.igot.plt       0x24000010        0x0 load address 0x08002a08
 .igot.plt      0x24000010        0x0 /home/lasan-perera/st/stm32cubeide_2.1.1_3/plugins/com.st.stm32cube.ide.mcu.externaltools.gnu-tools-for-stm32.14.3.rel1.linux64_1.0.100.202602081740/tools/bin/../lib/gcc/arm-none-eabi/14.3.1/thumb/v7e-m+dp/hard/crtbegin.o
                0x24000010                        . = ALIGN (0x4)

.bss            0x24000010       0x88 load address 0x08002a08
                0x24000010                        _sbss = .
                0x24000010                        __bss_start__ = _sbss
 *(.bss)
 .bss           0x24000010       0x1c /home/lasan-perera/st/stm32cubeide_2.1.1_3/plugins/com.st.stm32cube.ide.mcu.externaltools.gnu-tools-for-stm32.14.3.rel1.linux64_1.0.100.202602081740/tools/bin/../lib/gcc/arm-none-eabi/14.3.1/thumb/v7e-m+dp/hard/crtbegin.o
 *(.bss*)
 .bss.htim6     0x2400002c       0x4c ./Core/Src/main.o
                0x2400002c                htim6
 .bss.motor1    0x24000078       0x1c ./Core/Src/main.o
                0x24000078                motor1
 .bss.uwTick    0x24000094        0x4 ./Drivers/STM32H7xx_HAL_Driver/Src/stm32h7xx_hal.o
                0x24000094                uwTick
 *(COMMON)
                0x24000098                        . = ALIGN (0x4)
                0x24000098                        _ebss = .
                0x24000098                        __bss_end__ = _ebss

._user_heap_stack
                0x24000098      0x600 load address 0x08002a08
                0x24000098                        . = ALIGN (0x8)
                [!provide]                        PROVIDE (end = .)
                0x24000098                        PROVIDE (_end = .)
                0x24000298                        . = (. + _Min_Heap_Size)
 *fill*         0x24000098      0x200 
                0x24000698                        . = (. + _Min_Stack_Size)
 *fill*         0x24000298      0x400 
                0x24000698                        . = ALIGN (0x8)

/DISCARD/
 libc.a(*)
 libm.a(*)
 libgcc.a(*)

.ARM.attributes
                0x00000000       0x2e
 *(.ARM.attributes)
 .ARM.attributes
                0x00000000       0x20 /home/lasan-perera/st/stm32cubeide_2.1.1_3/plugins/com.st.stm32cube.ide.mcu.externaltools.gnu-tools-for-stm32.14.3.rel1.linux64_1.0.100.202602081740/tools/bin/../lib/gcc/arm-none-eabi/14.3.1/thumb/v7e-m+dp/hard/crti.o
 .ARM.attributes
                0x00000020       0x32 /home/lasan-perera/st/stm32cubeide_2.1.1_3/plugins/com.st.stm32cube.ide.mcu.externaltools.gnu-tools-for-stm32.14.3.rel1.linux64_1.0.100.202602081740/tools/bin/../lib/gcc/arm-none-eabi/14.3.1/thumb/v7e-m+dp/hard/crtbegin.o
 .ARM.attributes
                0x00000052       0x32 ./Core/Src/main.o
 .ARM.attributes
                0x00000084       0x32 ./Core/Src/stm32h7xx_hal_msp.o
 .ARM.attributes
                0x000000b6       0x32 ./Core/Src/stm32h7xx_it.o
 .ARM.attributes
                0x000000e8       0x32 ./Core/Src/system_stm32h7xx.o
 .ARM.attributes
                0x0000011a       0x21 ./Core/Startup/startup_stm32h743vitx.o
 .ARM.attributes
                0x0000013b       0x32 ./Drivers/STM32H7xx_HAL_Driver/Src/stm32h7xx_hal.o
 .ARM.attributes
                0x0000016d       0x32 ./Drivers/STM32H7xx_HAL_Driver/Src/stm32h7xx_hal_cortex.o
 .ARM.attributes
                0x0000019f       0x32 ./Drivers/STM32H7xx_HAL_Driver/Src/stm32h7xx_hal_gpio.o
 .ARM.attributes
                0x000001d1       0x32 ./Drivers/STM32H7xx_HAL_Driver/Src/stm32h7xx_hal_pwr_ex.o
 .ARM.attributes
                0x00000203       0x32 ./Drivers/STM32H7xx_HAL_Driver/Src/stm32h7xx_hal_rcc.o
 .ARM.attributes
                0x00000235       0x32 ./Drivers/STM32H7xx_HAL_Driver/Src/stm32h7xx_hal_tim.o
 .ARM.attributes
                0x00000267       0x32 ./Drivers/STM32H7xx_HAL_Driver/Src/stm32h7xx_hal_tim_ex.o
 .ARM.attributes
                0x00000299       0x32 /home/lasan-perera/st/stm32cubeide_2.1.1_3/plugins/com.st.stm32cube.ide.mcu.externaltools.gnu-tools-for-stm32.14.3.rel1.linux64_1.0.100.202602081740/tools/bin/../lib/gcc/arm-none-eabi/14.3.1/../../../../arm-none-eabi/lib/thumb/v7e-m+dp/hard/libc_nano.a(libc_a-memset.o)
 .ARM.attributes
                0x000002cb       0x32 /home/lasan-perera/st/stm32cubeide_2.1.1_3/plugins/com.st.stm32cube.ide.mcu.externaltools.gnu-tools-for-stm32.14.3.rel1.linux64_1.0.100.202602081740/tools/bin/../lib/gcc/arm-none-eabi/14.3.1/../../../../arm-none-eabi/lib/thumb/v7e-m+dp/hard/libc_nano.a(libc_a-init.o)
 .ARM.attributes
                0x000002fd       0x20 /home/lasan-perera/st/stm32cubeide_2.1.1_3/plugins/com.st.stm32cube.ide.mcu.externaltools.gnu-tools-for-stm32.14.3.rel1.linux64_1.0.100.202602081740/tools/bin/../lib/gcc/arm-none-eabi/14.3.1/thumb/v7e-m+dp/hard/crtn.o
OUTPUT(NeuralNexusArm1.0.elf elf32-littlearm)
LOAD linker stubs
LOAD /home/lasan-perera/st/stm32cubeide_2.1.1_3/plugins/com.st.stm32cube.ide.mcu.externaltools.gnu-tools-for-stm32.14.3.rel1.linux64_1.0.100.202602081740/tools/bin/../lib/gcc/arm-none-eabi/14.3.1/../../../../arm-none-eabi/lib/thumb/v7e-m+dp/hard/libc.a
LOAD /home/lasan-perera/st/stm32cubeide_2.1.1_3/plugins/com.st.stm32cube.ide.mcu.externaltools.gnu-tools-for-stm32.14.3.rel1.linux64_1.0.100.202602081740/tools/bin/../lib/gcc/arm-none-eabi/14.3.1/../../../../arm-none-eabi/lib/thumb/v7e-m+dp/hard/libm.a
LOAD /home/lasan-perera/st/stm32cubeide_2.1.1_3/plugins/com.st.stm32cube.ide.mcu.externaltools.gnu-tools-for-stm32.14.3.rel1.linux64_1.0.100.202602081740/tools/bin/../lib/gcc/arm-none-eabi/14.3.1/thumb/v7e-m+dp/hard/libgcc.a

.debug_info     0x00000000     0xcfff
 .debug_info    0x00000000     0x15fd ./Core/Src/main.o
 .debug_info    0x000015fd      0xf73 ./Core/Src/stm32h7xx_hal_msp.o
 .debug_info    0x00002570      0x81d ./Core/Src/stm32h7xx_it.o
 .debug_info    0x00002d8d      0xdc1 ./Core/Src/system_stm32h7xx.o
 .debug_info    0x00003b4e       0x30 ./Core/Startup/startup_stm32h743vitx.o
 .debug_info    0x00003b7e     0x153b ./Drivers/STM32H7xx_HAL_Driver/Src/stm32h7xx_hal.o
 .debug_info    0x000050b9     0x10be ./Drivers/STM32H7xx_HAL_Driver/Src/stm32h7xx_hal_cortex.o
 .debug_info    0x00006177      0xc5a ./Drivers/STM32H7xx_HAL_Driver/Src/stm32h7xx_hal_gpio.o
 .debug_info    0x00006dd1     0x1021 ./Drivers/STM32H7xx_HAL_Driver/Src/stm32h7xx_hal_pwr_ex.o
 .debug_info    0x00007df2      0xe74 ./Drivers/STM32H7xx_HAL_Driver/Src/stm32h7xx_hal_rcc.o
 .debug_info    0x00008c66     0x2bae ./Drivers/STM32H7xx_HAL_Driver/Src/stm32h7xx_hal_tim.o
 .debug_info    0x0000b814     0x17eb ./Drivers/STM32H7xx_HAL_Driver/Src/stm32h7xx_hal_tim_ex.o

.debug_abbrev   0x00000000     0x1a32
 .debug_abbrev  0x00000000      0x31f ./Core/Src/main.o
 .debug_abbrev  0x0000031f      0x1c1 ./Core/Src/stm32h7xx_hal_msp.o
 .debug_abbrev  0x000004e0      0x190 ./Core/Src/stm32h7xx_it.o
 .debug_abbrev  0x00000670      0x165 ./Core/Src/system_stm32h7xx.o
 .debug_abbrev  0x000007d5       0x24 ./Core/Startup/startup_stm32h743vitx.o
 .debug_abbrev  0x000007f9      0x295 ./Drivers/STM32H7xx_HAL_Driver/Src/stm32h7xx_hal.o
 .debug_abbrev  0x00000a8e      0x339 ./Drivers/STM32H7xx_HAL_Driver/Src/stm32h7xx_hal_cortex.o
 .debug_abbrev  0x00000dc7      0x205 ./Drivers/STM32H7xx_HAL_Driver/Src/stm32h7xx_hal_gpio.o
 .debug_abbrev  0x00000fcc      0x2a7 ./Drivers/STM32H7xx_HAL_Driver/Src/stm32h7xx_hal_pwr_ex.o
 .debug_abbrev  0x00001273      0x2c8 ./Drivers/STM32H7xx_HAL_Driver/Src/stm32h7xx_hal_rcc.o
 .debug_abbrev  0x0000153b      0x276 ./Drivers/STM32H7xx_HAL_Driver/Src/stm32h7xx_hal_tim.o
 .debug_abbrev  0x000017b1      0x281 ./Drivers/STM32H7xx_HAL_Driver/Src/stm32h7xx_hal_tim_ex.o

.debug_aranges  0x00000000      0xbb8
 .debug_aranges
                0x00000000       0x60 ./Core/Src/main.o
 .debug_aranges
                0x00000060       0x30 ./Core/Src/stm32h7xx_hal_msp.o
 .debug_aranges
                0x00000090       0x68 ./Core/Src/stm32h7xx_it.o
 .debug_aranges
                0x000000f8       0x30 ./Core/Src/system_stm32h7xx.o
 .debug_aranges
                0x00000128       0x28 ./Core/Startup/startup_stm32h743vitx.o
 .debug_aranges
                0x00000150      0x198 ./Drivers/STM32H7xx_HAL_Driver/Src/stm32h7xx_hal.o
 .debug_aranges
                0x000002e8      0x130 ./Drivers/STM32H7xx_HAL_Driver/Src/stm32h7xx_hal_cortex.o
 .debug_aranges
                0x00000418       0x58 ./Drivers/STM32H7xx_HAL_Driver/Src/stm32h7xx_hal_gpio.o
 .debug_aranges
                0x00000470      0x158 ./Drivers/STM32H7xx_HAL_Driver/Src/stm32h7xx_hal_pwr_ex.o
 .debug_aranges
                0x000005c8       0x88 ./Drivers/STM32H7xx_HAL_Driver/Src/stm32h7xx_hal_rcc.o
 .debug_aranges
                0x00000650      0x3e0 ./Drivers/STM32H7xx_HAL_Driver/Src/stm32h7xx_hal_tim.o
 .debug_aranges
                0x00000a30      0x188 ./Drivers/STM32H7xx_HAL_Driver/Src/stm32h7xx_hal_tim_ex.o

.debug_rnglists
                0x00000000      0x90e
 .debug_rnglists
                0x00000000       0x46 ./Core/Src/main.o
 .debug_rnglists
                0x00000046       0x1f ./Core/Src/stm32h7xx_hal_msp.o
 .debug_rnglists
                0x00000065       0x49 ./Core/Src/stm32h7xx_it.o
 .debug_rnglists
                0x000000ae       0x21 ./Core/Src/system_stm32h7xx.o
 .debug_rnglists
                0x000000cf       0x19 ./Core/Startup/startup_stm32h743vitx.o
 .debug_rnglists
                0x000000e8      0x131 ./Drivers/STM32H7xx_HAL_Driver/Src/stm32h7xx_hal.o
 .debug_rnglists
                0x00000219       0xe0 ./Drivers/STM32H7xx_HAL_Driver/Src/stm32h7xx_hal_cortex.o
 .debug_rnglists
                0x000002f9       0x3f ./Drivers/STM32H7xx_HAL_Driver/Src/stm32h7xx_hal_gpio.o
 .debug_rnglists
                0x00000338      0x103 ./Drivers/STM32H7xx_HAL_Driver/Src/stm32h7xx_hal_pwr_ex.o
 .debug_rnglists
                0x0000043b       0x68 ./Drivers/STM32H7xx_HAL_Driver/Src/stm32h7xx_hal_rcc.o
 .debug_rnglists
                0x000004a3      0x32c ./Drivers/STM32H7xx_HAL_Driver/Src/stm32h7xx_hal_tim.o
 .debug_rnglists
                0x000007cf      0x13f ./Drivers/STM32H7xx_HAL_Driver/Src/stm32h7xx_hal_tim_ex.o

.debug_macro    0x00000000    0x35bd8
 .debug_macro   0x00000000      0x2ae ./Core/Src/main.o
 .debug_macro   0x000002ae      0xaf6 ./Core/Src/main.o
 .debug_macro   0x00000da4      0x232 ./Core/Src/main.o
 .debug_macro   0x00000fd6       0x2e ./Core/Src/main.o
 .debug_macro   0x00001004       0x3b ./Core/Src/main.o
 .debug_macro   0x0000103f       0x22 ./Core/Src/main.o
 .debug_macro   0x00001061       0x8e ./Core/Src/main.o
 .debug_macro   0x000010ef       0x51 ./Core/Src/main.o
 .debug_macro   0x00001140      0x103 ./Core/Src/main.o
 .debug_macro   0x00001243       0x6a ./Core/Src/main.o
 .debug_macro   0x000012ad      0x1df ./Core/Src/main.o
 .debug_macro   0x0000148c       0x1c ./Core/Src/main.o
 .debug_macro   0x000014a8       0x22 ./Core/Src/main.o
 .debug_macro   0x000014ca       0xfb ./Core/Src/main.o
 .debug_macro   0x000015c5     0x1313 ./Core/Src/main.o
 .debug_macro   0x000028d8      0x11f ./Core/Src/main.o
 .debug_macro   0x000029f7       0x22 ./Core/Src/main.o
 .debug_macro   0x00002a19    0x25bb3 ./Core/Src/main.o
 .debug_macro   0x000285cc       0x6d ./Core/Src/main.o
 .debug_macro   0x00028639     0x3d79 ./Core/Src/main.o
 .debug_macro   0x0002c3b2      0x190 ./Core/Src/main.o
 .debug_macro   0x0002c542       0x61 ./Core/Src/main.o
 .debug_macro   0x0002c5a3       0x29 ./Core/Src/main.o
 .debug_macro   0x0002c5cc       0x43 ./Core/Src/main.o
 .debug_macro   0x0002c60f       0x34 ./Core/Src/main.o
 .debug_macro   0x0002c643      0x364 ./Core/Src/main.o
 .debug_macro   0x0002c9a7       0x16 ./Core/Src/main.o
 .debug_macro   0x0002c9bd       0x4a ./Core/Src/main.o
 .debug_macro   0x0002ca07       0x34 ./Core/Src/main.o
 .debug_macro   0x0002ca3b       0x10 ./Core/Src/main.o
 .debug_macro   0x0002ca4b       0x58 ./Core/Src/main.o
 .debug_macro   0x0002caa3       0x8e ./Core/Src/main.o
 .debug_macro   0x0002cb31       0x1c ./Core/Src/main.o
 .debug_macro   0x0002cb4d      0x17e ./Core/Src/main.o
 .debug_macro   0x0002cccb      0x19b ./Core/Src/main.o
 .debug_macro   0x0002ce66       0x5d ./Core/Src/main.o
 .debug_macro   0x0002cec3     0x2382 ./Core/Src/main.o
 .debug_macro   0x0002f245     0x102c ./Core/Src/main.o
 .debug_macro   0x00030271      0x154 ./Core/Src/main.o
 .debug_macro   0x000303c5      0x114 ./Core/Src/main.o
 .debug_macro   0x000304d9      0x3b6 ./Core/Src/main.o
 .debug_macro   0x0003088f       0xac ./Core/Src/main.o
 .debug_macro   0x0003093b      0x72d ./Core/Src/main.o
 .debug_macro   0x00031068      0x228 ./Core/Src/main.o
 .debug_macro   0x00031290       0x66 ./Core/Src/main.o
 .debug_macro   0x000312f6      0x3bb ./Core/Src/main.o
 .debug_macro   0x000316b1      0x3e4 ./Core/Src/main.o
 .debug_macro   0x00031a95      0x275 ./Core/Src/main.o
 .debug_macro   0x00031d0a      0x3ca ./Core/Src/main.o
 .debug_macro   0x000320d4      0x408 ./Core/Src/main.o
 .debug_macro   0x000324dc       0x51 ./Core/Src/main.o
 .debug_macro   0x0003252d       0x4a ./Core/Src/main.o
 .debug_macro   0x00032577      0x22c ./Core/Src/main.o
 .debug_macro   0x000327a3       0x67 ./Core/Src/main.o
 .debug_macro   0x0003280a       0xa5 ./Core/Src/main.o
 .debug_macro   0x000328af      0x1c4 ./Core/Src/main.o
 .debug_macro   0x00032a73      0x25e ./Core/Src/main.o
 .debug_macro   0x00032cd1       0x35 ./Core/Src/main.o
 .debug_macro   0x00032d06      0xafa ./Core/Src/main.o
 .debug_macro   0x00033800      0x29f ./Core/Src/main.o
 .debug_macro   0x00033a9f      0x5ac ./Core/Src/main.o
 .debug_macro   0x0003404b       0xa0 ./Core/Src/main.o
 .debug_macro   0x000340eb      0x2ae ./Core/Src/stm32h7xx_hal_msp.o
 .debug_macro   0x00034399      0x2b8 ./Core/Src/stm32h7xx_it.o
 .debug_macro   0x00034651      0x29f ./Core/Src/system_stm32h7xx.o
 .debug_macro   0x000348f0      0x2c9 ./Drivers/STM32H7xx_HAL_Driver/Src/stm32h7xx_hal.o
 .debug_macro   0x00034bb9      0x29f ./Drivers/STM32H7xx_HAL_Driver/Src/stm32h7xx_hal_cortex.o
 .debug_macro   0x00034e58      0x2a6 ./Drivers/STM32H7xx_HAL_Driver/Src/stm32h7xx_hal_gpio.o
 .debug_macro   0x000350fe      0x2d8 ./Drivers/STM32H7xx_HAL_Driver/Src/stm32h7xx_hal_pwr_ex.o
 .debug_macro   0x000353d6      0x2c3 ./Drivers/STM32H7xx_HAL_Driver/Src/stm32h7xx_hal_rcc.o
 .debug_macro   0x00035699      0x2a0 ./Drivers/STM32H7xx_HAL_Driver/Src/stm32h7xx_hal_tim.o
 .debug_macro   0x00035939      0x29f ./Drivers/STM32H7xx_HAL_Driver/Src/stm32h7xx_hal_tim_ex.o

.debug_line     0x00000000     0xd137
 .debug_line    0x00000000      0xad8 ./Core/Src/main.o
 .debug_line    0x00000ad8      0x87e ./Core/Src/stm32h7xx_hal_msp.o
 .debug_line    0x00001356      0x90b ./Core/Src/stm32h7xx_it.o
 .debug_line    0x00001c61      0xa4c ./Core/Src/system_stm32h7xx.o
 .debug_line    0x000026ad       0x7b ./Core/Startup/startup_stm32h743vitx.o
 .debug_line    0x00002728      0xe1f ./Drivers/STM32H7xx_HAL_Driver/Src/stm32h7xx_hal.o
 .debug_line    0x00003547      0xe02 ./Drivers/STM32H7xx_HAL_Driver/Src/stm32h7xx_hal_cortex.o
 .debug_line    0x00004349      0xcb5 ./Drivers/STM32H7xx_HAL_Driver/Src/stm32h7xx_hal_gpio.o
 .debug_line    0x00004ffe      0xfa0 ./Drivers/STM32H7xx_HAL_Driver/Src/stm32h7xx_hal_pwr_ex.o
 .debug_line    0x00005f9e     0x14c3 ./Drivers/STM32H7xx_HAL_Driver/Src/stm32h7xx_hal_rcc.o
 .debug_line    0x00007461     0x3ff4 ./Drivers/STM32H7xx_HAL_Driver/Src/stm32h7xx_hal_tim.o
 .debug_line    0x0000b455     0x1ce2 ./Drivers/STM32H7xx_HAL_Driver/Src/stm32h7xx_hal_tim_ex.o

.debug_str      0x00000000   0x15b2c5
 .debug_str     0x00000000   0x15b2c5 ./Core/Src/main.o
                             0x158308 (size before relaxing)
 .debug_str     0x0015b2c5   0x15858b ./Core/Src/stm32h7xx_hal_msp.o
 .debug_str     0x0015b2c5   0x157b9c ./Core/Src/stm32h7xx_it.o
 .debug_str     0x0015b2c5   0x1577e8 ./Core/Src/system_stm32h7xx.o
 .debug_str     0x0015b2c5       0x71 ./Core/Startup/startup_stm32h743vitx.o
 .debug_str     0x0015b2c5   0x1586b8 ./Drivers/STM32H7xx_HAL_Driver/Src/stm32h7xx_hal.o
 .debug_str     0x0015b2c5   0x1580fa ./Drivers/STM32H7xx_HAL_Driver/Src/stm32h7xx_hal_cortex.o
 .debug_str     0x0015b2c5   0x157759 ./Drivers/STM32H7xx_HAL_Driver/Src/stm32h7xx_hal_gpio.o
 .debug_str     0x0015b2c5   0x157c21 ./Drivers/STM32H7xx_HAL_Driver/Src/stm32h7xx_hal_pwr_ex.o
 .debug_str     0x0015b2c5   0x157b3d ./Drivers/STM32H7xx_HAL_Driver/Src/stm32h7xx_hal_rcc.o
 .debug_str     0x0015b2c5   0x1588dc ./Drivers/STM32H7xx_HAL_Driver/Src/stm32h7xx_hal_tim.o
 .debug_str     0x0015b2c5   0x158204 ./Drivers/STM32H7xx_HAL_Driver/Src/stm32h7xx_hal_tim_ex.o

.comment        0x00000000       0x43
 .comment       0x00000000       0x43 ./Core/Src/main.o
                                 0x44 (size before relaxing)
 .comment       0x00000043       0x44 ./Core/Src/stm32h7xx_hal_msp.o
 .comment       0x00000043       0x44 ./Core/Src/stm32h7xx_it.o
 .comment       0x00000043       0x44 ./Core/Src/system_stm32h7xx.o
 .comment       0x00000043       0x44 ./Drivers/STM32H7xx_HAL_Driver/Src/stm32h7xx_hal.o
 .comment       0x00000043       0x44 ./Drivers/STM32H7xx_HAL_Driver/Src/stm32h7xx_hal_cortex.o
 .comment       0x00000043       0x44 ./Drivers/STM32H7xx_HAL_Driver/Src/stm32h7xx_hal_gpio.o
 .comment       0x00000043       0x44 ./Drivers/STM32H7xx_HAL_Driver/Src/stm32h7xx_hal_pwr_ex.o
 .comment       0x00000043       0x44 ./Drivers/STM32H7xx_HAL_Driver/Src/stm32h7xx_hal_rcc.o
 .comment       0x00000043       0x44 ./Drivers/STM32H7xx_HAL_Driver/Src/stm32h7xx_hal_tim.o
 .comment       0x00000043       0x44 ./Drivers/STM32H7xx_HAL_Driver/Src/stm32h7xx_hal_tim_ex.o

.debug_frame    0x00000000     0x2e04
 .debug_frame   0x00000000      0x140 ./Core/Src/main.o
 .debug_frame   0x00000140       0x7c ./Core/Src/stm32h7xx_hal_msp.o
 .debug_frame   0x000001bc      0x114 ./Core/Src/stm32h7xx_it.o
 .debug_frame   0x000002d0       0x60 ./Core/Src/system_stm32h7xx.o
 .debug_frame   0x00000330      0x5e8 ./Drivers/STM32H7xx_HAL_Driver/Src/stm32h7xx_hal.o
 .debug_frame   0x00000918      0x4b8 ./Drivers/STM32H7xx_HAL_Driver/Src/stm32h7xx_hal_cortex.o
 .debug_frame   0x00000dd0      0x130 ./Drivers/STM32H7xx_HAL_Driver/Src/stm32h7xx_hal_gpio.o
 .debug_frame   0x00000f00      0x500 ./Drivers/STM32H7xx_HAL_Driver/Src/stm32h7xx_hal_pwr_ex.o
 .debug_frame   0x00001400      0x1e4 ./Drivers/STM32H7xx_HAL_Driver/Src/stm32h7xx_hal_rcc.o
 .debug_frame   0x000015e4     0x1144 ./Drivers/STM32H7xx_HAL_Driver/Src/stm32h7xx_hal_tim.o
 .debug_frame   0x00002728      0x690 ./Drivers/STM32H7xx_HAL_Driver/Src/stm32h7xx_hal_tim_ex.o
 .debug_frame   0x00002db8       0x20 /home/lasan-perera/st/stm32cubeide_2.1.1_3/plugins/com.st.stm32cube.ide.mcu.externaltools.gnu-tools-for-stm32.14.3.rel1.linux64_1.0.100.202602081740/tools/bin/../lib/gcc/arm-none-eabi/14.3.1/../../../../arm-none-eabi/lib/thumb/v7e-m+dp/hard/libc_nano.a(libc_a-memset.o)
 .debug_frame   0x00002dd8       0x2c /home/lasan-perera/st/stm32cubeide_2.1.1_3/plugins/com.st.stm32cube.ide.mcu.externaltools.gnu-tools-for-stm32.14.3.rel1.linux64_1.0.100.202602081740/tools/bin/../lib/gcc/arm-none-eabi/14.3.1/../../../../arm-none-eabi/lib/thumb/v7e-m+dp/hard/libc_nano.a(libc_a-init.o)

.debug_line_str
                0x00000000       0x55
 .debug_line_str
                0x00000000       0x55 ./Core/Startup/startup_stm32h743vitx.o
