Archive member included to satisfy reference by file (symbol)

/home/lasan-perera/st/stm32cubeide_2.1.1_3/plugins/com.st.stm32cube.ide.mcu.externaltools.gnu-tools-for-stm32.14.3.rel1.linux64_1.0.100.202602081740/tools/bin/../lib/gcc/arm-none-eabi/14.3.1/../../../../arm-none-eabi/lib/thumb/v7e-m+dp/hard/libc_nano.a(libc_a-exit.o)
                              /home/lasan-perera/st/stm32cubeide_2.1.1_3/plugins/com.st.stm32cube.ide.mcu.externaltools.gnu-tools-for-stm32.14.3.rel1.linux64_1.0.100.202602081740/tools/bin/../lib/gcc/arm-none-eabi/14.3.1/../../../../arm-none-eabi/lib/thumb/v7e-m+dp/hard/crt0.o (exit)
/home/lasan-perera/st/stm32cubeide_2.1.1_3/plugins/com.st.stm32cube.ide.mcu.externaltools.gnu-tools-for-stm32.14.3.rel1.linux64_1.0.100.202602081740/tools/bin/../lib/gcc/arm-none-eabi/14.3.1/../../../../arm-none-eabi/lib/thumb/v7e-m+dp/hard/libc_nano.a(libc_a-findfp.o)
                              /home/lasan-perera/st/stm32cubeide_2.1.1_3/plugins/com.st.stm32cube.ide.mcu.externaltools.gnu-tools-for-stm32.14.3.rel1.linux64_1.0.100.202602081740/tools/bin/../lib/gcc/arm-none-eabi/14.3.1/../../../../arm-none-eabi/lib/thumb/v7e-m+dp/hard/libc_nano.a(libc_a-exit.o) (__stdio_exit_handler)
/home/lasan-perera/st/stm32cubeide_2.1.1_3/plugins/com.st.stm32cube.ide.mcu.externaltools.gnu-tools-for-stm32.14.3.rel1.linux64_1.0.100.202602081740/tools/bin/../lib/gcc/arm-none-eabi/14.3.1/../../../../arm-none-eabi/lib/thumb/v7e-m+dp/hard/libc_nano.a(libc_a-fwalk.o)
                              /home/lasan-perera/st/stm32cubeide_2.1.1_3/plugins/com.st.stm32cube.ide.mcu.externaltools.gnu-tools-for-stm32.14.3.rel1.linux64_1.0.100.202602081740/tools/bin/../lib/gcc/arm-none-eabi/14.3.1/../../../../arm-none-eabi/lib/thumb/v7e-m+dp/hard/libc_nano.a(libc_a-findfp.o) (_fwalk_sglue)
/home/lasan-perera/st/stm32cubeide_2.1.1_3/plugins/com.st.stm32cube.ide.mcu.externaltools.gnu-tools-for-stm32.14.3.rel1.linux64_1.0.100.202602081740/tools/bin/../lib/gcc/arm-none-eabi/14.3.1/../../../../arm-none-eabi/lib/thumb/v7e-m+dp/hard/libc_nano.a(libc_a-stdio.o)
                              /home/lasan-perera/st/stm32cubeide_2.1.1_3/plugins/com.st.stm32cube.ide.mcu.externaltools.gnu-tools-for-stm32.14.3.rel1.linux64_1.0.100.202602081740/tools/bin/../lib/gcc/arm-none-eabi/14.3.1/../../../../arm-none-eabi/lib/thumb/v7e-m+dp/hard/libc_nano.a(libc_a-findfp.o) (__sread)
/home/lasan-perera/st/stm32cubeide_2.1.1_3/plugins/com.st.stm32cube.ide.mcu.externaltools.gnu-tools-for-stm32.14.3.rel1.linux64_1.0.100.202602081740/tools/bin/../lib/gcc/arm-none-eabi/14.3.1/../../../../arm-none-eabi/lib/thumb/v7e-m+dp/hard/libc_nano.a(libc_a-memset.o)
                              /home/lasan-perera/st/stm32cubeide_2.1.1_3/plugins/com.st.stm32cube.ide.mcu.externaltools.gnu-tools-for-stm32.14.3.rel1.linux64_1.0.100.202602081740/tools/bin/../lib/gcc/arm-none-eabi/14.3.1/../../../../arm-none-eabi/lib/thumb/v7e-m+dp/hard/crt0.o (memset)
/home/lasan-perera/st/stm32cubeide_2.1.1_3/plugins/com.st.stm32cube.ide.mcu.externaltools.gnu-tools-for-stm32.14.3.rel1.linux64_1.0.100.202602081740/tools/bin/../lib/gcc/arm-none-eabi/14.3.1/../../../../arm-none-eabi/lib/thumb/v7e-m+dp/hard/libc_nano.a(libc_a-closer.o)
                              /home/lasan-perera/st/stm32cubeide_2.1.1_3/plugins/com.st.stm32cube.ide.mcu.externaltools.gnu-tools-for-stm32.14.3.rel1.linux64_1.0.100.202602081740/tools/bin/../lib/gcc/arm-none-eabi/14.3.1/../../../../arm-none-eabi/lib/thumb/v7e-m+dp/hard/libc_nano.a(libc_a-stdio.o) (_close_r)
/home/lasan-perera/st/stm32cubeide_2.1.1_3/plugins/com.st.stm32cube.ide.mcu.externaltools.gnu-tools-for-stm32.14.3.rel1.linux64_1.0.100.202602081740/tools/bin/../lib/gcc/arm-none-eabi/14.3.1/../../../../arm-none-eabi/lib/thumb/v7e-m+dp/hard/libc_nano.a(libc_a-reent.o)
                              /home/lasan-perera/st/stm32cubeide_2.1.1_3/plugins/com.st.stm32cube.ide.mcu.externaltools.gnu-tools-for-stm32.14.3.rel1.linux64_1.0.100.202602081740/tools/bin/../lib/gcc/arm-none-eabi/14.3.1/../../../../arm-none-eabi/lib/thumb/v7e-m+dp/hard/libc_nano.a(libc_a-closer.o) (errno)
/home/lasan-perera/st/stm32cubeide_2.1.1_3/plugins/com.st.stm32cube.ide.mcu.externaltools.gnu-tools-for-stm32.14.3.rel1.linux64_1.0.100.202602081740/tools/bin/../lib/gcc/arm-none-eabi/14.3.1/../../../../arm-none-eabi/lib/thumb/v7e-m+dp/hard/libc_nano.a(libc_a-impure.o)
                              /home/lasan-perera/st/stm32cubeide_2.1.1_3/plugins/com.st.stm32cube.ide.mcu.externaltools.gnu-tools-for-stm32.14.3.rel1.linux64_1.0.100.202602081740/tools/bin/../lib/gcc/arm-none-eabi/14.3.1/../../../../arm-none-eabi/lib/thumb/v7e-m+dp/hard/libc_nano.a(libc_a-reent.o) (_impure_ptr)
/home/lasan-perera/st/stm32cubeide_2.1.1_3/plugins/com.st.stm32cube.ide.mcu.externaltools.gnu-tools-for-stm32.14.3.rel1.linux64_1.0.100.202602081740/tools/bin/../lib/gcc/arm-none-eabi/14.3.1/../../../../arm-none-eabi/lib/thumb/v7e-m+dp/hard/libc_nano.a(libc_a-lseekr.o)
[...]
Memory Configuration

Name             Origin             Length             Attributes
FLASH            0x08000000         0x00200000         xr
DTCMRAM          0x20000000         0x00020000         xrw
RAM_D1           0x24000000         0x00080000         xrw
RAM_D2           0x30000000         0x00048000         xrw
RAM_D3           0x38000000         0x00010000         xrw
ITCMRAM          0x00000000         0x00010000         xrw
*default*        0x00000000         0xffffffff

Linker script and memory map

LOAD /home/lasan-perera/st/stm32cubeide_2.1.1_3/plugins/com.st.stm32cube.ide.mcu.externaltools.gnu-tools-for-stm32.14.3.rel1.linux64_1.0.100.202602081740/tools/bin/../lib/gcc/arm-none-eabi/14.3.1/thumb/v7e-m+dp/hard/crti.o
LOAD /home/lasan-perera/st/stm32cubeide_2.1.1_3/plugins/com.st.stm32cube.ide.mcu.externaltools.gnu-tools-for-stm32.14.3.rel1.linux64_1.0.100.202602081740/tools/bin/../lib/gcc/arm-none-eabi/14.3.1/thumb/v7e-m+dp/hard/crtbegin.o
LOAD /home/lasan-perera/st/stm32cubeide_2.1.1_3/plugins/com.st.stm32cube.ide.mcu.externaltools.gnu-tools-for-stm32.14.3.rel1.linux64_1.0.100.202602081740/tools/bin/../lib/gcc/arm-none-eabi/14.3.1/../../../../arm-none-eabi/lib/thumb/v7e-m+dp/hard/crt0.o
LOAD ./Core/Src/main.o
LOAD ./Core/Src/stepper.o
LOAD ./Core/Src/stm32h7xx_hal_msp.o
LOAD ./Core/Src/stm32h7xx_it.o
LOAD ./Core/Src/syscalls.o
LOAD ./Core/Src/sysmem.o
LOAD ./Core/Src/system_stm32h7xx.o
LOAD ./Core/Startup/startup_stm32h743vitx.o
LOAD ./Drivers/STM32H7xx_HAL_Driver/Src/stm32h7xx_hal.o
LOAD ./Drivers/STM32H7xx_HAL_Driver/Src/stm32h7xx_hal_cortex.o
LOAD ./Drivers/STM32H7xx_HAL_Driver/Src/stm32h7xx_hal_dma.o
LOAD ./Drivers/STM32H7xx_HAL_Driver/Src/stm32h7xx_hal_dma_ex.o
LOAD ./Drivers/STM32H7xx_HAL_Driver/Src/stm32h7xx_hal_exti.o
LOAD ./Drivers/STM32H7xx_HAL_Driver/Src/stm32h7xx_hal_flash.o
LOAD ./Drivers/STM32H7xx_HAL_Driver/Src/stm32h7xx_hal_flash_ex.o
LOAD ./Drivers/STM32H7xx_HAL_Driver/Src/stm32h7xx_hal_gpio.o
LOAD ./Drivers/STM32H7xx_HAL_Driver/Src/stm32h7xx_hal_hsem.o
LOAD ./Drivers/STM32H7xx_HAL_Driver/Src/stm32h7xx_hal_i2c.o
LOAD ./Drivers/STM32H7xx_HAL_Driver/Src/stm32h7xx_hal_i2c_ex.o
LOAD ./Drivers/STM32H7xx_HAL_Driver/Src/stm32h7xx_hal_mdma.o
LOAD ./Drivers/STM32H7xx_HAL_Driver/Src/stm32h7xx_hal_mmc.o
LOAD ./Drivers/STM32H7xx_HAL_Driver/Src/stm32h7xx_hal_mmc_ex.o
LOAD ./Drivers/STM32H7xx_HAL_Driver/Src/stm32h7xx_hal_pcd.o
LOAD ./Drivers/STM32H7xx_HAL_Driver/Src/stm32h7xx_hal_pcd_ex.o
LOAD ./Drivers/STM32H7xx_HAL_Driver/Src/stm32h7xx_hal_pwr.o
LOAD ./Drivers/STM32H7xx_HAL_Driver/Src/stm32h7xx_hal_pwr_ex.o
LOAD ./Drivers/STM32H7xx_HAL_Driver/Src/stm32h7xx_hal_rcc.o
LOAD ./Drivers/STM32H7xx_HAL_Driver/Src/stm32h7xx_hal_rcc_ex.o
LOAD ./Drivers/STM32H7xx_HAL_Driver/Src/stm32h7xx_hal_sd.o
LOAD ./Drivers/STM32H7xx_HAL_Driver/Src/stm32h7xx_hal_sd_ex.o
LOAD ./Drivers/STM32H7xx_HAL_Driver/Src/stm32h7xx_hal_spi.o
LOAD ./Drivers/STM32H7xx_HAL_Driver/Src/stm32h7xx_hal_spi_ex.o
LOAD ./Drivers/STM32H7xx_HAL_Driver/Src/stm32h7xx_hal_tim.o
LOAD ./Drivers/STM32H7xx_HAL_Driver/Src/stm32h7xx_hal_tim_ex.o
LOAD ./Drivers/STM32H7xx_HAL_Driver/Src/stm32h7xx_hal_uart.o
LOAD ./Drivers/STM32H7xx_HAL_Driver/Src/stm32h7xx_hal_uart_ex.o
LOAD ./Drivers/STM32H7xx_HAL_Driver/Src/stm32h7xx_ll_delayblock.o
LOAD ./Drivers/STM32H7xx_HAL_Driver/Src/stm32h7xx_ll_sdmmc.o
LOAD ./Drivers/STM32H7xx_HAL_Driver/Src/stm32h7xx_ll_usb.o
LOAD ./FATFS/App/fatfs.o
LOAD ./FATFS/Target/bsp_driver_sd.o
LOAD ./FATFS/Target/sd_diskio.o
LOAD ./Middlewares/ST/STM32_USB_Device_Library/Class/CDC/Src/usbd_cdc.o
LOAD ./Middlewares/ST/STM32_USB_Device_Library/Core/Src/usbd_core.o
LOAD ./Middlewares/ST/STM32_USB_Device_Library/Core/Src/usbd_ctlreq.o
LOAD ./Middlewares/ST/STM32_USB_Device_Library/Core/Src/usbd_ioreq.o
LOAD ./Middlewares/Third_Party/FatFs/src/diskio.o
LOAD ./Middlewares/Third_Party/FatFs/src/ff.o
LOAD ./Middlewares/Third_Party/FatFs/src/ff_gen_drv.o
LOAD ./Middlewares/Third_Party/FatFs/src/option/syscall.o
LOAD ./USB_DEVICE/App/usb_device.o
LOAD ./USB_DEVICE/App/usbd_cdc_if.o
LOAD ./USB_DEVICE/App/usbd_desc.o
LOAD ./USB_DEVICE/Target/usbd_conf.o
START GROUP
LOAD /home/lasan-perera/st/stm32cubeide_2.1.1_3/plugins/com.st.stm32cube.ide.mcu.externaltools.gnu-tools-for-stm32.14.3.rel1.linux64_1.0.100.202602081740/tools/bin/../lib/gcc/arm-none-eabi/14.3.1/../../../../arm-none-eabi/lib/thumb/v7e-m+dp/hard/libc_nano.a
LOAD /home/lasan-perera/st/stm32cubeide_2.1.1_3/plugins/com.st.stm32cube.ide.mcu.externaltools.gnu-tools-for-stm32.14.3.rel1.linux64_1.0.100.202602081740/tools/bin/../lib/gcc/arm-none-eabi/14.3.1/../../../../arm-none-eabi/lib/thumb/v7e-m+dp/hard/libm.a
END GROUP
START GROUP
LOAD /home/lasan-perera/st/stm32cubeide_2.1.1_3/plugins/com.st.stm32cube.ide.mcu.externaltools.gnu-tools-for-stm32.14.3.rel1.linux64_1.0.100.202602081740/tools/bin/../lib/gcc/arm-none-eabi/14.3.1/thumb/v7e-m+dp/hard/libgcc.a
LOAD /home/lasan-perera/st/stm32cubeide_2.1.1_3/plugins/com.st.stm32cube.ide.mcu.externaltools.gnu-tools-for-stm32.14.3.rel1.linux64_1.0.100.202602081740/tools/bin/../lib/gcc/arm-none-eabi/14.3.1/../../../../arm-none-eabi/lib/thumb/v7e-m+dp/hard/libc_nano.a
END GROUP
START GROUP
LOAD /home/lasan-perera/st/stm32cubeide_2.1.1_3/plugins/com.st.stm32cube.ide.mcu.externaltools.gnu-tools-for-stm32.14.3.rel1.linux64_1.0.100.202602081740/tools/bin/../lib/gcc/arm-none-eabi/14.3.1/thumb/v7e-m+dp/hard/libgcc.a
LOAD /home/lasan-perera/st/stm32cubeide_2.1.1_3/plugins/com.st.stm32cube.ide.mcu.externaltools.gnu-tools-for-stm32.14.3.rel1.linux64_1.0.100.202602081740/tools/bin/../lib/gcc/arm-none-eabi/14.3.1/../../../../arm-none-eabi/lib/thumb/v7e-m+dp/hard/libc_nano.a
LOAD /home/lasan-perera/st/stm32cubeide_2.1.1_3/plugins/com.st.stm32cube.ide.mcu.externaltools.gnu-tools-for-stm32.14.3.rel1.linux64_1.0.100.202602081740/tools/bin/../lib/gcc/arm-none-eabi/14.3.1/../../../../arm-none-eabi/lib/thumb/v7e-m+dp/hard/libnosys.a
END GROUP
START GROUP
LOAD /home/lasan-perera/st/stm32cubeide_2.1.1_3/plugins/com.st.stm32cube.ide.mcu.externaltools.gnu-tools-for-stm32.14.3.rel1.linux64_1.0.100.202602081740/tools/bin/../lib/gcc/arm-none-eabi/14.3.1/thumb/v7e-m+dp/hard/libgcc.a
LOAD /home/lasan-perera/st/stm32cubeide_2.1.1_3/plugins/com.st.stm32cube.ide.mcu.externaltools.gnu-tools-for-stm32.14.3.rel1.linux64_1.0.100.202602081740/tools/bin/../lib/gcc/arm-none-eabi/14.3.1/../../../../arm-none-eabi/lib/thumb/v7e-m+dp/hard/libc_nano.a
LOAD /home/lasan-perera/st/stm32cubeide_2.1.1_3/plugins/com.st.stm32cube.ide.mcu.externaltools.gnu-tools-for-stm32.14.3.rel1.linux64_1.0.100.202602081740/tools/bin/../lib/gcc/arm-none-eabi/14.3.1/../../../../arm-none-eabi/lib/thumb/v7e-m+dp/hard/libnosys.a
END GROUP
LOAD /home/lasan-perera/st/stm32cubeide_2.1.1_3/plugins/com.st.stm32cube.ide.mcu.externaltools.gnu-tools-for-stm32.14.3.rel1.linux64_1.0.100.202602081740/tools/bin/../lib/gcc/arm-none-eabi/14.3.1/thumb/v7e-m+dp/hard/crtend.o
LOAD /home/lasan-perera/st/stm32cubeide_2.1.1_3/plugins/com.st.stm32cube.ide.mcu.externaltools.gnu-tools-for-stm32.14.3.rel1.linux64_1.0.100.202602081740/tools/bin/../lib/gcc/arm-none-eabi/14.3.1/thumb/v7e-m+dp/hard/crtn.o
                0x24080000                        _estack = (ORIGIN (RAM_D1) + LENGTH (RAM_D1))
                0x00000200                        _Min_Heap_Size = 0x200
                0x00000400                        _Min_Stack_Size = 0x400

.isr_vector     0x08000000      0x298
                0x08000000                        . = ALIGN (0x4)
 *(.isr_vector)
 .isr_vector    0x08000000      0x298 ./Core/Startup/startup_stm32h743vitx.o
                0x08000000                g_pfnVectors
                0x08000298                        . = ALIGN (0x4)

.text           0x08000298    0x12b40
                0x08000298                        . = ALIGN (0x4)
 *(.text)
 .text          0x08000298       0x40 /home/lasan-perera/st/stm32cubeide_2.1.1_3/plugins/com.st.stm32cube.ide.mcu.externaltools.gnu-tools-for-stm32.14.3.rel1.linux64_1.0.100.202602081740/tools/bin/../lib/gcc/arm-none-eabi/14.3.1/thumb/v7e-m+dp/hard/crtbegin.o
 .text          0x080002d8       0x30 /home/lasan-perera/st/stm32cubeide_2.1.1_3/plugins/com.st.stm32cube.ide.mcu.externaltools.gnu-tools-for-stm32.14.3.rel1.linux64_1.0.100.202602081740/tools/bin/../lib/gcc/arm-none-eabi/14.3.1/thumb/v7e-m+dp/hard/libgcc.a(_aeabi_uldivmod.o)
                0x080002d8                __aeabi_uldivmod
 .text          0x08000308      0x2f8 /home/lasan-perera/st/stm32cubeide_2.1.1_3/plugins/com.st.stm32cube.ide.mcu.externaltools.gnu-tools-for-stm32.14.3.rel1.linux64_1.0.100.202602081740/tools/bin/../lib/gcc/arm-none-eabi/14.3.1/thumb/v7e-m+dp/hard/libgcc.a(_udivmoddi4.o)
                0x08000308                __udivmoddi4
 .text          0x08000600        0x4 /home/lasan-perera/st/stm32cubeide_2.1.1_3/plugins/com.st.stm32cube.ide.mcu.externaltools.gnu-tools-for-stm32.14.3.rel1.linux64_1.0.100.202602081740/tools/bin/../lib/gcc/arm-none-eabi/14.3.1/thumb/v7e-m+dp/hard/libgcc.a(_dvmd_tls.o)
                0x08000600                __aeabi_ldiv0
                0x08000600                __aeabi_idiv0
 *(.text*)
 .text.main     0x08000604       0x84 ./Core/Src/main.o
                0x08000604                main
 .text.SystemClock_Config
                0x08000688       0xf4 ./Core/Src/main.o
                0x08000688                SystemClock_Config
 .text.MX_SDMMC1_SD_Init
                0x0800077c       0x48 ./Core/Src/main.o
 .text.MX_SPI1_Init
                0x080007c4       0xb0 ./Core/Src/main.o
 .text.MX_SPI3_Init
                0x08000874       0xac ./Core/Src/main.o
 .text.MX_TIM1_Init
                0x08000920      0x188 ./Core/Src/main.o
 .text.MX_TIM2_Init
                0x08000aa8      0x104 ./Core/Src/main.o
 .text.MX_TIM6_Init
                0x08000bac       0x6c ./Core/Src/main.o
 .text.MX_USART3_UART_Init
                0x08000c18       0x98 ./Core/Src/main.o
 .text.MX_DMA_Init
                0x08000cb0       0x50 ./Core/Src/main.o
 .text.MX_GPIO_Init
                0x08000d00      0x228 ./Core/Src/main.o
 .text.Stepper_InitAll
                0x08000f28      0x168 ./Core/Src/main.o
                0x08000f28                Stepper_InitAll
 .text.Stepper_MoveAll
                0x08001090       0x58 ./Core/Src/main.o
                0x08001090                Stepper_MoveAll
 .text.Stepper_Update
                0x080010e8      0x1b4 ./Core/Src/main.o
                0x080010e8                Stepper_Update
 .text.HAL_TIM_PeriodElapsedCallback
                0x0800129c       0x48 ./Core/Src/main.o
                0x0800129c                HAL_TIM_PeriodElapsedCallback
 .text.MPU_Config
                0x080012e4       0x58 ./Core/Src/main.o
 .text.Error_Handler
                0x0800133c        0xc ./Core/Src/main.o
                0x0800133c                Error_Handler
 .text.HAL_MspInit
                0x08001348       0x34 ./Core/Src/stm32h7xx_hal_msp.o
                0x08001348                HAL_MspInit
 .text.HAL_SD_MspInit
                0x0800137c      0x12c ./Core/Src/stm32h7xx_hal_msp.o
                0x0800137c                HAL_SD_MspInit
 .text.HAL_SPI_MspInit
                0x080014a8      0x2a0 ./Core/Src/stm32h7xx_hal_msp.o
                0x080014a8                HAL_SPI_MspInit
 .text.HAL_TIM_Base_MspInit
                0x08001748       0xa8 ./Core/Src/stm32h7xx_hal_msp.o
                0x08001748                HAL_TIM_Base_MspInit
 .text.HAL_TIM_MspPostInit
                0x080017f0       0xc4 ./Core/Src/stm32h7xx_hal_msp.o
                0x080017f0                HAL_TIM_MspPostInit
 .text.HAL_UART_MspInit
                0x080018b4       0xd4 ./Core/Src/stm32h7xx_hal_msp.o
                0x080018b4                HAL_UART_MspInit
 .text.NMI_Handler
                0x08001988        0x8 ./Core/Src/stm32h7xx_it.o
                0x08001988                NMI_Handler
 .text.HardFault_Handler
                0x08001990        0x8 ./Core/Src/stm32h7xx_it.o
                0x08001990                HardFault_Handler
 .text.MemManage_Handler
                0x08001998        0x8 ./Core/Src/stm32h7xx_it.o
                0x08001998                MemManage_Handler
 .text.BusFault_Handler
                0x080019a0        0x8 ./Core/Src/stm32h7xx_it.o
                0x080019a0                BusFault_Handler
 .text.UsageFault_Handler
                0x080019a8        0x8 ./Core/Src/stm32h7xx_it.o
                0x080019a8                UsageFault_Handler
 .text.SVC_Handler
                0x080019b0        0xe ./Core/Src/stm32h7xx_it.o
                0x080019b0                SVC_Handler
 .text.DebugMon_Handler
                0x080019be        0xe ./Core/Src/stm32h7xx_it.o
                0x080019be                DebugMon_Handler
 .text.PendSV_Handler
                0x080019cc        0xe ./Core/Src/stm32h7xx_it.o
                0x080019cc                PendSV_Handler
 .text.SysTick_Handler
                0x080019da        0xc ./Core/Src/stm32h7xx_it.o
                0x080019da                SysTick_Handler
 *fill*         0x080019e6        0x2 
 .text.DMA1_Stream0_IRQHandler
                0x080019e8       0x14 ./Core/Src/stm32h7xx_it.o
                0x080019e8                DMA1_Stream0_IRQHandler
 .text.DMA1_Stream1_IRQHandler
                0x080019fc       0x14 ./Core/Src/stm32h7xx_it.o
                0x080019fc                DMA1_Stream1_IRQHandler
 .text.SPI1_IRQHandler
                0x08001a10       0x14 ./Core/Src/stm32h7xx_it.o
                0x08001a10                SPI1_IRQHandler
 .text.SDMMC1_IRQHandler
                0x08001a24       0x14 ./Core/Src/stm32h7xx_it.o
                0x08001a24                SDMMC1_IRQHandler
 .text.TIM6_DAC_IRQHandler
                0x08001a38       0x14 ./Core/Src/stm32h7xx_it.o
                0x08001a38                TIM6_DAC_IRQHandler
 .text.OTG_FS_IRQHandler
                0x08001a4c       0x14 ./Core/Src/stm32h7xx_it.o
                0x08001a4c                OTG_FS_IRQHandler
 .text.SystemInit
                0x08001a60      0x140 ./Core/Src/system_stm32h7xx.o
                0x08001a60                SystemInit
 .text.ExitRun0Mode
                0x08001ba0       0x18 ./Core/Src/system_stm32h7xx.o
                0x08001ba0                ExitRun0Mode
 .text.Reset_Handler
                0x08001bb8       0x54 ./Core/Startup/startup_stm32h743vitx.o
                0x08001bb8                Reset_Handler
 .text.Default_Handler
                0x08001c0c        0x2 ./Core/Startup/startup_stm32h743vitx.o
                0x08001c0c                RTC_Alarm_IRQHandler
                0x08001c0c                EXTI2_IRQHandler
                0x08001c0c                TIM8_CC_IRQHandler
                0x08001c0c                HRTIM1_Master_IRQHandler
                0x08001c0c                UART8_IRQHandler
                0x08001c0c                SPI4_IRQHandler
                0x08001c0c                TIM1_CC_IRQHandler
                0x08001c0c                BDMA_Channel6_IRQHandler
                0x08001c0c                DMA2_Stream5_IRQHandler
                0x08001c0c                HRTIM1_FLT_IRQHandler
                0x08001c0c                JPEG_IRQHandler
                0x08001c0c                DMA1_Stream5_IRQHandler
                0x08001c0c                BDMA_Channel1_IRQHandler
                0x08001c0c                HRTIM1_TIMD_IRQHandler
                0x08001c0c                TAMP_STAMP_IRQHandler
                0x08001c0c                EXTI3_IRQHandler
                0x08001c0c                LPTIM4_IRQHandler
                0x08001c0c                TIM8_TRG_COM_TIM14_IRQHandler
                0x08001c0c                LPTIM2_IRQHandler
                0x08001c0c                DFSDM1_FLT1_IRQHandler
                0x08001c0c                DMAMUX2_OVR_IRQHandler
                0x08001c0c                TIM8_UP_TIM13_IRQHandler
                0x08001c0c                I2C3_ER_IRQHandler
                0x08001c0c                DFSDM1_FLT2_IRQHandler
                0x08001c0c                MDMA_IRQHandler
                0x08001c0c                LPTIM3_IRQHandler
                0x08001c0c                HSEM1_IRQHandler
                0x08001c0c                EXTI0_IRQHandler
                0x08001c0c                I2C2_EV_IRQHandler
                0x08001c0c                DMA1_Stream2_IRQHandler
                0x08001c0c                FPU_IRQHandler
                0x08001c0c                OTG_HS_WKUP_IRQHandler
                0x08001c0c                FDCAN1_IT1_IRQHandler
                0x08001c0c                LTDC_ER_IRQHandler
                0x08001c0c                DMA2_Stream2_IRQHandler
                0x08001c0c                HRTIM1_TIME_IRQHandler
                0x08001c0c                DCMI_IRQHandler
                0x08001c0c                HRTIM1_TIMC_IRQHandler
                0x08001c0c                DMA2_Stream3_IRQHandler
                0x08001c0c                SAI2_IRQHandler
                0x08001c0c                DFSDM1_FLT3_IRQHandler
                0x08001c0c                USART6_IRQHandler
                0x08001c0c                TIM17_IRQHandler
                0x08001c0c                USART3_IRQHandler
                0x08001c0c                BDMA_Channel7_IRQHandler
                0x08001c0c                LPTIM5_IRQHandler
                0x08001c0c                UART5_IRQHandler
                0x08001c0c                ADC3_IRQHandler
                0x08001c0c                DMA2_Stream0_IRQHandler
                0x08001c0c                TIM4_IRQHandler
                0x08001c0c                BDMA_Channel2_IRQHandler
                0x08001c0c                QUADSPI_IRQHandler
                0x08001c0c                I2C1_EV_IRQHandler
                0x08001c0c                DMA1_Stream6_IRQHandler
                0x08001c0c                DMAMUX1_OVR_IRQHandler
                0x08001c0c                TIM16_IRQHandler
                0x08001c0c                UART4_IRQHandler
                0x08001c0c                BDMA_Channel5_IRQHandler
                0x08001c0c                TIM3_IRQHandler
                0x08001c0c                RCC_IRQHandler
                0x08001c0c                TIM8_BRK_TIM12_IRQHandler
                0x08001c0c                TIM1_TRG_COM_IRQHandler
                0x08001c0c                Default_Handler
                0x08001c0c                ECC_IRQHandler
                0x08001c0c                CEC_IRQHandler
                0x08001c0c                EXTI15_10_IRQHandler
                0x08001c0c                BDMA_Channel0_IRQHandler
                0x08001c0c                ADC_IRQHandler
                0x08001c0c                DMA1_Stream7_IRQHandler
                0x08001c0c                HRTIM1_TIMA_IRQHandler
                0x08001c0c                SPI5_IRQHandler
                0x08001c0c                TIM7_IRQHandler
                0x08001c0c                TIM5_IRQHandler
                0x08001c0c                DMA2_Stream7_IRQHandler
                0x08001c0c                TIM15_IRQHandler
                0x08001c0c                PVD_AVD_IRQHandler
                0x08001c0c                I2C3_EV_IRQHandler
                0x08001c0c                EXTI9_5_IRQHandler
                0x08001c0c                RTC_WKUP_IRQHandler
                0x08001c0c                LTDC_IRQHandler
                0x08001c0c                SAI3_IRQHandler
                0x08001c0c                ETH_WKUP_IRQHandler
                0x08001c0c                SPDIF_RX_IRQHandler
                0x08001c0c                SPI2_IRQHandler
                0x08001c0c                OTG_HS_EP1_IN_IRQHandler
                0x08001c0c                CRS_IRQHandler
                0x08001c0c                EXTI4_IRQHandler
                0x08001c0c                RNG_IRQHandler
                0x08001c0c                HRTIM1_TIMB_IRQHandler
                0x08001c0c                FDCAN2_IT1_IRQHandler
                0x08001c0c                ETH_IRQHandler
                0x08001c0c                TIM1_UP_IRQHandler
                0x08001c0c                BDMA_Channel4_IRQHandler
                0x08001c0c                OTG_HS_EP1_OUT_IRQHandler
                0x08001c0c                WWDG_IRQHandler
                0x08001c0c                SPI6_IRQHandler
                0x08001c0c                MDIOS_IRQHandler
                0x08001c0c                I2C4_EV_IRQHandler
                0x08001c0c                FDCAN2_IT0_IRQHandler
                0x08001c0c                LPUART1_IRQHandler
                0x08001c0c                FDCAN1_IT0_IRQHandler
                0x08001c0c                TIM2_IRQHandler
                0x08001c0c                OTG_FS_WKUP_IRQHandler
                0x08001c0c                OTG_HS_IRQHandler
                0x08001c0c                DMA2D_IRQHandler
                0x08001c0c                TIM1_BRK_IRQHandler
                0x08001c0c                EXTI1_IRQHandler
                0x08001c0c                SDMMC2_IRQHandler
                0x08001c0c                OTG_FS_EP1_OUT_IRQHandler
                0x08001c0c                BDMA_Channel3_IRQHandler
                0x08001c0c                UART7_IRQHandler
                0x08001c0c                MDIOS_WKUP_IRQHandler
                0x08001c0c                USART2_IRQHandler
                0x08001c0c                DFSDM1_FLT0_IRQHandler
                0x08001c0c                SAI4_IRQHandler
                0x08001c0c                I2C2_ER_IRQHandler
                0x08001c0c                DMA2_Stream1_IRQHandler
                0x08001c0c                FLASH_IRQHandler
                0x08001c0c                DMA2_Stream4_IRQHandler
                0x08001c0c                USART1_IRQHandler
                0x08001c0c                SPI3_IRQHandler
                0x08001c0c                WAKEUP_PIN_IRQHandler
                0x08001c0c                DMA1_Stream4_IRQHandler
                0x08001c0c                OTG_FS_EP1_IN_IRQHandler
                0x08001c0c                I2C1_ER_IRQHandler
                0x08001c0c                FMC_IRQHandler
                0x08001c0c                FDCAN_CAL_IRQHandler
                0x08001c0c                SWPMI1_IRQHandler
                0x08001c0c                COMP1_IRQHandler
                0x08001c0c                LPTIM1_IRQHandler
                0x08001c0c                I2C4_ER_IRQHandler
                0x08001c0c                DMA2_Stream6_IRQHandler
                0x08001c0c                SAI1_IRQHandler
                0x08001c0c                DMA1_Stream3_IRQHandler
 *fill*         0x08001c0e        0x2 
 .text.HAL_Init
                0x08001c10       0x78 ./Drivers/STM32H7xx_HAL_Driver/Src/stm32h7xx_hal.o
                0x08001c10                HAL_Init
 .text.HAL_InitTick
                0x08001c88       0x6c ./Drivers/STM32H7xx_HAL_Driver/Src/stm32h7xx_hal.o
                0x08001c88                HAL_InitTick
 .text.HAL_IncTick
                0x08001cf4       0x28 ./Drivers/STM32H7xx_HAL_Driver/Src/stm32h7xx_hal.o
                0x08001cf4                HAL_IncTick
 .text.HAL_GetTick
                0x08001d1c       0x18 ./Drivers/STM32H7xx_HAL_Driver/Src/stm32h7xx_hal.o
                0x08001d1c                HAL_GetTick
 .text.HAL_Delay
                0x08001d34       0x48 ./Drivers/STM32H7xx_HAL_Driver/Src/stm32h7xx_hal.o
                0x08001d34                HAL_Delay
 .text.HAL_GetREVID
                0x08001d7c       0x18 ./Drivers/STM32H7xx_HAL_Driver/Src/stm32h7xx_hal.o
                0x08001d7c                HAL_GetREVID
 .text.HAL_SYSCFG_AnalogSwitchConfig
                0x08001d94       0x2c ./Drivers/STM32H7xx_HAL_Driver/Src/stm32h7xx_hal.o
                0x08001d94                HAL_SYSCFG_AnalogSwitchConfig
 .text.__NVIC_SetPriorityGrouping
                0x08001dc0       0x48 ./Drivers/STM32H7xx_HAL_Driver/Src/stm32h7xx_hal_cortex.o
 .text.__NVIC_GetPriorityGrouping
                0x08001e08       0x1c ./Drivers/STM32H7xx_HAL_Driver/Src/stm32h7xx_hal_cortex.o
 .text.__NVIC_EnableIRQ
                0x08001e24       0x3c ./Drivers/STM32H7xx_HAL_Driver/Src/stm32h7xx_hal_cortex.o
 .text.__NVIC_SetPriority
                0x08001e60       0x54 ./Drivers/STM32H7xx_HAL_Driver/Src/stm32h7xx_hal_cortex.o
 .text.NVIC_EncodePriority
                0x08001eb4       0x66 ./Drivers/STM32H7xx_HAL_Driver/Src/stm32h7xx_hal_cortex.o
 *fill*         0x08001f1a        0x2 
 .text.SysTick_Config
                0x08001f1c       0x44 ./Drivers/STM32H7xx_HAL_Driver/Src/stm32h7xx_hal_cortex.o
 .text.HAL_NVIC_SetPriorityGrouping
                0x08001f60       0x16 ./Drivers/STM32H7xx_HAL_Driver/Src/stm32h7xx_hal_cortex.o
                0x08001f60                HAL_NVIC_SetPriorityGrouping
 .text.HAL_NVIC_SetPriority
                0x08001f76       0x34 ./Drivers/STM32H7xx_HAL_Driver/Src/stm32h7xx_hal_cortex.o
                0x08001f76                HAL_NVIC_SetPriority
 .text.HAL_NVIC_EnableIRQ
                0x08001faa       0x1c ./Drivers/STM32H7xx_HAL_Driver/Src/stm32h7xx_hal_cortex.o
                0x08001faa                HAL_NVIC_EnableIRQ
 .text.HAL_SYSTICK_Config
                0x08001fc6       0x18 ./Drivers/STM32H7xx_HAL_Driver/Src/stm32h7xx_hal_cortex.o
                0x08001fc6                HAL_SYSTICK_Config
 *fill*         0x08001fde        0x2 
 .text.HAL_MPU_Disable
                0x08001fe0       0x30 ./Drivers/STM32H7xx_HAL_Driver/Src/stm32h7xx_hal_cortex.o
                0x08001fe0                HAL_MPU_Disable
 .text.HAL_MPU_Enable
                0x08002010       0x40 ./Drivers/STM32H7xx_HAL_Driver/Src/stm32h7xx_hal_cortex.o
                0x08002010                HAL_MPU_Enable
 .text.HAL_MPU_ConfigRegion
                0x08002050       0x80 ./Drivers/STM32H7xx_HAL_Driver/Src/stm32h7xx_hal_cortex.o
                0x08002050                HAL_MPU_ConfigRegion
 .text.HAL_DMA_Init
                0x080020d0      0x6b8 ./Drivers/STM32H7xx_HAL_Driver/Src/stm32h7xx_hal_dma.o
                0x080020d0                HAL_DMA_Init
 .text.HAL_DMA_Abort_IT
                0x08002788      0x48c ./Drivers/STM32H7xx_HAL_Driver/Src/stm32h7xx_hal_dma.o
                0x08002788                HAL_DMA_Abort_IT
 .text.HAL_DMA_IRQHandler
                0x08002c14      0xe54 ./Drivers/STM32H7xx_HAL_Driver/Src/stm32h7xx_hal_dma.o
                0x08002c14                HAL_DMA_IRQHandler
 .text.DMA_CalcBaseAndBitshift
                0x08003a68      0x164 ./Drivers/STM32H7xx_HAL_Driver/Src/stm32h7xx_hal_dma.o
 .text.DMA_CheckFifoParam
                0x08003bcc       0xf8 ./Drivers/STM32H7xx_HAL_Driver/Src/stm32h7xx_hal_dma.o
 .text.DMA_CalcDMAMUXChannelBaseAndMask
                0x08003cc4      0x134 ./Drivers/STM32H7xx_HAL_Driver/Src/stm32h7xx_hal_dma.o
 .text.DMA_CalcDMAMUXRequestGenBaseAndMask
                0x08003df8       0xe8 ./Drivers/STM32H7xx_HAL_Driver/Src/stm32h7xx_hal_dma.o
 .text.HAL_GPIO_Init
                0x08003ee0      0x374 ./Drivers/STM32H7xx_HAL_Driver/Src/stm32h7xx_hal_gpio.o
                0x08003ee0                HAL_GPIO_Init
 .text.HAL_GPIO_WritePin
                0x08004254       0x32 ./Drivers/STM32H7xx_HAL_Driver/Src/stm32h7xx_hal_gpio.o
                0x08004254                HAL_GPIO_WritePin
 .text.HAL_GPIO_TogglePin
                0x08004286       0x34 ./Drivers/STM32H7xx_HAL_Driver/Src/stm32h7xx_hal_gpio.o
                0x08004286                HAL_GPIO_TogglePin
 .text.HAL_PCD_Init
                0x080042ba      0x218 ./Drivers/STM32H7xx_HAL_Driver/Src/stm32h7xx_hal_pcd.o
                0x080042ba                HAL_PCD_Init
 .text.HAL_PCD_Start
                0x080044d2       0x6a ./Drivers/STM32H7xx_HAL_Driver/Src/stm32h7xx_hal_pcd.o
                0x080044d2                HAL_PCD_Start
 .text.HAL_PCD_IRQHandler
                0x0800453c      0x9d0 ./Drivers/STM32H7xx_HAL_Driver/Src/stm32h7xx_hal_pcd.o
                0x0800453c                HAL_PCD_IRQHandler
 .text.HAL_PCD_SetAddress
                0x08004f0c       0x48 ./Drivers/STM32H7xx_HAL_Driver/Src/stm32h7xx_hal_pcd.o
                0x08004f0c                HAL_PCD_SetAddress
 .text.HAL_PCD_EP_Open
                0x08004f54       0xd4 ./Drivers/STM32H7xx_HAL_Driver/Src/stm32h7xx_hal_pcd.o
                0x08004f54                HAL_PCD_EP_Open
 .text.HAL_PCD_EP_Close
                0x08005028       0x94 ./Drivers/STM32H7xx_HAL_Driver/Src/stm32h7xx_hal_pcd.o
                0x08005028                HAL_PCD_EP_Close
 .text.HAL_PCD_EP_Receive
                0x080050bc       0x76 ./Drivers/STM32H7xx_HAL_Driver/Src/stm32h7xx_hal_pcd.o
                0x080050bc                HAL_PCD_EP_Receive
 .text.HAL_PCD_EP_GetRxCount
                0x08005132       0x30 ./Drivers/STM32H7xx_HAL_Driver/Src/stm32h7xx_hal_pcd.o
                0x08005132                HAL_PCD_EP_GetRxCount
 .text.HAL_PCD_EP_Transmit
                0x08005162       0x74 ./Drivers/STM32H7xx_HAL_Driver/Src/stm32h7xx_hal_pcd.o
                0x08005162                HAL_PCD_EP_Transmit
 .text.HAL_PCD_EP_SetStall
                0x080051d6       0xc6 ./Drivers/STM32H7xx_HAL_Driver/Src/stm32h7xx_hal_pcd.o
                0x080051d6                HAL_PCD_EP_SetStall
 .text.HAL_PCD_EP_ClrStall
                0x0800529c       0xac ./Drivers/STM32H7xx_HAL_Driver/Src/stm32h7xx_hal_pcd.o
                0x0800529c                HAL_PCD_EP_ClrStall
 .text.HAL_PCD_EP_Abort
                0x08005348       0x62 ./Drivers/STM32H7xx_HAL_Driver/Src/stm32h7xx_hal_pcd.o
                0x08005348                HAL_PCD_EP_Abort
 .text.PCD_WriteEmptyTxFifo
                0x080053aa      0x118 ./Drivers/STM32H7xx_HAL_Driver/Src/stm32h7xx_hal_pcd.o
 *fill*         0x080054c2        0x2 
 .text.PCD_EP_OutXfrComplete_int
                0x080054c4      0x1d0 ./Drivers/STM32H7xx_HAL_Driver/Src/stm32h7xx_hal_pcd.o
 .text.PCD_EP_OutSetupPacket_int
                0x08005694       0x8c ./Drivers/STM32H7xx_HAL_Driver/Src/stm32h7xx_hal_pcd.o
 .text.HAL_PCDEx_SetTxFiFo
                0x08005720       0x8e ./Drivers/STM32H7xx_HAL_Driver/Src/stm32h7xx_hal_pcd_ex.o
                0x08005720                HAL_PCDEx_SetTxFiFo
 .text.HAL_PCDEx_SetRxFiFo
                0x080057ae       0x22 ./Drivers/STM32H7xx_HAL_Driver/Src/stm32h7xx_hal_pcd_ex.o
                0x080057ae                HAL_PCDEx_SetRxFiFo
 .text.HAL_PCDEx_ActivateLPM
                0x080057d0       0x48 ./Drivers/STM32H7xx_HAL_Driver/Src/stm32h7xx_hal_pcd_ex.o
                0x080057d0                HAL_PCDEx_ActivateLPM
 .text.HAL_PCDEx_LPM_Callback
                0x08005818       0x18 ./Drivers/STM32H7xx_HAL_Driver/Src/stm32h7xx_hal_pcd_ex.o
                0x08005818                HAL_PCDEx_LPM_Callback
 .text.HAL_PWREx_ConfigSupply
                0x08005830       0x74 ./Drivers/STM32H7xx_HAL_Driver/Src/stm32h7xx_hal_pwr_ex.o
                0x08005830                HAL_PWREx_ConfigSupply
 .text.HAL_PWREx_EnableUSBVoltageDetector
                0x080058a4       0x20 ./Drivers/STM32H7xx_HAL_Driver/Src/stm32h7xx_hal_pwr_ex.o
                0x080058a4                HAL_PWREx_EnableUSBVoltageDetector
 .text.HAL_RCC_OscConfig
                0x080058c4      0x8b4 ./Drivers/STM32H7xx_HAL_Driver/Src/stm32h7xx_hal_rcc.o
                0x080058c4                HAL_RCC_OscConfig
 .text.HAL_RCC_ClockConfig
                0x08006178      0x36c ./Drivers/STM32H7xx_HAL_Driver/Src/stm32h7xx_hal_rcc.o
                0x08006178                HAL_RCC_ClockConfig
 .text.HAL_RCC_GetSysClockFreq
                0x080064e4      0x2f4 ./Drivers/STM32H7xx_HAL_Driver/Src/stm32h7xx_hal_rcc.o
                0x080064e4                HAL_RCC_GetSysClockFreq
 .text.HAL_RCC_GetHCLKFreq
                0x080067d8       0x60 ./Drivers/STM32H7xx_HAL_Driver/Src/stm32h7xx_hal_rcc.o
                0x080067d8                HAL_RCC_GetHCLKFreq
 .text.HAL_RCC_GetPCLK1Freq
                0x08006838       0x2c ./Drivers/STM32H7xx_HAL_Driver/Src/stm32h7xx_hal_rcc.o
                0x08006838                HAL_RCC_GetPCLK1Freq
 .text.HAL_RCC_GetPCLK2Freq
                0x08006864       0x2c ./Drivers/STM32H7xx_HAL_Driver/Src/stm32h7xx_hal_rcc.o
                0x08006864                HAL_RCC_GetPCLK2Freq
 .text.HAL_RCCEx_PeriphCLKConfig
                0x08006890     0x1414 ./Drivers/STM32H7xx_HAL_Driver/Src/stm32h7xx_hal_rcc_ex.o
                0x08006890                HAL_RCCEx_PeriphCLKConfig
 .text.HAL_RCCEx_GetPeriphCLKFreq
                0x08007ca4      0xb00 ./Drivers/STM32H7xx_HAL_Driver/Src/stm32h7xx_hal_rcc_ex.o
                0x08007ca4                HAL_RCCEx_GetPeriphCLKFreq
 .text.HAL_RCCEx_GetD3PCLK1Freq
                0x080087a4       0x2c ./Drivers/STM32H7xx_HAL_Driver/Src/stm32h7xx_hal_rcc_ex.o
                0x080087a4                HAL_RCCEx_GetD3PCLK1Freq
 .text.HAL_RCCEx_GetPLL2ClockFreq
                0x080087d0      0x2a8 ./Drivers/STM32H7xx_HAL_Driver/Src/stm32h7xx_hal_rcc_ex.o
                0x080087d0                HAL_RCCEx_GetPLL2ClockFreq
 .text.HAL_RCCEx_GetPLL3ClockFreq
                0x08008a78      0x2a8 ./Drivers/STM32H7xx_HAL_Driver/Src/stm32h7xx_hal_rcc_ex.o
                0x08008a78                HAL_RCCEx_GetPLL3ClockFreq
 .text.HAL_RCCEx_GetPLL1ClockFreq
                0x08008d20      0x2a4 ./Drivers/STM32H7xx_HAL_Driver/Src/stm32h7xx_hal_rcc_ex.o
                0x08008d20                HAL_RCCEx_GetPLL1ClockFreq
 .text.RCCEx_PLL2_Config
                0x08008fc4      0x164 ./Drivers/STM32H7xx_HAL_Driver/Src/stm32h7xx_hal_rcc_ex.o
 .text.RCCEx_PLL3_Config
                0x08009128      0x164 ./Drivers/STM32H7xx_HAL_Driver/Src/stm32h7xx_hal_rcc_ex.o
 .text.HAL_SD_Init
                0x0800928c      0x106 ./Drivers/STM32H7xx_HAL_Driver/Src/stm32h7xx_hal_sd.o
                0x0800928c                HAL_SD_Init
 *fill*         0x08009392        0x2 
 .text.HAL_SD_InitCard
                0x08009394      0x15c ./Drivers/STM32H7xx_HAL_Driver/Src/stm32h7xx_hal_sd.o
                0x08009394                HAL_SD_InitCard
 .text.HAL_SD_ReadBlocks
                0x080094f0      0x314 ./Drivers/STM32H7xx_HAL_Driver/Src/stm32h7xx_hal_sd.o
                0x080094f0                HAL_SD_ReadBlocks
 .text.HAL_SD_WriteBlocks
                0x08009804      0x31c ./Drivers/STM32H7xx_HAL_Driver/Src/stm32h7xx_hal_sd.o
                0x08009804                HAL_SD_WriteBlocks
 .text.HAL_SD_IRQHandler
                0x08009b20      0x370 ./Drivers/STM32H7xx_HAL_Driver/Src/stm32h7xx_hal_sd.o
                0x08009b20                HAL_SD_IRQHandler
 .text.HAL_SD_ErrorCallback
                0x08009e90       0x14 ./Drivers/STM32H7xx_HAL_Driver/Src/stm32h7xx_hal_sd.o
                0x08009e90                HAL_SD_ErrorCallback
 .text.HAL_SD_GetCardCSD
                0x08009ea4      0x348 ./Drivers/STM32H7xx_HAL_Driver/Src/stm32h7xx_hal_sd.o
                0x08009ea4                HAL_SD_GetCardCSD
 .text.HAL_SD_GetCardStatus
                0x0800a1ec      0x17c ./Drivers/STM32H7xx_HAL_Driver/Src/stm32h7xx_hal_sd.o
                0x0800a1ec                HAL_SD_GetCardStatus
 .text.HAL_SD_GetCardInfo
                0x0800a368       0x58 ./Drivers/STM32H7xx_HAL_Driver/Src/stm32h7xx_hal_sd.o
                0x0800a368                HAL_SD_GetCardInfo
 .text.HAL_SD_ConfigWideBusOperation
                0x0800a3c0      0x224 ./Drivers/STM32H7xx_HAL_Driver/Src/stm32h7xx_hal_sd.o
                0x0800a3c0                HAL_SD_ConfigWideBusOperation
 .text.HAL_SD_GetCardState
                0x0800a5e4       0x40 ./Drivers/STM32H7xx_HAL_Driver/Src/stm32h7xx_hal_sd.o
                0x0800a5e4                HAL_SD_GetCardState
 .text.SD_InitCard
                0x0800a624      0x19c ./Drivers/STM32H7xx_HAL_Driver/Src/stm32h7xx_hal_sd.o
 .text.SD_PowerON
                0x0800a7c0      0x11c ./Drivers/STM32H7xx_HAL_Driver/Src/stm32h7xx_hal_sd.o
 .text.SD_SendSDStatus
                0x0800a8dc      0x1a0 ./Drivers/STM32H7xx_HAL_Driver/Src/stm32h7xx_hal_sd.o
 .text.SD_SendStatus
                0x0800aa7c       0x50 ./Drivers/STM32H7xx_HAL_Driver/Src/stm32h7xx_hal_sd.o
 .text.SD_WideBus_Enable
                0x0800aacc       0x96 ./Drivers/STM32H7xx_HAL_Driver/Src/stm32h7xx_hal_sd.o
 .text.SD_WideBus_Disable
                0x0800ab62       0x96 ./Drivers/STM32H7xx_HAL_Driver/Src/stm32h7xx_hal_sd.o
 .text.SD_FindSCR
                0x0800abf8      0x1a0 ./Drivers/STM32H7xx_HAL_Driver/Src/stm32h7xx_hal_sd.o
 .text.SD_Read_IT
                0x0800ad98       0x8c ./Drivers/STM32H7xx_HAL_Driver/Src/stm32h7xx_hal_sd.o
 .text.SD_Write_IT
                0x0800ae24       0x94 ./Drivers/STM32H7xx_HAL_Driver/Src/stm32h7xx_hal_sd.o
 .text.HAL_SDEx_Read_DMADoubleBuf0CpltCallback
                0x0800aeb8       0x14 ./Drivers/STM32H7xx_HAL_Driver/Src/stm32h7xx_hal_sd.o
                0x0800aeb8                HAL_SDEx_Read_DMADoubleBuf0CpltCallback
 .text.HAL_SDEx_Read_DMADoubleBuf1CpltCallback
                0x0800aecc       0x14 ./Drivers/STM32H7xx_HAL_Driver/Src/stm32h7xx_hal_sd.o
                0x0800aecc                HAL_SDEx_Read_DMADoubleBuf1CpltCallback
 .text.HAL_SDEx_Write_DMADoubleBuf0CpltCallback
                0x0800aee0       0x14 ./Drivers/STM32H7xx_HAL_Driver/Src/stm32h7xx_hal_sd.o
                0x0800aee0                HAL_SDEx_Write_DMADoubleBuf0CpltCallback
 .text.HAL_SDEx_Write_DMADoubleBuf1CpltCallback
                0x0800aef4       0x14 ./Drivers/STM32H7xx_HAL_Driver/Src/stm32h7xx_hal_sd.o
                0x0800aef4                HAL_SDEx_Write_DMADoubleBuf1CpltCallback
 .text.HAL_SPI_Init
                0x0800af08      0x248 ./Drivers/STM32H7xx_HAL_Driver/Src/stm32h7xx_hal_spi.o
                0x0800af08                HAL_SPI_Init
 .text.HAL_SPI_IRQHandler
                0x0800b150      0x39c ./Drivers/STM32H7xx_HAL_Driver/Src/stm32h7xx_hal_spi.o
                0x0800b150                HAL_SPI_IRQHandler
 .text.HAL_SPI_TxCpltCallback
                0x0800b4ec       0x14 ./Drivers/STM32H7xx_HAL_Driver/Src/stm32h7xx_hal_spi.o
                0x0800b4ec                HAL_SPI_TxCpltCallback
 .text.HAL_SPI_RxCpltCallback
                0x0800b500       0x14 ./Drivers/STM32H7xx_HAL_Driver/Src/stm32h7xx_hal_spi.o
                0x0800b500                HAL_SPI_RxCpltCallback
 .text.HAL_SPI_TxRxCpltCallback
                0x0800b514       0x14 ./Drivers/STM32H7xx_HAL_Driver/Src/stm32h7xx_hal_spi.o
                0x0800b514                HAL_SPI_TxRxCpltCallback
 .text.HAL_SPI_ErrorCallback
                0x0800b528       0x14 ./Drivers/STM32H7xx_HAL_Driver/Src/stm32h7xx_hal_spi.o
                0x0800b528                HAL_SPI_ErrorCallback
 .text.HAL_SPI_SuspendCallback
                0x0800b53c       0x14 ./Drivers/STM32H7xx_HAL_Driver/Src/stm32h7xx_hal_spi.o
                0x0800b53c                HAL_SPI_SuspendCallback
 .text.SPI_DMAAbortOnError
                0x0800b550       0x34 ./Drivers/STM32H7xx_HAL_Driver/Src/stm32h7xx_hal_spi.o
 .text.SPI_CloseTransfer
                0x0800b584      0x140 ./Drivers/STM32H7xx_HAL_Driver/Src/stm32h7xx_hal_spi.o
 .text.SPI_GetPacketSize
                0x0800b6c4       0x36 ./Drivers/STM32H7xx_HAL_Driver/Src/stm32h7xx_hal_spi.o
 .text.HAL_TIM_Base_Init
                0x0800b6fa       0xae ./Drivers/STM32H7xx_HAL_Driver/Src/stm32h7xx_hal_tim.o
                0x0800b6fa                HAL_TIM_Base_Init
 .text.HAL_TIM_Base_Start_IT
                0x0800b7a8       0xf0 ./Drivers/STM32H7xx_HAL_Driver/Src/stm32h7xx_hal_tim.o
                0x0800b7a8                HAL_TIM_Base_Start_IT
 .text.HAL_TIM_PWM_Init
                0x0800b898       0xae ./Drivers/STM32H7xx_HAL_Driver/Src/stm32h7xx_hal_tim.o
                0x0800b898                HAL_TIM_PWM_Init
 .text.HAL_TIM_PWM_MspInit
                0x0800b946       0x14 ./Drivers/STM32H7xx_HAL_Driver/Src/stm32h7xx_hal_tim.o
                0x0800b946                HAL_TIM_PWM_MspInit
 .text.HAL_TIM_IRQHandler
                0x0800b95a      0x20e ./Drivers/STM32H7xx_HAL_Driver/Src/stm32h7xx_hal_tim.o
                0x0800b95a                HAL_TIM_IRQHandler
 .text.HAL_TIM_PWM_ConfigChannel
                0x0800bb68      0x228 ./Drivers/STM32H7xx_HAL_Driver/Src/stm32h7xx_hal_tim.o
                0x0800bb68                HAL_TIM_PWM_ConfigChannel
 .text.HAL_TIM_ConfigClockSource
                0x0800bd90      0x1f0 ./Drivers/STM32H7xx_HAL_Driver/Src/stm32h7xx_hal_tim.o
                0x0800bd90                HAL_TIM_ConfigClockSource
 .text.HAL_TIM_OC_DelayElapsedCallback
                0x0800bf80       0x14 ./Drivers/STM32H7xx_HAL_Driver/Src/stm32h7xx_hal_tim.o
                0x0800bf80                HAL_TIM_OC_DelayElapsedCallback
 .text.HAL_TIM_IC_CaptureCallback
                0x0800bf94       0x14 ./Drivers/STM32H7xx_HAL_Driver/Src/stm32h7xx_hal_tim.o
                0x0800bf94                HAL_TIM_IC_CaptureCallback
 .text.HAL_TIM_PWM_PulseFinishedCallback
                0x0800bfa8       0x14 ./Drivers/STM32H7xx_HAL_Driver/Src/stm32h7xx_hal_tim.o
                0x0800bfa8                HAL_TIM_PWM_PulseFinishedCallback
 .text.HAL_TIM_TriggerCallback
                0x0800bfbc       0x14 ./Drivers/STM32H7xx_HAL_Driver/Src/stm32h7xx_hal_tim.o
                0x0800bfbc                HAL_TIM_TriggerCallback
 .text.TIM_Base_SetConfig
                0x0800bfd0      0x140 ./Drivers/STM32H7xx_HAL_Driver/Src/stm32h7xx_hal_tim.o
                0x0800bfd0                TIM_Base_SetConfig
 .text.TIM_OC1_SetConfig
                0x0800c110      0x124 ./Drivers/STM32H7xx_HAL_Driver/Src/stm32h7xx_hal_tim.o
 .text.TIM_OC2_SetConfig
                0x0800c234      0x118 ./Drivers/STM32H7xx_HAL_Driver/Src/stm32h7xx_hal_tim.o
                0x0800c234                TIM_OC2_SetConfig
 .text.TIM_OC3_SetConfig
                0x0800c34c      0x114 ./Drivers/STM32H7xx_HAL_Driver/Src/stm32h7xx_hal_tim.o
 .text.TIM_OC4_SetConfig
                0x0800c460       0xd4 ./Drivers/STM32H7xx_HAL_Driver/Src/stm32h7xx_hal_tim.o
 .text.TIM_OC5_SetConfig
                0x0800c534       0xc8 ./Drivers/STM32H7xx_HAL_Driver/Src/stm32h7xx_hal_tim.o
 .text.TIM_OC6_SetConfig
                0x0800c5fc       0xcc ./Drivers/STM32H7xx_HAL_Driver/Src/stm32h7xx_hal_tim.o
 .text.TIM_TI1_ConfigInputStage
                0x0800c6c8       0xa8 ./Drivers/STM32H7xx_HAL_Driver/Src/stm32h7xx_hal_tim.o
 .text.TIM_TI2_ConfigInputStage
                0x0800c770       0x84 ./Drivers/STM32H7xx_HAL_Driver/Src/stm32h7xx_hal_tim.o
 .text.TIM_ITRx_SetConfig
                0x0800c7f4       0x3c ./Drivers/STM32H7xx_HAL_Driver/Src/stm32h7xx_hal_tim.o
 .text.TIM_ETR_SetConfig
                0x0800c830       0x40 ./Drivers/STM32H7xx_HAL_Driver/Src/stm32h7xx_hal_tim.o
                0x0800c830                TIM_ETR_SetConfig
 .text.HAL_TIMEx_MasterConfigSynchronization
                0x0800c870      0x11c ./Drivers/STM32H7xx_HAL_Driver/Src/stm32h7xx_hal_tim_ex.o
                0x0800c870                HAL_TIMEx_MasterConfigSynchronization
 .text.HAL_TIMEx_ConfigBreakDeadTime
                0x0800c98c       0xfc ./Drivers/STM32H7xx_HAL_Driver/Src/stm32h7xx_hal_tim_ex.o
                0x0800c98c                HAL_TIMEx_ConfigBreakDeadTime
 .text.HAL_TIMEx_CommutCallback
                0x0800ca88       0x14 ./Drivers/STM32H7xx_HAL_Driver/Src/stm32h7xx_hal_tim_ex.o
                0x0800ca88                HAL_TIMEx_CommutCallback
 .text.HAL_TIMEx_BreakCallback
                0x0800ca9c       0x14 ./Drivers/STM32H7xx_HAL_Driver/Src/stm32h7xx_hal_tim_ex.o
                0x0800ca9c                HAL_TIMEx_BreakCallback
 .text.HAL_TIMEx_Break2Callback
                0x0800cab0       0x14 ./Drivers/STM32H7xx_HAL_Driver/Src/stm32h7xx_hal_tim_ex.o
                0x0800cab0                HAL_TIMEx_Break2Callback
 .text.HAL_UART_Init
                0x0800cac4       0xa0 ./Drivers/STM32H7xx_HAL_Driver/Src/stm32h7xx_hal_uart.o
                0x0800cac4                HAL_UART_Init
 .text.UART_SetConfig
                0x0800cb64      0xad0 ./Drivers/STM32H7xx_HAL_Driver/Src/stm32h7xx_hal_uart.o
                0x0800cb64                UART_SetConfig
 .text.UART_AdvFeatureConfig
                0x0800d634      0x144 ./Drivers/STM32H7xx_HAL_Driver/Src/stm32h7xx_hal_uart.o
                0x0800d634                UART_AdvFeatureConfig
 .text.UART_CheckIdleState
                0x0800d778      0x154 ./Drivers/STM32H7xx_HAL_Driver/Src/stm32h7xx_hal_uart.o
                0x0800d778                UART_CheckIdleState
 .text.UART_WaitOnFlagUntilTimeout
                0x0800d8cc       0xda ./Drivers/STM32H7xx_HAL_Driver/Src/stm32h7xx_hal_uart.o
                0x0800d8cc                UART_WaitOnFlagUntilTimeout
 *fill*         0x0800d9a6        0x2 
 .text.UART_EndRxTransfer
                0x0800d9a8       0xcc ./Drivers/STM32H7xx_HAL_Driver/Src/stm32h7xx_hal_uart.o
 .text.HAL_UARTEx_DisableFifoMode
                0x0800da74       0x72 ./Drivers/STM32H7xx_HAL_Driver/Src/stm32h7xx_hal_uart_ex.o
                0x0800da74                HAL_UARTEx_DisableFifoMode
 .text.HAL_UARTEx_SetTxFifoThreshold
                0x0800dae6       0x7c ./Drivers/STM32H7xx_HAL_Driver/Src/stm32h7xx_hal_uart_ex.o
                0x0800dae6                HAL_UARTEx_SetTxFifoThreshold
 .text.HAL_UARTEx_SetRxFifoThreshold
                0x0800db62       0x7c ./Drivers/STM32H7xx_HAL_Driver/Src/stm32h7xx_hal_uart_ex.o
                0x0800db62                HAL_UARTEx_SetRxFifoThreshold
 *fill*         0x0800dbde        0x2 
 .text.UARTEx_SetNbDataToProcess
                0x0800dbe0       0x9c ./Drivers/STM32H7xx_HAL_Driver/Src/stm32h7xx_hal_uart_ex.o
 .text.SDMMC_Init
                0x0800dc7c       0x54 ./Drivers/STM32H7xx_HAL_Driver/Src/stm32h7xx_ll_sdmmc.o
                0x0800dc7c                SDMMC_Init
 .text.SDMMC_ReadFIFO
                0x0800dcd0       0x1a ./Drivers/STM32H7xx_HAL_Driver/Src/stm32h7xx_ll_sdmmc.o
                0x0800dcd0                SDMMC_ReadFIFO
 .text.SDMMC_WriteFIFO
                0x0800dcea       0x22 ./Drivers/STM32H7xx_HAL_Driver/Src/stm32h7xx_ll_sdmmc.o
                0x0800dcea                SDMMC_WriteFIFO
 .text.SDMMC_PowerState_ON
                0x0800dd0c       0x22 ./Drivers/STM32H7xx_HAL_Driver/Src/stm32h7xx_ll_sdmmc.o
                0x0800dd0c                SDMMC_PowerState_ON
 .text.SDMMC_GetPowerState
                0x0800dd2e       0x1c ./Drivers/STM32H7xx_HAL_Driver/Src/stm32h7xx_ll_sdmmc.o
                0x0800dd2e                SDMMC_GetPowerState
 *fill*         0x0800dd4a        0x2 
 .text.SDMMC_SendCommand
                0x0800dd4c       0x54 ./Drivers/STM32H7xx_HAL_Driver/Src/stm32h7xx_ll_sdmmc.o
                0x0800dd4c                SDMMC_SendCommand
 .text.SDMMC_GetCommandResponse
                0x0800dda0       0x1a ./Drivers/STM32H7xx_HAL_Driver/Src/stm32h7xx_ll_sdmmc.o
                0x0800dda0                SDMMC_GetCommandResponse
 .text.SDMMC_GetResponse
                0x0800ddba       0x26 ./Drivers/STM32H7xx_HAL_Driver/Src/stm32h7xx_ll_sdmmc.o
                0x0800ddba                SDMMC_GetResponse
 .text.SDMMC_ConfigData
                0x0800dde0       0x58 ./Drivers/STM32H7xx_HAL_Driver/Src/stm32h7xx_ll_sdmmc.o
                0x0800dde0                SDMMC_ConfigData
 .text.SDMMC_CmdBlockLength
                0x0800de38       0x46 ./Drivers/STM32H7xx_HAL_Driver/Src/stm32h7xx_ll_sdmmc.o
                0x0800de38                SDMMC_CmdBlockLength
 .text.SDMMC_CmdReadSingleBlock
                0x0800de7e       0x46 ./Drivers/STM32H7xx_HAL_Driver/Src/stm32h7xx_ll_sdmmc.o
                0x0800de7e                SDMMC_CmdReadSingleBlock
 .text.SDMMC_CmdReadMultiBlock
                0x0800dec4       0x46 ./Drivers/STM32H7xx_HAL_Driver/Src/stm32h7xx_ll_sdmmc.o
                0x0800dec4                SDMMC_CmdReadMultiBlock
 .text.SDMMC_CmdWriteSingleBlock
                0x0800df0a       0x46 ./Drivers/STM32H7xx_HAL_Driver/Src/stm32h7xx_ll_sdmmc.o
                0x0800df0a                SDMMC_CmdWriteSingleBlock
 .text.SDMMC_CmdWriteMultiBlock
                0x0800df50       0x46 ./Drivers/STM32H7xx_HAL_Driver/Src/stm32h7xx_ll_sdmmc.o
                0x0800df50                SDMMC_CmdWriteMultiBlock
 *fill*         0x0800df96        0x2 
 .text.SDMMC_CmdStopTransfer
                0x0800df98       0x78 ./Drivers/STM32H7xx_HAL_Driver/Src/stm32h7xx_ll_sdmmc.o
                0x0800df98                SDMMC_CmdStopTransfer
 .text.SDMMC_CmdSelDesel
                0x0800e010       0x46 ./Drivers/STM32H7xx_HAL_Driver/Src/stm32h7xx_ll_sdmmc.o
                0x0800e010                SDMMC_CmdSelDesel
 .text.SDMMC_CmdGoIdleState
                0x0800e056       0x3c ./Drivers/STM32H7xx_HAL_Driver/Src/stm32h7xx_ll_sdmmc.o
                0x0800e056                SDMMC_CmdGoIdleState
 .text.SDMMC_CmdOperCond
                0x0800e092       0x40 ./Drivers/STM32H7xx_HAL_Driver/Src/stm32h7xx_ll_sdmmc.o
                0x0800e092                SDMMC_CmdOperCond
 .text.SDMMC_CmdAppCommand
                0x0800e0d2       0x46 ./Drivers/STM32H7xx_HAL_Driver/Src/stm32h7xx_ll_sdmmc.o
                0x0800e0d2                SDMMC_CmdAppCommand
 .text.SDMMC_CmdAppOperCommand
                0x0800e118       0x40 ./Drivers/STM32H7xx_HAL_Driver/Src/stm32h7xx_ll_sdmmc.o
                0x0800e118                SDMMC_CmdAppOperCommand
 .text.SDMMC_CmdBusWidth
                0x0800e158       0x46 ./Drivers/STM32H7xx_HAL_Driver/Src/stm32h7xx_ll_sdmmc.o
                0x0800e158                SDMMC_CmdBusWidth
 .text.SDMMC_CmdSendSCR
                0x0800e19e       0x44 ./Drivers/STM32H7xx_HAL_Driver/Src/stm32h7xx_ll_sdmmc.o
                0x0800e19e                SDMMC_CmdSendSCR
 .text.SDMMC_CmdSendCID
                0x0800e1e2       0x3e ./Drivers/STM32H7xx_HAL_Driver/Src/stm32h7xx_ll_sdmmc.o
                0x0800e1e2                SDMMC_CmdSendCID
 .text.SDMMC_CmdSendCSD
                0x0800e220       0x40 ./Drivers/STM32H7xx_HAL_Driver/Src/stm32h7xx_ll_sdmmc.o
                0x0800e220                SDMMC_CmdSendCSD
 .text.SDMMC_CmdSetRelAdd
                0x0800e260       0x44 ./Drivers/STM32H7xx_HAL_Driver/Src/stm32h7xx_ll_sdmmc.o
                0x0800e260                SDMMC_CmdSetRelAdd
 .text.SDMMC_CmdSendStatus
                0x0800e2a4       0x46 ./Drivers/STM32H7xx_HAL_Driver/Src/stm32h7xx_ll_sdmmc.o
                0x0800e2a4                SDMMC_CmdSendStatus
 .text.SDMMC_CmdStatusRegister
                0x0800e2ea       0x44 ./Drivers/STM32H7xx_HAL_Driver/Src/stm32h7xx_ll_sdmmc.o
                0x0800e2ea                SDMMC_CmdStatusRegister
 *fill*         0x0800e32e        0x2 
 .text.SDMMC_GetCmdResp1
                0x0800e330      0x1e4 ./Drivers/STM32H7xx_HAL_Driver/Src/stm32h7xx_ll_sdmmc.o
                0x0800e330                SDMMC_GetCmdResp1
 .text.SDMMC_GetCmdResp2
                0x0800e514       0x94 ./Drivers/STM32H7xx_HAL_Driver/Src/stm32h7xx_ll_sdmmc.o
                0x0800e514                SDMMC_GetCmdResp2
 .text.SDMMC_GetCmdResp3
                0x0800e5a8       0x80 ./Drivers/STM32H7xx_HAL_Driver/Src/stm32h7xx_ll_sdmmc.o
                0x0800e5a8                SDMMC_GetCmdResp3
 .text.SDMMC_GetCmdResp6
                0x0800e628       0xf0 ./Drivers/STM32H7xx_HAL_Driver/Src/stm32h7xx_ll_sdmmc.o
                0x0800e628                SDMMC_GetCmdResp6
 .text.SDMMC_GetCmdResp7
                0x0800e718       0x9c ./Drivers/STM32H7xx_HAL_Driver/Src/stm32h7xx_ll_sdmmc.o
                0x0800e718                SDMMC_GetCmdResp7
 .text.SDMMC_GetCmdError
                0x0800e7b4       0x5c ./Drivers/STM32H7xx_HAL_Driver/Src/stm32h7xx_ll_sdmmc.o
 .text.USB_CoreInit
                0x0800e810       0xf0 ./Drivers/STM32H7xx_HAL_Driver/Src/stm32h7xx_ll_usb.o
                0x0800e810                USB_CoreInit
 .text.USB_SetTurnaroundTime
                0x0800e900      0x144 ./Drivers/STM32H7xx_HAL_Driver/Src/stm32h7xx_ll_usb.o
                0x0800e900                USB_SetTurnaroundTime
 .text.USB_EnableGlobalInt
                0x0800ea44       0x22 ./Drivers/STM32H7xx_HAL_Driver/Src/stm32h7xx_ll_usb.o
                0x0800ea44                USB_EnableGlobalInt
 .text.USB_DisableGlobalInt
                0x0800ea66       0x22 ./Drivers/STM32H7xx_HAL_Driver/Src/stm32h7xx_ll_usb.o
                0x0800ea66                USB_DisableGlobalInt
 .text.USB_SetCurrentMode
                0x0800ea88       0x98 ./Drivers/STM32H7xx_HAL_Driver/Src/stm32h7xx_ll_usb.o
                0x0800ea88                USB_SetCurrentMode
 .text.USB_DevInit
                0x0800eb20      0x2bc ./Drivers/STM32H7xx_HAL_Driver/Src/stm32h7xx_ll_usb.o
                0x0800eb20                USB_DevInit
 .text.USB_FlushTxFifo
                0x0800eddc       0x64 ./Drivers/STM32H7xx_HAL_Driver/Src/stm32h7xx_ll_usb.o
                0x0800eddc                USB_FlushTxFifo
 .text.USB_FlushRxFifo
                0x0800ee40       0x5c ./Drivers/STM32H7xx_HAL_Driver/Src/stm32h7xx_ll_usb.o
                0x0800ee40                USB_FlushRxFifo
 .text.USB_SetDevSpeed
                0x0800ee9c       0x32 ./Drivers/STM32H7xx_HAL_Driver/Src/stm32h7xx_ll_usb.o
                0x0800ee9c                USB_SetDevSpeed
 .text.USB_GetDevSpeed
                0x0800eece       0x4a ./Drivers/STM32H7xx_HAL_Driver/Src/stm32h7xx_ll_usb.o
                0x0800eece                USB_GetDevSpeed
 .text.USB_ActivateEndpoint
                0x0800ef18      0x110 ./Drivers/STM32H7xx_HAL_Driver/Src/stm32h7xx_ll_usb.o
                0x0800ef18                USB_ActivateEndpoint
 .text.USB_DeactivateEndpoint
                0x0800f028      0x1b8 ./Drivers/STM32H7xx_HAL_Driver/Src/stm32h7xx_ll_usb.o
                0x0800f028                USB_DeactivateEndpoint
 .text.USB_EPStartXfer
                0x0800f1e0      0x548 ./Drivers/STM32H7xx_HAL_Driver/Src/stm32h7xx_ll_usb.o
                0x0800f1e0                USB_EPStartXfer
 .text.USB_EPStopXfer
                0x0800f728      0x1fa ./Drivers/STM32H7xx_HAL_Driver/Src/stm32h7xx_ll_usb.o
                0x0800f728                USB_EPStopXfer
 .text.USB_EPSetStall
                0x0800f922       0xdc ./Drivers/STM32H7xx_HAL_Driver/Src/stm32h7xx_ll_usb.o
                0x0800f922                USB_EPSetStall
 .text.USB_EPClearStall
                0x0800f9fe       0xcc ./Drivers/STM32H7xx_HAL_Driver/Src/stm32h7xx_ll_usb.o
                0x0800f9fe                USB_EPClearStall
 .text.USB_WritePacket
                0x0800faca       0x7c ./Drivers/STM32H7xx_HAL_Driver/Src/stm32h7xx_ll_usb.o
                0x0800faca                USB_WritePacket
 .text.USB_ReadPacket
                0x0800fb46       0xb0 ./Drivers/STM32H7xx_HAL_Driver/Src/stm32h7xx_ll_usb.o
                0x0800fb46                USB_ReadPacket
 .text.USB_SetDevAddress
                0x0800fbf6       0x4c ./Drivers/STM32H7xx_HAL_Driver/Src/stm32h7xx_ll_usb.o
                0x0800fbf6                USB_SetDevAddress
 .text.USB_DevConnect
                0x0800fc42       0x42 ./Drivers/STM32H7xx_HAL_Driver/Src/stm32h7xx_ll_usb.o
                0x0800fc42                USB_DevConnect
 .text.USB_DevDisconnect
                0x0800fc84       0x42 ./Drivers/STM32H7xx_HAL_Driver/Src/stm32h7xx_ll_usb.o
                0x0800fc84                USB_DevDisconnect
 .text.USB_ReadInterrupts
                0x0800fcc6       0x26 ./Drivers/STM32H7xx_HAL_Driver/Src/stm32h7xx_ll_usb.o
                0x0800fcc6                USB_ReadInterrupts
 .text.USB_ReadDevAllOutEpInterrupt
                0x0800fcec       0x34 ./Drivers/STM32H7xx_HAL_Driver/Src/stm32h7xx_ll_usb.o
                0x0800fcec                USB_ReadDevAllOutEpInterrupt
 .text.USB_ReadDevAllInEpInterrupt
                0x0800fd20       0x34 ./Drivers/STM32H7xx_HAL_Driver/Src/stm32h7xx_ll_usb.o
                0x0800fd20                USB_ReadDevAllInEpInterrupt
 .text.USB_ReadDevOutEPInterrupt
                0x0800fd54       0x3c ./Drivers/STM32H7xx_HAL_Driver/Src/stm32h7xx_ll_usb.o
                0x0800fd54                USB_ReadDevOutEPInterrupt
 .text.USB_ReadDevInEPInterrupt
                0x0800fd90       0x5c ./Drivers/STM32H7xx_HAL_Driver/Src/stm32h7xx_ll_usb.o
                0x0800fd90                USB_ReadDevInEPInterrupt
 .text.USB_GetMode
                0x0800fdec       0x1c ./Drivers/STM32H7xx_HAL_Driver/Src/stm32h7xx_ll_usb.o
                0x0800fdec                USB_GetMode
 .text.USB_ActivateSetup
                0x0800fe08       0x48 ./Drivers/STM32H7xx_HAL_Driver/Src/stm32h7xx_ll_usb.o
                0x0800fe08                USB_ActivateSetup
 .text.USB_EP0_OutStart
                0x0800fe50       0xbc ./Drivers/STM32H7xx_HAL_Driver/Src/stm32h7xx_ll_usb.o
                0x0800fe50                USB_EP0_OutStart
 .text.USB_CoreReset
                0x0800ff0c       0x70 ./Drivers/STM32H7xx_HAL_Driver/Src/stm32h7xx_ll_usb.o
 .text.MX_FATFS_Init
                0x0800ff7c       0x24 ./FATFS/App/fatfs.o
                0x0800ff7c                MX_FATFS_Init
 .text.BSP_SD_Init
                0x0800ffa0       0x4c ./FATFS/Target/bsp_driver_sd.o
                0x0800ffa0                BSP_SD_Init
 .text.BSP_SD_ReadBlocks
                0x0800ffec       0x3c ./FATFS/Target/bsp_driver_sd.o
                0x0800ffec                BSP_SD_ReadBlocks
 .text.BSP_SD_WriteBlocks
                0x08010028       0x3c ./FATFS/Target/bsp_driver_sd.o
                0x08010028                BSP_SD_WriteBlocks
 .text.BSP_SD_GetCardState
                0x08010064       0x20 ./FATFS/Target/bsp_driver_sd.o
                0x08010064                BSP_SD_GetCardState
 .text.BSP_SD_GetCardInfo
                0x08010084       0x1c ./FATFS/Target/bsp_driver_sd.o
                0x08010084                BSP_SD_GetCardInfo
 .text.HAL_SD_TxCpltCallback
                0x080100a0       0x14 ./FATFS/Target/bsp_driver_sd.o
                0x080100a0                HAL_SD_TxCpltCallback
 .text.HAL_SD_RxCpltCallback
                0x080100b4       0x14 ./FATFS/Target/bsp_driver_sd.o
                0x080100b4                HAL_SD_RxCpltCallback
 .text.BSP_SD_WriteCpltCallback
                0x080100c8        0xe ./FATFS/Target/bsp_driver_sd.o
                0x080100c8                BSP_SD_WriteCpltCallback
 .text.BSP_SD_ReadCpltCallback
                0x080100d6        0xe ./FATFS/Target/bsp_driver_sd.o
                0x080100d6                BSP_SD_ReadCpltCallback
 .text.BSP_SD_IsDetected
                0x080100e4       0x1a ./FATFS/Target/bsp_driver_sd.o
                0x080100e4                BSP_SD_IsDetected
 *fill*         0x080100fe        0x2 
 .text.SD_CheckStatus
                0x08010100       0x3c ./FATFS/Target/sd_diskio.o
 .text.SD_initialize
                0x0801013c       0x3c ./FATFS/Target/sd_diskio.o
                0x0801013c                SD_initialize
 .text.SD_status
                0x08010178       0x1c ./FATFS/Target/sd_diskio.o
                0x08010178                SD_status
 .text.SD_read  0x08010194       0x42 ./FATFS/Target/sd_diskio.o
                0x08010194                SD_read
 .text.SD_write
                0x080101d6       0x42 ./FATFS/Target/sd_diskio.o
                0x080101d6                SD_write
 .text.SD_ioctl
                0x08010218       0xb0 ./FATFS/Target/sd_diskio.o
                0x08010218                SD_ioctl
 .text.USBD_CDC_Init
                0x080102c8      0x1f0 ./Middlewares/ST/STM32_USB_Device_Library/Class/CDC/Src/usbd_cdc.o
 .text.USBD_CDC_DeInit
                0x080104b8      0x104 ./Middlewares/ST/STM32_USB_Device_Library/Class/CDC/Src/usbd_cdc.o
 .text.USBD_CDC_Setup
                0x080105bc      0x1b8 ./Middlewares/ST/STM32_USB_Device_Library/Class/CDC/Src/usbd_cdc.o
 .text.USBD_CDC_DataIn
                0x08010774       0xfe ./Middlewares/ST/STM32_USB_Device_Library/Class/CDC/Src/usbd_cdc.o
 .text.USBD_CDC_DataOut
                0x08010872       0x70 ./Middlewares/ST/STM32_USB_Device_Library/Class/CDC/Src/usbd_cdc.o
 .text.USBD_CDC_EP0_RxReady
                0x080108e2       0x74 ./Middlewares/ST/STM32_USB_Device_Library/Class/CDC/Src/usbd_cdc.o
 *fill*         0x08010956        0x2 
 .text.USBD_CDC_GetFSCfgDesc
                0x08010958       0x70 ./Middlewares/ST/STM32_USB_Device_Library/Class/CDC/Src/usbd_cdc.o
 .text.USBD_CDC_GetHSCfgDesc
                0x080109c8       0x70 ./Middlewares/ST/STM32_USB_Device_Library/Class/CDC/Src/usbd_cdc.o
 .text.USBD_CDC_GetOtherSpeedCfgDesc
                0x08010a38       0x70 ./Middlewares/ST/STM32_USB_Device_Library/Class/CDC/Src/usbd_cdc.o
 .text.USBD_CDC_GetDeviceQualifierDescriptor
                0x08010aa8       0x20 ./Middlewares/ST/STM32_USB_Device_Library/Class/CDC/Src/usbd_cdc.o
                0x08010aa8                USBD_CDC_GetDeviceQualifierDescriptor
 .text.USBD_CDC_RegisterInterface
                0x08010ac8       0x34 ./Middlewares/ST/STM32_USB_Device_Library/Class/CDC/Src/usbd_cdc.o
                0x08010ac8                USBD_CDC_RegisterInterface
 .text.USBD_CDC_SetTxBuffer
                0x08010afc       0x44 ./Middlewares/ST/STM32_USB_Device_Library/Class/CDC/Src/usbd_cdc.o
                0x08010afc                USBD_CDC_SetTxBuffer
 .text.USBD_CDC_SetRxBuffer
                0x08010b40       0x3a ./Middlewares/ST/STM32_USB_Device_Library/Class/CDC/Src/usbd_cdc.o
                0x08010b40                USBD_CDC_SetRxBuffer
 *fill*         0x08010b7a        0x2 
 .text.USBD_CDC_ReceivePacket
                0x08010b7c       0x6c ./Middlewares/ST/STM32_USB_Device_Library/Class/CDC/Src/usbd_cdc.o
                0x08010b7c                USBD_CDC_ReceivePacket
 .text.USBD_Init
                0x08010be8       0x60 ./Middlewares/ST/STM32_USB_Device_Library/Core/Src/usbd_core.o
                0x08010be8                USBD_Init
 .text.USBD_RegisterClass
                0x08010c48       0x6c ./Middlewares/ST/STM32_USB_Device_Library/Core/Src/usbd_core.o
                0x08010c48                USBD_RegisterClass
 .text.USBD_Start
                0x08010cb4       0x18 ./Middlewares/ST/STM32_USB_Device_Library/Core/Src/usbd_core.o
                0x08010cb4                USBD_Start
 .text.USBD_RunTestMode
                0x08010ccc       0x16 ./Middlewares/ST/STM32_USB_Device_Library/Core/Src/usbd_core.o
                0x08010ccc                USBD_RunTestMode
 .text.USBD_SetClassConfig
                0x08010ce2       0x38 ./Middlewares/ST/STM32_USB_Device_Library/Core/Src/usbd_core.o
                0x08010ce2                USBD_SetClassConfig
 .text.USBD_ClrClassConfig
                0x08010d1a       0x34 ./Middlewares/ST/STM32_USB_Device_Library/Core/Src/usbd_core.o
                0x08010d1a                USBD_ClrClassConfig
 .text.USBD_LL_SetupStage
                0x08010d4e       0xaa ./Middlewares/ST/STM32_USB_Device_Library/Core/Src/usbd_core.o
                0x08010d4e                USBD_LL_SetupStage
 .text.USBD_LL_DataOutStage
                0x08010df8      0x178 ./Middlewares/ST/STM32_USB_Device_Library/Core/Src/usbd_core.o
                0x08010df8                USBD_LL_DataOutStage
 .text.USBD_LL_DataInStage
                0x08010f70      0x176 ./Middlewares/ST/STM32_USB_Device_Library/Core/Src/usbd_core.o
                0x08010f70                USBD_LL_DataInStage
 .text.USBD_LL_Reset
                0x080110e6       0xa6 ./Middlewares/ST/STM32_USB_Device_Library/Core/Src/usbd_core.o
                0x080110e6                USBD_LL_Reset
 .text.USBD_LL_SetSpeed
                0x0801118c       0x20 ./Middlewares/ST/STM32_USB_Device_Library/Core/Src/usbd_core.o
                0x0801118c                USBD_LL_SetSpeed
 .text.USBD_LL_Suspend
                0x080111ac       0x38 ./Middlewares/ST/STM32_USB_Device_Library/Core/Src/usbd_core.o
                0x080111ac                USBD_LL_Suspend
 .text.USBD_LL_Resume
                0x080111e4       0x30 ./Middlewares/ST/STM32_USB_Device_Library/Core/Src/usbd_core.o
                0x080111e4                USBD_LL_Resume
 .text.USBD_LL_SOF
                0x08011214       0x40 ./Middlewares/ST/STM32_USB_Device_Library/Core/Src/usbd_core.o
                0x08011214                USBD_LL_SOF
 .text.USBD_LL_IsoINIncomplete
                0x08011254       0x64 ./Middlewares/ST/STM32_USB_Device_Library/Core/Src/usbd_core.o
                0x08011254                USBD_LL_IsoINIncomplete
 .text.USBD_LL_IsoOUTIncomplete
                0x080112b8       0x64 ./Middlewares/ST/STM32_USB_Device_Library/Core/Src/usbd_core.o
                0x080112b8                USBD_LL_IsoOUTIncomplete
 .text.USBD_LL_DevConnected
                0x0801131c       0x16 ./Middlewares/ST/STM32_USB_Device_Library/Core/Src/usbd_core.o
                0x0801131c                USBD_LL_DevConnected
 .text.USBD_LL_DevDisconnected
                0x08011332       0x46 ./Middlewares/ST/STM32_USB_Device_Library/Core/Src/usbd_core.o
                0x08011332                USBD_LL_DevDisconnected
 .text.USBD_CoreFindIF
                0x08011378       0x1a ./Middlewares/ST/STM32_USB_Device_Library/Core/Src/usbd_core.o
                0x08011378                USBD_CoreFindIF
 .text.USBD_CoreFindEP
                0x08011392       0x1a ./Middlewares/ST/STM32_USB_Device_Library/Core/Src/usbd_core.o
                0x08011392                USBD_CoreFindEP
 .text.USBD_GetEpDesc
                0x080113ac       0x70 ./Middlewares/ST/STM32_USB_Device_Library/Core/Src/usbd_core.o
                0x080113ac                USBD_GetEpDesc
 .text.USBD_GetNextDesc
                0x0801141c       0x38 ./Middlewares/ST/STM32_USB_Device_Library/Core/Src/usbd_core.o
                0x0801141c                USBD_GetNextDesc
 .text.SWAPBYTE
                0x08011454       0x3e ./Middlewares/ST/STM32_USB_Device_Library/Core/Src/usbd_ctlreq.o
 *fill*         0x08011492        0x2 
 .text.USBD_StdDevReq
                0x08011494       0xe4 ./Middlewares/ST/STM32_USB_Device_Library/Core/Src/usbd_ctlreq.o
                0x08011494                USBD_StdDevReq
 .text.USBD_StdItfReq
                0x08011578       0xd8 ./Middlewares/ST/STM32_USB_Device_Library/Core/Src/usbd_ctlreq.o
                0x08011578                USBD_StdItfReq
 .text.USBD_StdEPReq
                0x08011650      0x33e ./Middlewares/ST/STM32_USB_Device_Library/Core/Src/usbd_ctlreq.o
                0x08011650                USBD_StdEPReq
 *fill*         0x0801198e        0x2 
 .text.USBD_GetDescriptor
                0x08011990      0x328 ./Middlewares/ST/STM32_USB_Device_Library/Core/Src/usbd_ctlreq.o
 .text.USBD_SetAddress
                0x08011cb8       0x88 ./Middlewares/ST/STM32_USB_Device_Library/Core/Src/usbd_ctlreq.o
 .text.USBD_SetConfig
                0x08011d40      0x154 ./Middlewares/ST/STM32_USB_Device_Library/Core/Src/usbd_ctlreq.o
 .text.USBD_GetConfig
                0x08011e94       0x6c ./Middlewares/ST/STM32_USB_Device_Library/Core/Src/usbd_ctlreq.o
 .text.USBD_GetStatus
                0x08011f00       0x68 ./Middlewares/ST/STM32_USB_Device_Library/Core/Src/usbd_ctlreq.o
 .text.USBD_SetFeature
                0x08011f68       0x52 ./Middlewares/ST/STM32_USB_Device_Library/Core/Src/usbd_ctlreq.o
 .text.USBD_ClrFeature
                0x08011fba       0x44 ./Middlewares/ST/STM32_USB_Device_Library/Core/Src/usbd_ctlreq.o
 .text.USBD_ParseSetupRequest
                0x08011ffe       0x74 ./Middlewares/ST/STM32_USB_Device_Library/Core/Src/usbd_ctlreq.o
                0x08011ffe                USBD_ParseSetupRequest
 .text.USBD_CtlError
                0x08012072       0x22 ./Middlewares/ST/STM32_USB_Device_Library/Core/Src/usbd_ctlreq.o
                0x08012072                USBD_CtlError
 .text.USBD_GetString
                0x08012094       0xa4 ./Middlewares/ST/STM32_USB_Device_Library/Core/Src/usbd_ctlreq.o
                0x08012094                USBD_GetString
 .text.USBD_GetLen
                0x08012138       0x34 ./Middlewares/ST/STM32_USB_Device_Library/Core/Src/usbd_ctlreq.o
 .text.USBD_CtlSendData
                0x0801216c       0x3c ./Middlewares/ST/STM32_USB_Device_Library/Core/Src/usbd_ioreq.o
                0x0801216c                USBD_CtlSendData
 .text.USBD_CtlContinueSendData
                0x080121a8       0x22 ./Middlewares/ST/STM32_USB_Device_Library/Core/Src/usbd_ioreq.o
                0x080121a8                USBD_CtlContinueSendData
 .text.USBD_CtlPrepareRx
                0x080121ca       0x42 ./Middlewares/ST/STM32_USB_Device_Library/Core/Src/usbd_ioreq.o
                0x080121ca                USBD_CtlPrepareRx
 .text.USBD_CtlContinueRx
                0x0801220c       0x22 ./Middlewares/ST/STM32_USB_Device_Library/Core/Src/usbd_ioreq.o
                0x0801220c                USBD_CtlContinueRx
 .text.USBD_CtlSendStatus
                0x0801222e       0x26 ./Middlewares/ST/STM32_USB_Device_Library/Core/Src/usbd_ioreq.o
                0x0801222e                USBD_CtlSendStatus
 .text.USBD_CtlReceiveStatus
                0x08012254       0x26 ./Middlewares/ST/STM32_USB_Device_Library/Core/Src/usbd_ioreq.o
                0x08012254                USBD_CtlReceiveStatus
 *fill*         0x0801227a        0x2 
 .text.FATFS_LinkDriverEx
                0x0801227c       0x98 ./Middlewares/Third_Party/FatFs/src/ff_gen_drv.o
                0x0801227c                FATFS_LinkDriverEx
 .text.FATFS_LinkDriver
                0x08012314       0x1e ./Middlewares/Third_Party/FatFs/src/ff_gen_drv.o
                0x08012314                FATFS_LinkDriver
 *fill*         0x08012332        0x2 
 .text.MX_USB_DEVICE_Init
                0x08012334       0x64 ./USB_DEVICE/App/usb_device.o
                0x08012334                MX_USB_DEVICE_Init
 .text.CDC_Init_FS
                0x08012398       0x28 ./USB_DEVICE/App/usbd_cdc_if.o
 .text.CDC_DeInit_FS
                0x080123c0       0x10 ./USB_DEVICE/App/usbd_cdc_if.o
 .text.CDC_Control_FS
                0x080123d0       0xbc ./USB_DEVICE/App/usbd_cdc_if.o
 .text.CDC_Receive_FS
                0x0801248c       0x28 ./USB_DEVICE/App/usbd_cdc_if.o
 .text.CDC_TransmitCplt_FS
                0x080124b4       0x22 ./USB_DEVICE/App/usbd_cdc_if.o
 *fill*         0x080124d6        0x2 
 .text.USBD_FS_DeviceDescriptor
                0x080124d8       0x24 ./USB_DEVICE/App/usbd_desc.o
                0x080124d8                USBD_FS_DeviceDescriptor
 .text.USBD_FS_LangIDStrDescriptor
                0x080124fc       0x24 ./USB_DEVICE/App/usbd_desc.o
                0x080124fc                USBD_FS_LangIDStrDescriptor
 .text.USBD_FS_ProductStrDescriptor
                0x08012520       0x3c ./USB_DEVICE/App/usbd_desc.o
                0x08012520                USBD_FS_ProductStrDescriptor
 .text.USBD_FS_ManufacturerStrDescriptor
                0x0801255c       0x28 ./USB_DEVICE/App/usbd_desc.o
                0x0801255c                USBD_FS_ManufacturerStrDescriptor
 .text.USBD_FS_SerialStrDescriptor
                0x08012584       0x24 ./USB_DEVICE/App/usbd_desc.o
                0x08012584                USBD_FS_SerialStrDescriptor
 .text.USBD_FS_ConfigStrDescriptor
                0x080125a8       0x3c ./USB_DEVICE/App/usbd_desc.o
                0x080125a8                USBD_FS_ConfigStrDescriptor
 .text.USBD_FS_InterfaceStrDescriptor
                0x080125e4       0x3c ./USB_DEVICE/App/usbd_desc.o
                0x080125e4                USBD_FS_InterfaceStrDescriptor
 .text.Get_SerialNum
                0x08012620       0x58 ./USB_DEVICE/App/usbd_desc.o
 .text.IntToUnicode
                0x08012678       0x7e ./USB_DEVICE/App/usbd_desc.o
 *fill*         0x080126f6        0x2 
 .text.HAL_PCD_MspInit
                0x080126f8       0xe8 ./USB_DEVICE/Target/usbd_conf.o
                0x080126f8                HAL_PCD_MspInit
 .text.HAL_PCD_SetupStageCallback
                0x080127e0       0x24 ./USB_DEVICE/Target/usbd_conf.o
                0x080127e0                HAL_PCD_SetupStageCallback
 .text.HAL_PCD_DataOutStageCallback
                0x08012804       0x36 ./USB_DEVICE/Target/usbd_conf.o
                0x08012804                HAL_PCD_DataOutStageCallback
 .text.HAL_PCD_DataInStageCallback
                0x0801283a       0x34 ./USB_DEVICE/Target/usbd_conf.o
                0x0801283a                HAL_PCD_DataInStageCallback
 .text.HAL_PCD_SOFCallback
                0x0801286e       0x1c ./USB_DEVICE/Target/usbd_conf.o
                0x0801286e                HAL_PCD_SOFCallback
 .text.HAL_PCD_ResetCallback
                0x0801288a       0x50 ./USB_DEVICE/Target/usbd_conf.o
                0x0801288a                HAL_PCD_ResetCallback
 *fill*         0x080128da        0x2 
 .text.HAL_PCD_SuspendCallback
                0x080128dc       0x4c ./USB_DEVICE/Target/usbd_conf.o
                0x080128dc                HAL_PCD_SuspendCallback
 .text.HAL_PCD_ResumeCallback
                0x08012928       0x1c ./USB_DEVICE/Target/usbd_conf.o
                0x08012928                HAL_PCD_ResumeCallback
 .text.HAL_PCD_ISOOUTIncompleteCallback
                0x08012944       0x24 ./USB_DEVICE/Target/usbd_conf.o
                0x08012944                HAL_PCD_ISOOUTIncompleteCallback
 .text.HAL_PCD_ISOINIncompleteCallback
                0x08012968       0x24 ./USB_DEVICE/Target/usbd_conf.o
                0x08012968                HAL_PCD_ISOINIncompleteCallback
 .text.HAL_PCD_ConnectCallback
                0x0801298c       0x1c ./USB_DEVICE/Target/usbd_conf.o
                0x0801298c                HAL_PCD_ConnectCallback
 .text.HAL_PCD_DisconnectCallback
                0x080129a8       0x1c ./USB_DEVICE/Target/usbd_conf.o
                0x080129a8                HAL_PCD_DisconnectCallback
 .text.USBD_LL_Init
                0x080129c4       0xa0 ./USB_DEVICE/Target/usbd_conf.o
                0x080129c4                USBD_LL_Init
 .text.USBD_LL_Start
                0x08012a64       0x36 ./USB_DEVICE/Target/usbd_conf.o
                0x08012a64                USBD_LL_Start
 .text.USBD_LL_OpenEP
                0x08012a9a       0x4c ./USB_DEVICE/Target/usbd_conf.o
                0x08012a9a                USBD_LL_OpenEP
 .text.USBD_LL_CloseEP
                0x08012ae6       0x3e ./USB_DEVICE/Target/usbd_conf.o
                0x08012ae6                USBD_LL_CloseEP
 .text.USBD_LL_StallEP
                0x08012b24       0x3e ./USB_DEVICE/Target/usbd_conf.o
                0x08012b24                USBD_LL_StallEP
 .text.USBD_LL_ClearStallEP
                0x08012b62       0x3e ./USB_DEVICE/Target/usbd_conf.o
                0x08012b62                USBD_LL_ClearStallEP
 .text.USBD_LL_IsStallEP
                0x08012ba0       0x58 ./USB_DEVICE/Target/usbd_conf.o
                0x08012ba0                USBD_LL_IsStallEP
 .text.USBD_LL_SetUSBAddress
                0x08012bf8       0x3e ./USB_DEVICE/Target/usbd_conf.o
                0x08012bf8                USBD_LL_SetUSBAddress
 .text.USBD_LL_Transmit
                0x08012c36       0x42 ./USB_DEVICE/Target/usbd_conf.o
                0x08012c36                USBD_LL_Transmit
 .text.USBD_LL_PrepareReceive
                0x08012c78       0x42 ./USB_DEVICE/Target/usbd_conf.o
                0x08012c78                USBD_LL_PrepareReceive
 .text.USBD_LL_GetRxDataSize
                0x08012cba       0x26 ./USB_DEVICE/Target/usbd_conf.o
                0x08012cba                USBD_LL_GetRxDataSize
 .text.USBD_static_malloc
                0x08012ce0       0x1c ./USB_DEVICE/Target/usbd_conf.o
                0x08012ce0                USBD_static_malloc
 .text.USBD_static_free
                0x08012cfc       0x14 ./USB_DEVICE/Target/usbd_conf.o
                0x08012cfc                USBD_static_free
 .text.USBD_Get_USB_Status
                0x08012d10       0x58 ./USB_DEVICE/Target/usbd_conf.o
                0x08012d10                USBD_Get_USB_Status
 .text.memset   0x08012d68       0x10 /home/lasan-perera/st/stm32cubeide_2.1.1_3/plugins/com.st.stm32cube.ide.mcu.externaltools.gnu-tools-for-stm32.14.3.rel1.linux64_1.0.100.202602081740/tools/bin/../lib/gcc/arm-none-eabi/14.3.1/../../../../arm-none-eabi/lib/thumb/v7e-m+dp/hard/libc_nano.a(libc_a-memset.o)
                0x08012d68                memset
 .text.__libc_init_array
                0x08012d78       0x48 /home/lasan-perera/st/stm32cubeide_2.1.1_3/plugins/com.st.stm32cube.ide.mcu.externaltools.gnu-tools-for-stm32.14.3.rel1.linux64_1.0.100.202602081740/tools/bin/../lib/gcc/arm-none-eabi/14.3.1/../../../../arm-none-eabi/lib/thumb/v7e-m+dp/hard/libc_nano.a(libc_a-init.o)
                0x08012d78                __libc_init_array
 *(.glue_7)
 .glue_7        0x08012dc0        0x0 linker stubs
 *(.glue_7t)
 .glue_7t       0x08012dc0        0x0 linker stubs
 *(.eh_frame)
 .eh_frame      0x08012dc0        0x0 /home/lasan-perera/st/stm32cubeide_2.1.1_3/plugins/com.st.stm32cube.ide.mcu.externaltools.gnu-tools-for-stm32.14.3.rel1.linux64_1.0.100.202602081740/tools/bin/../lib/gcc/arm-none-eabi/14.3.1/thumb/v7e-m+dp/hard/crtbegin.o
 *(.init)
 .init          0x08012dc0        0x4 /home/lasan-perera/st/stm32cubeide_2.1.1_3/plugins/com.st.stm32cube.ide.mcu.externaltools.gnu-tools-for-stm32.14.3.rel1.linux64_1.0.100.202602081740/tools/bin/../lib/gcc/arm-none-eabi/14.3.1/thumb/v7e-m+dp/hard/crti.o
                0x08012dc0                _init
 .init          0x08012dc4        0x8 /home/lasan-perera/st/stm32cubeide_2.1.1_3/plugins/com.st.stm32cube.ide.mcu.externaltools.gnu-tools-for-stm32.14.3.rel1.linux64_1.0.100.202602081740/tools/bin/../lib/gcc/arm-none-eabi/14.3.1/thumb/v7e-m+dp/hard/crtn.o
 *(.fini)
 .fini          0x08012dcc        0x4 /home/lasan-perera/st/stm32cubeide_2.1.1_3/plugins/com.st.stm32cube.ide.mcu.externaltools.gnu-tools-for-stm32.14.3.rel1.linux64_1.0.100.202602081740/tools/bin/../lib/gcc/arm-none-eabi/14.3.1/thumb/v7e-m+dp/hard/crti.o
                0x08012dcc                _fini
 .fini          0x08012dd0        0x8 /home/lasan-perera/st/stm32cubeide_2.1.1_3/plugins/com.st.stm32cube.ide.mcu.externaltools.gnu-tools-for-stm32.14.3.rel1.linux64_1.0.100.202602081740/tools/bin/../lib/gcc/arm-none-eabi/14.3.1/thumb/v7e-m+dp/hard/crtn.o
                0x08012dd8                        . = ALIGN (0x4)
                0x08012dd8                        _etext = .

.vfp11_veneer   0x08012dd8        0x0
 .vfp11_veneer  0x08012dd8        0x0 linker stubs

.v4_bx          0x08012dd8        0x0
 .v4_bx         0x08012dd8        0x0 linker stubs

.iplt           0x08012dd8        0x0
 .iplt          0x08012dd8        0x0 /home/lasan-perera/st/stm32cubeide_2.1.1_3/plugins/com.st.stm32cube.ide.mcu.externaltools.gnu-tools-for-stm32.14.3.rel1.linux64_1.0.100.202602081740/tools/bin/../lib/gcc/arm-none-eabi/14.3.1/thumb/v7e-m+dp/hard/crtbegin.o

.rodata         0x08012dd8       0xb4
                0x08012dd8                        . = ALIGN (0x4)
 *(.rodata)
 .rodata        0x08012dd8       0x18 ./Core/Src/main.o
 *(.rodata*)
 .rodata.D1CorePrescTable
                0x08012df0       0x10 ./Core/Src/system_stm32h7xx.o
                0x08012df0                D1CorePrescTable
 .rodata.flagBitshiftOffset.0
                0x08012e00        0x8 ./Drivers/STM32H7xx_HAL_Driver/Src/stm32h7xx_hal_dma.o
 .rodata.UARTPrescTable
                0x08012e08       0x18 ./Drivers/STM32H7xx_HAL_Driver/Src/stm32h7xx_hal_uart.o
                0x08012e08                UARTPrescTable
 .rodata.numerator.1
                0x08012e20        0x8 ./Drivers/STM32H7xx_HAL_Driver/Src/stm32h7xx_hal_uart_ex.o
 .rodata.denominator.0
                0x08012e28        0x8 ./Drivers/STM32H7xx_HAL_Driver/Src/stm32h7xx_hal_uart_ex.o
 .rodata.SD_Driver
                0x08012e30       0x14 ./FATFS/Target/sd_diskio.o
                0x08012e30                SD_Driver
 .rodata.USBD_FS_ProductStrDescriptor.str1.4
                0x08012e44       0x46 ./USB_DEVICE/App/usbd_desc.o
                                 0x16 (size before relaxing)
 .rodata.USBD_FS_ManufacturerStrDescriptor.str1.4
                0x08012e8a       0x13 ./USB_DEVICE/App/usbd_desc.o
 .rodata.USBD_FS_ConfigStrDescriptor.str1.4
                0x08012e8a        0xb ./USB_DEVICE/App/usbd_desc.o
 .rodata.USBD_FS_InterfaceStrDescriptor.str1.4
                0x08012e8a        0xe ./USB_DEVICE/App/usbd_desc.o
                0x08012ea0                        . = ALIGN (0x4)
 *fill*         0x08012e8a        0x2 

.ARM.extab
 *(.ARM.extab* .gnu.linkonce.armextab.*)

.ARM            0x08012e8c        0x8
                0x08012e8c                        __exidx_start = .
 *(.ARM.exidx*)
 .ARM.exidx     0x08012e8c        0x8 /home/lasan-perera/st/stm32cubeide_2.1.1_3/plugins/com.st.stm32cube.ide.mcu.externaltools.gnu-tools-for-stm32.14.3.rel1.linux64_1.0.100.202602081740/tools/bin/../lib/gcc/arm-none-eabi/14.3.1/thumb/v7e-m+dp/hard/libgcc.a(_udivmoddi4.o)
                0x08012e94                        __exidx_end = .

.preinit_array  0x08012e94        0x0
                0x08012e94                        PROVIDE (__preinit_array_start = .)
 *(.preinit_array*)
                0x08012e94                        PROVIDE (__preinit_array_end = .)

.init_array     0x08012e94        0x4
                0x08012e94                        PROVIDE (__init_array_start = .)
 *(SORT_BY_NAME(.init_array.*))
 *(.init_array*)
 .init_array    0x08012e94        0x4 /home/lasan-perera/st/stm32cubeide_2.1.1_3/plugins/com.st.stm32cube.ide.mcu.externaltools.gnu-tools-for-stm32.14.3.rel1.linux64_1.0.100.202602081740/tools/bin/../lib/gcc/arm-none-eabi/14.3.1/thumb/v7e-m+dp/hard/crtbegin.o
                0x08012e98                        PROVIDE (__init_array_end = .)

.fini_array     0x08012e98        0x4
                [!provide]                        PROVIDE (__fini_array_start = .)
 *(SORT_BY_NAME(.fini_array.*))
 *(.fini_array*)
 .fini_array    0x08012e98        0x4 /home/lasan-perera/st/stm32cubeide_2.1.1_3/plugins/com.st.stm32cube.ide.mcu.externaltools.gnu-tools-for-stm32.14.3.rel1.linux64_1.0.100.202602081740/tools/bin/../lib/gcc/arm-none-eabi/14.3.1/thumb/v7e-m+dp/hard/crtbegin.o
                [!provide]                        PROVIDE (__fini_array_end = .)
                0x08012e9c                        _sidata = LOADADDR (.data)

.rel.dyn        0x08012e9c        0x0
 .rel.iplt      0x08012e9c        0x0 /home/lasan-perera/st/stm32cubeide_2.1.1_3/plugins/com.st.stm32cube.ide.mcu.externaltools.gnu-tools-for-stm32.14.3.rel1.linux64_1.0.100.202602081740/tools/bin/../lib/gcc/arm-none-eabi/14.3.1/thumb/v7e-m+dp/hard/crtbegin.o

.data           0x24000000      0x104 load address 0x08012e9c
                0x24000000                        . = ALIGN (0x4)
                0x24000000                        _sdata = .
 *(.data)
 *(.data*)
 .data.SystemCoreClock
                0x24000000        0x4 ./Core/Src/system_stm32h7xx.o
                0x24000000                SystemCoreClock
 .data.SystemD2Clock
                0x24000004        0x4 ./Core/Src/system_stm32h7xx.o
                0x24000004                SystemD2Clock
 .data.uwTickPrio
                0x24000008        0x4 ./Drivers/STM32H7xx_HAL_Driver/Src/stm32h7xx_hal.o
                0x24000008                uwTickPrio
 .data.uwTickFreq
                0x2400000c        0x1 ./Drivers/STM32H7xx_HAL_Driver/Src/stm32h7xx_hal.o
                0x2400000c                uwTickFreq
 .data.Stat     0x2400000d        0x1 ./FATFS/Target/sd_diskio.o
 *fill*         0x2400000e        0x2 
 .data.USBD_CDC_DeviceQualifierDesc
                0x24000010        0xa ./Middlewares/ST/STM32_USB_Device_Library/Class/CDC/Src/usbd_cdc.o
 *fill*         0x2400001a        0x2 
 .data.USBD_CDC
                0x2400001c       0x38 ./Middlewares/ST/STM32_USB_Device_Library/Class/CDC/Src/usbd_cdc.o
                0x2400001c                USBD_CDC
 .data.USBD_CDC_CfgDesc
                0x24000054       0x43 ./Middlewares/ST/STM32_USB_Device_Library/Class/CDC/Src/usbd_cdc.o
 .data.CDCInEpAdd
                0x24000097        0x1 ./Middlewares/ST/STM32_USB_Device_Library/Class/CDC/Src/usbd_cdc.o
 .data.CDCOutEpAdd
                0x24000098        0x1 ./Middlewares/ST/STM32_USB_Device_Library/Class/CDC/Src/usbd_cdc.o
 .data.CDCCmdEpAdd
                0x24000099        0x1 ./Middlewares/ST/STM32_USB_Device_Library/Class/CDC/Src/usbd_cdc.o
 *fill*         0x2400009a        0x2 
 .data.USBD_Interface_fops_FS
                0x2400009c       0x14 ./USB_DEVICE/App/usbd_cdc_if.o
                0x2400009c                USBD_Interface_fops_FS
 .data.FS_Desc  0x240000b0       0x20 ./USB_DEVICE/App/usbd_desc.o
                0x240000b0                FS_Desc
 .data.USBD_FS_DeviceDesc
                0x240000d0       0x12 ./USB_DEVICE/App/usbd_desc.o
                0x240000d0                USBD_FS_DeviceDesc
 *fill*         0x240000e2        0x2 
 .data.USBD_LangIDDesc
                0x240000e4        0x4 ./USB_DEVICE/App/usbd_desc.o
                0x240000e4                USBD_LangIDDesc
 .data.USBD_StringSerial
                0x240000e8       0x1a ./USB_DEVICE/App/usbd_desc.o
                0x240000e8                USBD_StringSerial
 *(.RamFunc)
 *(.RamFunc*)
                0x24000104                        . = ALIGN (0x4)
 *fill*         0x24000102        0x2 
                0x24000104                        _edata = .

.igot.plt       0x24000104        0x0 load address 0x08012fa0
 .igot.plt      0x24000104        0x0 /home/lasan-perera/st/stm32cubeide_2.1.1_3/plugins/com.st.stm32cube.ide.mcu.externaltools.gnu-tools-for-stm32.14.3.rel1.linux64_1.0.100.202602081740/tools/bin/../lib/gcc/arm-none-eabi/14.3.1/thumb/v7e-m+dp/hard/crtbegin.o
                0x24000104                        . = ALIGN (0x4)

.bss            0x24000104     0x2114 load address 0x08012fa0
                0x24000104                        _sbss = .
                0x24000104                        __bss_start__ = _sbss
 *(.bss)
 .bss           0x24000104       0x1c /home/lasan-perera/st/stm32cubeide_2.1.1_3/plugins/com.st.stm32cube.ide.mcu.externaltools.gnu-tools-for-stm32.14.3.rel1.linux64_1.0.100.202602081740/tools/bin/../lib/gcc/arm-none-eabi/14.3.1/thumb/v7e-m+dp/hard/crtbegin.o
 *(.bss*)
 .bss.hsd1      0x24000120       0x7c ./Core/Src/main.o
                0x24000120                hsd1
 .bss.hspi1     0x2400019c       0x88 ./Core/Src/main.o
                0x2400019c                hspi1
 .bss.hspi3     0x24000224       0x88 ./Core/Src/main.o
                0x24000224                hspi3
 .bss.hdma_spi1_rx
                0x240002ac       0x78 ./Core/Src/main.o
                0x240002ac                hdma_spi1_rx
 .bss.hdma_spi1_tx
                0x24000324       0x78 ./Core/Src/main.o
                0x24000324                hdma_spi1_tx
 .bss.htim1     0x2400039c       0x4c ./Core/Src/main.o
                0x2400039c                htim1
 .bss.htim2     0x240003e8       0x4c ./Core/Src/main.o
                0x240003e8                htim2
 .bss.htim6     0x24000434       0x4c ./Core/Src/main.o
                0x24000434                htim6
 .bss.huart3    0x24000480       0x94 ./Core/Src/main.o
                0x24000480                huart3
 .bss.motors    0x24000514      0x108 ./Core/Src/main.o
                0x24000514                motors
 .bss.uwTick    0x2400061c        0x4 ./Drivers/STM32H7xx_HAL_Driver/Src/stm32h7xx_hal.o
                0x2400061c                uwTick
 .bss.retSD     0x24000620        0x1 ./FATFS/App/fatfs.o
                0x24000620                retSD
 *fill*         0x24000621        0x3 
 .bss.SDPath    0x24000624        0x4 ./FATFS/App/fatfs.o
                0x24000624                SDPath
 .bss.cfgidx.0  0x24000628        0x1 ./Middlewares/ST/STM32_USB_Device_Library/Core/Src/usbd_ctlreq.o
 *fill*         0x24000629        0x3 
 .bss.disk      0x2400062c        0xc ./Middlewares/Third_Party/FatFs/src/ff_gen_drv.o
                0x2400062c                disk
 .bss.hUsbDeviceFS
                0x24000638      0x2dc ./USB_DEVICE/App/usb_device.o
                0x24000638                hUsbDeviceFS
 .bss.UserRxBufferFS
                0x24000914      0x800 ./USB_DEVICE/App/usbd_cdc_if.o
                0x24000914                UserRxBufferFS
 .bss.UserTxBufferFS
                0x24001114      0x800 ./USB_DEVICE/App/usbd_cdc_if.o
                0x24001114                UserTxBufferFS
 .bss.USBD_StrDesc
                0x24001914      0x200 ./USB_DEVICE/App/usbd_desc.o
                0x24001914                USBD_StrDesc
 .bss.hpcd_USB_OTG_FS
                0x24001b14      0x4e4 ./USB_DEVICE/Target/usbd_conf.o
                0x24001b14                hpcd_USB_OTG_FS
 .bss.mem.0     0x24001ff8      0x220 ./USB_DEVICE/Target/usbd_conf.o
 *(COMMON)
                0x24002218                        . = ALIGN (0x4)
                0x24002218                        _ebss = .
                0x24002218                        __bss_end__ = _ebss

._user_heap_stack
                0x24002218      0x600 load address 0x08012fa0
                0x24002218                        . = ALIGN (0x8)
                [!provide]                        PROVIDE (end = .)
                0x24002218                        PROVIDE (_end = .)
                0x24002418                        . = (. + _Min_Heap_Size)
 *fill*         0x24002218      0x200 
                0x24002818                        . = (. + _Min_Stack_Size)
 *fill*         0x24002418      0x400 
                0x24002818                        . = ALIGN (0x8)

/DISCARD/
 libc.a(*)
 libm.a(*)
 libgcc.a(*)

.ARM.attributes
                0x00000000       0x2e
 *(.ARM.attributes)
 .ARM.attributes
                0x00000000       0x20 /home/lasan-perera/st/stm32cubeide_2.1.1_3/plugins/com.st.stm32cube.ide.mcu.externaltools.gnu-tools-for-stm32.14.3.rel1.linux64_1.0.100.202602081740/tools/bin/../lib/gcc/arm-none-eabi/14.3.1/thumb/v7e-m+dp/hard/crti.o
 .ARM.attributes
                0x00000020       0x32 /home/lasan-perera/st/stm32cubeide_2.1.1_3/plugins/com.st.stm32cube.ide.mcu.externaltools.gnu-tools-for-stm32.14.3.rel1.linux64_1.0.100.202602081740/tools/bin/../lib/gcc/arm-none-eabi/14.3.1/thumb/v7e-m+dp/hard/crtbegin.o
 .ARM.attributes
                0x00000052       0x32 ./Core/Src/main.o
 .ARM.attributes
                0x00000084       0x32 ./Core/Src/stm32h7xx_hal_msp.o
 .ARM.attributes
                0x000000b6       0x32 ./Core/Src/stm32h7xx_it.o
 .ARM.attributes
                0x000000e8       0x32 ./Core/Src/system_stm32h7xx.o
 .ARM.attributes
                0x0000011a       0x21 ./Core/Startup/startup_stm32h743vitx.o
 .ARM.attributes
                0x0000013b       0x32 ./Drivers/STM32H7xx_HAL_Driver/Src/stm32h7xx_hal.o
 .ARM.attributes
                0x0000016d       0x32 ./Drivers/STM32H7xx_HAL_Driver/Src/stm32h7xx_hal_cortex.o
 .ARM.attributes
                0x0000019f       0x32 ./Drivers/STM32H7xx_HAL_Driver/Src/stm32h7xx_hal_dma.o
 .ARM.attributes
                0x000001d1       0x32 ./Drivers/STM32H7xx_HAL_Driver/Src/stm32h7xx_hal_gpio.o
 .ARM.attributes
                0x00000203       0x32 ./Drivers/STM32H7xx_HAL_Driver/Src/stm32h7xx_hal_pcd.o
 .ARM.attributes
                0x00000235       0x32 ./Drivers/STM32H7xx_HAL_Driver/Src/stm32h7xx_hal_pcd_ex.o
 .ARM.attributes
                0x00000267       0x32 ./Drivers/STM32H7xx_HAL_Driver/Src/stm32h7xx_hal_pwr_ex.o
 .ARM.attributes
                0x00000299       0x32 ./Drivers/STM32H7xx_HAL_Driver/Src/stm32h7xx_hal_rcc.o
 .ARM.attributes
                0x000002cb       0x32 ./Drivers/STM32H7xx_HAL_Driver/Src/stm32h7xx_hal_rcc_ex.o
 .ARM.attributes
                0x000002fd       0x32 ./Drivers/STM32H7xx_HAL_Driver/Src/stm32h7xx_hal_sd.o
 .ARM.attributes
                0x0000032f       0x32 ./Drivers/STM32H7xx_HAL_Driver/Src/stm32h7xx_hal_spi.o
 .ARM.attributes
                0x00000361       0x32 ./Drivers/STM32H7xx_HAL_Driver/Src/stm32h7xx_hal_tim.o
 .ARM.attributes
                0x00000393       0x32 ./Drivers/STM32H7xx_HAL_Driver/Src/stm32h7xx_hal_tim_ex.o
 .ARM.attributes
                0x000003c5       0x32 ./Drivers/STM32H7xx_HAL_Driver/Src/stm32h7xx_hal_uart.o
 .ARM.attributes
                0x000003f7       0x32 ./Drivers/STM32H7xx_HAL_Driver/Src/stm32h7xx_hal_uart_ex.o
 .ARM.attributes
                0x00000429       0x32 ./Drivers/STM32H7xx_HAL_Driver/Src/stm32h7xx_ll_sdmmc.o
 .ARM.attributes
                0x0000045b       0x32 ./Drivers/STM32H7xx_HAL_Driver/Src/stm32h7xx_ll_usb.o
 .ARM.attributes
                0x0000048d       0x32 ./FATFS/App/fatfs.o
 .ARM.attributes
                0x000004bf       0x32 ./FATFS/Target/bsp_driver_sd.o
 .ARM.attributes
                0x000004f1       0x32 ./FATFS/Target/sd_diskio.o
 .ARM.attributes
                0x00000523       0x32 ./Middlewares/ST/STM32_USB_Device_Library/Class/CDC/Src/usbd_cdc.o
 .ARM.attributes
                0x00000555       0x32 ./Middlewares/ST/STM32_USB_Device_Library/Core/Src/usbd_core.o
 .ARM.attributes
                0x00000587       0x32 ./Middlewares/ST/STM32_USB_Device_Library/Core/Src/usbd_ctlreq.o
 .ARM.attributes
                0x000005b9       0x32 ./Middlewares/ST/STM32_USB_Device_Library/Core/Src/usbd_ioreq.o
 .ARM.attributes
                0x000005eb       0x32 ./Middlewares/Third_Party/FatFs/src/ff_gen_drv.o
 .ARM.attributes
                0x0000061d       0x32 ./USB_DEVICE/App/usb_device.o
 .ARM.attributes
                0x0000064f       0x32 ./USB_DEVICE/App/usbd_cdc_if.o
 .ARM.attributes
                0x00000681       0x32 ./USB_DEVICE/App/usbd_desc.o
 .ARM.attributes
                0x000006b3       0x32 ./USB_DEVICE/Target/usbd_conf.o
 .ARM.attributes
                0x000006e5       0x32 /home/lasan-perera/st/stm32cubeide_2.1.1_3/plugins/com.st.stm32cube.ide.mcu.externaltools.gnu-tools-for-stm32.14.3.rel1.linux64_1.0.100.202602081740/tools/bin/../lib/gcc/arm-none-eabi/14.3.1/../../../../arm-none-eabi/lib/thumb/v7e-m+dp/hard/libc_nano.a(libc_a-memset.o)
 .ARM.attributes
                0x00000717       0x32 /home/lasan-perera/st/stm32cubeide_2.1.1_3/plugins/com.st.stm32cube.ide.mcu.externaltools.gnu-tools-for-stm32.14.3.rel1.linux64_1.0.100.202602081740/tools/bin/../lib/gcc/arm-none-eabi/14.3.1/../../../../arm-none-eabi/lib/thumb/v7e-m+dp/hard/libc_nano.a(libc_a-init.o)
 .ARM.attributes