../Core/Src/main.c:112:5:main	40	static
../Core/Src/main.c:177:6:SystemClock_Config	120	static
../Core/Src/main.c:236:13:MX_SDMMC1_SD_Init	8	static
../Core/Src/main.c:267:13:MX_SPI1_Init	8	static
../Core/Src/main.c:315:13:MX_SPI3_Init	8	static
../Core/Src/main.c:363:13:MX_TIM1_Init	112	static
../Core/Src/main.c:451:13:MX_TIM2_Init	64	static
../Core/Src/main.c:514:13:MX_TIM6_Init	24	static
../Core/Src/main.c:552:13:MX_USART3_UART_Init	8	static
../Core/Src/main.c:598:13:MX_DMA_Init	16	static
../Core/Src/main.c:619:13:MX_GPIO_Init	56	static
../Core/Src/main.c:731:6:Stepper_InitAll	16	static
../Core/Src/main.c:789:6:Stepper_MoveAll	24	static
../Core/Src/main.c:800:9:Stepper_AnyMoving	16	static
../Core/Src/main.c:809:6:Stepper_Update	32	static
../Core/Src/main.c:858:6:HAL_TIM_PeriodElapsedCallback	24	static
../Core/Src/main.c:873:6:MPU_Config	24	static
../Core/Src/main.c:904:6:Error_Handler	4	static,ignoring_inline_asm
