../Core/Src/main.c:116:5:main	40	static
../Core/Src/main.c:183:6:SystemClock_Config	120	static
../Core/Src/main.c:242:13:MX_SDMMC1_SD_Init	8	static
../Core/Src/main.c:273:13:MX_SPI1_Init	8	static
../Core/Src/main.c:321:13:MX_SPI3_Init	8	static
../Core/Src/main.c:369:13:MX_TIM1_Init	112	static
../Core/Src/main.c:457:13:MX_TIM2_Init	64	static
../Core/Src/main.c:520:13:MX_TIM6_Init	24	static
../Core/Src/main.c:558:13:MX_USART3_UART_Init	8	static
../Core/Src/main.c:604:13:MX_DMA_Init	16	static
../Core/Src/main.c:625:13:MX_GPIO_Init	56	static
../Core/Src/main.c:780:6:Stepper_SetEnableM1M2M3	16	static
../Core/Src/main.c:790:6:Stepper_InitAll	16	static
../Core/Src/main.c:849:6:Stepper_MoveAll	24	static
../Core/Src/main.c:860:9:Stepper_AnyMoving	16	static
../Core/Src/main.c:869:6:Stepper_Update	32	static
../Core/Src/main.c:927:6:HAL_TIM_PeriodElapsedCallback	24	static
../Core/Src/main.c:942:6:MPU_Config	24	static
../Core/Src/main.c:973:6:Error_Handler	4	static,ignoring_inline_asm
