../Core/Src/main.c:140:5:main	440	static
../Core/Src/main.c:251:6:SystemClock_Config	120	static
../Core/Src/main.c:311:13:MX_SDMMC1_SD_Init	8	static
../Core/Src/main.c:342:13:MX_SPI1_Init	8	static
../Core/Src/main.c:390:13:MX_SPI3_Init	8	static
../Core/Src/main.c:438:13:MX_TIM1_Init	112	static
../Core/Src/main.c:526:13:MX_TIM2_Init	64	static
../Core/Src/main.c:589:13:MX_TIM6_Init	24	static
../Core/Src/main.c:627:13:MX_USART3_UART_Init	8	static
../Core/Src/main.c:673:13:MX_DMA_Init	16	static
../Core/Src/main.c:694:13:MX_GPIO_Init	56	static
../Core/Src/main.c:843:6:Stepper_SetEnableM1M2M3	16	static
../Core/Src/main.c:853:6:Stepper_InitAll	16	static
../Core/Src/main.c:913:6:Stepper_MoveAll	24	static
../Core/Src/main.c:922:6:Stepper_MoveAllJoints	24	static
../Core/Src/main.c:933:9:Stepper_AnyMoving	16	static
../Core/Src/main.c:942:6:Stepper_Update	32	static
../Core/Src/main.c:1000:6:HAL_TIM_PeriodElapsedCallback	24	static
../Core/Src/main.c:1015:6:MPU_Config	24	static
../Core/Src/main.c:1046:6:Error_Handler	16	static,ignoring_inline_asm
