../Core/Src/main.c:172:5:main	464	static
../Core/Src/main.c:309:6:SystemClock_Config	120	static
../Core/Src/main.c:369:13:MX_SDMMC1_SD_Init	8	static
../Core/Src/main.c:400:13:MX_SPI1_Init	8	static
../Core/Src/main.c:448:13:MX_SPI3_Init	8	static
../Core/Src/main.c:496:13:MX_TIM1_Init	112	static
../Core/Src/main.c:584:13:MX_TIM2_Init	64	static
../Core/Src/main.c:647:13:MX_TIM6_Init	24	static
../Core/Src/main.c:685:13:MX_USART3_UART_Init	8	static
../Core/Src/main.c:731:13:MX_DMA_Init	16	static
../Core/Src/main.c:752:13:MX_GPIO_Init	56	static
../Core/Src/main.c:891:6:Gripper_Init	16	static
../Core/Src/main.c:901:13:Gripper_SetPulse	16	static
../Core/Src/main.c:906:6:Gripper_Open	8	static
../Core/Src/main.c:907:6:Gripper_Close	8	static
../Core/Src/main.c:910:10:AS5047P_ReadRaw	32	static
../Core/Src/main.c:926:6:Encoder_UpdateTicks	24	static
../Core/Src/main.c:940:6:AS5047P_ClearErrorCS	32	static
../Core/Src/main.c:954:7:AS5047P_ReadJoint	32	static
../Core/Src/main.c:972:6:Encoders_ReadAll	24	static
../Core/Src/main.c:979:6:Buzzer_SetFreq	32	static
../Core/Src/main.c:1016:6:Stepper_SetEnableM1M2M3	16	static
../Core/Src/main.c:1034:6:Stepper_SetEnableM4M5M6	16	static
../Core/Src/main.c:1041:6:Stepper_InitAll	16	static
../Core/Src/main.c:1101:6:Stepper_MoveAll	24	static
../Core/Src/main.c:1110:6:Stepper_MoveAllJoints	24	static
../Core/Src/main.c:1121:9:Stepper_AnyMoving	16	static
../Core/Src/main.c:1130:6:Stepper_Update	32	static
../Core/Src/main.c:1188:6:HAL_TIM_PeriodElapsedCallback	24	static
../Core/Src/main.c:1203:6:MPU_Config	24	static
../Core/Src/main.c:1234:6:Error_Handler	16	static,ignoring_inline_asm
