../Core/Src/main.c:130:5:main	232	static
../Core/Src/main.c:206:6:SystemClock_Config	120	static
../Core/Src/main.c:266:13:MX_SDMMC1_SD_Init	8	static
../Core/Src/main.c:297:13:MX_SPI1_Init	8	static
../Core/Src/main.c:345:13:MX_SPI3_Init	8	static
../Core/Src/main.c:393:13:MX_TIM1_Init	112	static
../Core/Src/main.c:481:13:MX_TIM2_Init	64	static
../Core/Src/main.c:544:13:MX_TIM6_Init	24	static
../Core/Src/main.c:582:13:MX_USART3_UART_Init	8	static
../Core/Src/main.c:628:13:MX_DMA_Init	16	static
../Core/Src/main.c:649:13:MX_GPIO_Init	56	static
../Core/Src/main.c:798:6:Stepper_SetEnableM1M2M3	16	static
../Core/Src/main.c:808:6:Stepper_InitAll	16	static
../Core/Src/main.c:868:6:Stepper_MoveAll	24	static
../Core/Src/main.c:877:6:Stepper_MoveAllJoints	24	static
../Core/Src/main.c:888:9:Stepper_AnyMoving	16	static
../Core/Src/main.c:897:6:Stepper_Update	32	static
../Core/Src/main.c:955:6:HAL_TIM_PeriodElapsedCallback	24	static
../Core/Src/main.c:970:6:MPU_Config	24	static
../Core/Src/main.c:1001:6:Error_Handler	16	static,ignoring_inline_asm
