../Core/Src/main.c:195:5:main	312	static
../Core/Src/main.c:379:6:SystemClock_Config	120	static
../Core/Src/main.c:439:13:MX_SDMMC1_SD_Init	8	static
../Core/Src/main.c:470:13:MX_SPI1_Init	8	static
../Core/Src/main.c:518:13:MX_SPI3_Init	8	static
../Core/Src/main.c:566:13:MX_TIM1_Init	112	static
../Core/Src/main.c:654:13:MX_TIM2_Init	64	static
../Core/Src/main.c:717:13:MX_TIM6_Init	24	static
../Core/Src/main.c:755:13:MX_USART3_UART_Init	8	static
../Core/Src/main.c:801:13:MX_DMA_Init	16	static
../Core/Src/main.c:822:13:MX_GPIO_Init	56	static
../Core/Src/main.c:960:6:Encoder_Test30	216	static
../Core/Src/main.c:1021:6:Home_J6	296	static
../Core/Src/main.c:1096:6:Home_J5	304	static
../Core/Src/main.c:1185:6:Home_J4	392	static
../Core/Src/main.c:1334:6:Home_All	56	static
../Core/Src/main.c:1386:6:Motor_UpdateEncoder	40	static
../Core/Src/main.c:1423:6:Gripper_Init	16	static
../Core/Src/main.c:1436:13:Gripper_SetPulse	16	static
../Core/Src/main.c:1440:6:Gripper_Open	8	static
../Core/Src/main.c:1443:6:Gripper_Close	8	static
../Core/Src/main.c:1448:10:AS5047P_ReadRaw	32	static
../Core/Src/main.c:1487:6:Encoder_UpdateTicks	24	static
../Core/Src/main.c:1507:6:AS5047P_ClearErrorCS	32	static
../Core/Src/main.c:1536:17:AS5047P_SPITransfer	32	static
../Core/Src/main.c:1559:7:AS5047P_ReadJoint	40	static
../Core/Src/main.c:1594:6:Buzzer_SetFreq	32	static
../Core/Src/main.c:1630:6:Stepper_SetEnableM1M2M3	16	static
../Core/Src/main.c:1650:6:Stepper_SetEnableM4M5M6	16	static
../Core/Src/main.c:1659:6:Stepper_InitAll	24	static
../Core/Src/main.c:1729:6:Stepper_MoveAll	24	static
../Core/Src/main.c:1736:6:Stepper_MoveAllJoints	24	static
../Core/Src/main.c:1745:9:Stepper_AnyMoving	16	static
../Core/Src/main.c:1753:6:Stepper_Update	32	static
../Core/Src/main.c:1806:6:HAL_TIM_PeriodElapsedCallback	24	static
../Core/Src/main.c:1825:6:MPU_Config	24	static
../Core/Src/main.c:1856:6:Error_Handler	16	static,ignoring_inline_asm
